Archive member included to satisfy reference by file (symbol)

C:/ST/STM32CubeIDE_1.16.1/STM32CubeIDE/plugins/com.st.stm32cube.ide.mcu.externaltools.gnu-tools-for-stm32.12.3.rel1.win32_1.0.200.202406191623/tools/bin/../lib/gcc/arm-none-eabi/12.3.1/../../../../arm-none-eabi/lib/thumb/v7e-m+dp/hard\libc_nano.a(libc_a-exit.o)
                              C:/ST/STM32CubeIDE_1.16.1/STM32CubeIDE/plugins/com.st.stm32cube.ide.mcu.externaltools.gnu-tools-for-stm32.12.3.rel1.win32_1.0.200.202406191623/tools/bin/../lib/gcc/arm-none-eabi/12.3.1/../../../../arm-none-eabi/lib/thumb/v7e-m+dp/hard/crt0.o (exit)
C:/ST/STM32CubeIDE_1.16.1/STM32CubeIDE/plugins/com.st.stm32cube.ide.mcu.externaltools.gnu-tools-for-stm32.12.3.rel1.win32_1.0.200.202406191623/tools/bin/../lib/gcc/arm-none-eabi/12.3.1/../../../../arm-none-eabi/lib/thumb/v7e-m+dp/hard\libc_nano.a(libc_a-findfp.o)
                              C:/ST/STM32CubeIDE_1.16.1/STM32CubeIDE/plugins/com.st.stm32cube.ide.mcu.externaltools.gnu-tools-for-stm32.12.3.rel1.win32_1.0.200.202406191623/tools/bin/../lib/gcc/arm-none-eabi/12.3.1/../../../../arm-none-eabi/lib/thumb/v7e-m+dp/hard\libc_nano.a(libc_a-exit.o) (__stdio_exit_handler)
C:/ST/STM32CubeIDE_1.16.1/STM32CubeIDE/plugins/com.st.stm32cube.ide.mcu.externaltools.gnu-tools-for-stm32.12.3.rel1.win32_1.0.200.202406191623/tools/bin/../lib/gcc/arm-none-eabi/12.3.1/../../../../arm-none-eabi/lib/thumb/v7e-m+dp/hard\libc_nano.a(libc_a-fwalk.o)
                              C:/ST/STM32CubeIDE_1.16.1/STM32CubeIDE/plugins/com.st.stm32cube.ide.mcu.externaltools.gnu-tools-for-stm32.12.3.rel1.win32_1.0.200.202406191623/tools/bin/../lib/gcc/arm-none-eabi/12.3.1/../../../../arm-none-eabi/lib/thumb/v7e-m+dp/hard\libc_nano.a(libc_a-findfp.o) (_fwalk_sglue)
C:/ST/STM32CubeIDE_1.16.1/STM32CubeIDE/plugins/com.st.stm32cube.ide.mcu.externaltools.gnu-tools-for-stm32.12.3.rel1.win32_1.0.200.202406191623/tools/bin/../lib/gcc/arm-none-eabi/12.3.1/../../../../arm-none-eabi/lib/thumb/v7e-m+dp/hard\libc_nano.a(libc_a-sprintf.o)
                              ./Application/User/Core/main.o (sprintf)
C:/ST/STM32CubeIDE_1.16.1/STM32CubeIDE/plugins/com.st.stm32cube.ide.mcu.externaltools.gnu-tools-for-stm32.12.3.rel1.win32_1.0.200.202406191623/tools/bin/../lib/gcc/arm-none-eabi/12.3.1/../../../../arm-none-eabi/lib/thumb/v7e-m+dp/hard\libc_nano.a(libc_a-stdio.o)
                              C:/ST/STM32CubeIDE_1.16.1/STM32CubeIDE/plugins/com.st.stm32cube.ide.mcu.externaltools.gnu-tools-for-stm32.12.3.rel1.win32_1.0.200.202406191623/tools/bin/../lib/gcc/arm-none-eabi/12.3.1/../../../../arm-none-eabi/lib/thumb/v7e-m+dp/hard\libc_nano.a(libc_a-findfp.o) (__sread)
C:/ST/STM32CubeIDE_1.16.1/STM32CubeIDE/plugins/com.st.stm32cube.ide.mcu.externaltools.gnu-tools-for-stm32.12.3.rel1.win32_1.0.200.202406191623/tools/bin/../lib/gcc/arm-none-eabi/12.3.1/../../../../arm-none-eabi/lib/thumb/v7e-m+dp/hard\libc_nano.a(libc_a-memset.o)
                              C:/ST/STM32CubeIDE_1.16.1/STM32CubeIDE/plugins/com.st.stm32cube.ide.mcu.externaltools.gnu-tools-for-stm32.12.3.rel1.win32_1.0.200.202406191623/tools/bin/../lib/gcc/arm-none-eabi/12.3.1/../../../../arm-none-eabi/lib/thumb/v7e-m+dp/hard/crt0.o (memset)
C:/ST/STM32CubeIDE_1.16.1/STM32CubeIDE/plugins/com.st.stm32cube.ide.mcu.externaltools.gnu-tools-for-stm32.12.3.rel1.win32_1.0.200.202406191623/tools/bin/../lib/gcc/arm-none-eabi/12.3.1/../../../../arm-none-eabi/lib/thumb/v7e-m+dp/hard\libc_nano.a(libc_a-strncmp.o)
                              ./Application/User/Core/main.o (strncmp)
C:/ST/STM32CubeIDE_1.16.1/STM32CubeIDE/plugins/com.st.stm32cube.ide.mcu.externaltools.gnu-tools-for-stm32.12.3.rel1.win32_1.0.200.202406191623/tools/bin/../lib/gcc/arm-none-eabi/12.3.1/../../../../arm-none-eabi/lib/thumb/v7e-m+dp/hard\libc_nano.a(libc_a-closer.o)
                              C:/ST/STM32CubeIDE_1.16.1/STM32CubeIDE/plugins/com.st.stm32cube.ide.mcu.externaltools.gnu-tools-for-stm32.12.3.rel1.win32_1.0.200.202406191623/tools/bin/../lib/gcc/arm-none-eabi/12.3.1/../../../../arm-none-eabi/lib/thumb/v7e-m+dp/hard\libc_nano.a(libc_a-stdio.o) (_close_r)
C:/ST/STM32CubeIDE_1.16.1/STM32CubeIDE/plugins/com.st.stm32cube.ide.mcu.externaltools.gnu-tools-for-stm32.12.3.rel1.win32_1.0.200.202406191623/tools/bin/../lib/gcc/arm-none-eabi/12.3.1/../../../../arm-none-eabi/lib/thumb/v7e-m+dp/hard\libc_nano.a(libc_a-reent.o)
                              C:/ST/STM32CubeIDE_1.16.1/STM32CubeIDE/plugins/com.st.stm32cube.ide.mcu.externaltools.gnu-tools-for-stm32.12.3.rel1.win32_1.0.200.202406191623/tools/bin/../lib/gcc/arm-none-eabi/12.3.1/../../../../arm-none-eabi/lib/thumb/v7e-m+dp/hard\libc_nano.a(libc_a-closer.o) (errno)
C:/ST/STM32CubeIDE_1.16.1/STM32CubeIDE/plugins/com.st.stm32cube.ide.mcu.externaltools.gnu-tools-for-stm32.12.3.rel1.win32_1.0.200.202406191623/tools/bin/../lib/gcc/arm-none-eabi/12.3.1/../../../../arm-none-eabi/lib/thumb/v7e-m+dp/hard\libc_nano.a(libc_a-impure.o)
[...]
Memory Configuration

Name             Origin             Length             Attributes
FLASH            0x08000000         0x00200000         xr
DTCMRAM          0x20000000         0x00020000         xrw
RAM_D1           0x24000000         0x00080000         xrw
RAM_D2           0x30000000         0x00048000         xrw
RAM_D3           0x38000000         0x00010000         xrw
ITCMRAM          0x00000000         0x00010000         xrw
*default*        0x00000000         0xffffffff

Linker script and memory map

LOAD C:/ST/STM32CubeIDE_1.16.1/STM32CubeIDE/plugins/com.st.stm32cube.ide.mcu.externaltools.gnu-tools-for-stm32.12.3.rel1.win32_1.0.200.202406191623/tools/bin/../lib/gcc/arm-none-eabi/12.3.1/thumb/v7e-m+dp/hard/crti.o
LOAD C:/ST/STM32CubeIDE_1.16.1/STM32CubeIDE/plugins/com.st.stm32cube.ide.mcu.externaltools.gnu-tools-for-stm32.12.3.rel1.win32_1.0.200.202406191623/tools/bin/../lib/gcc/arm-none-eabi/12.3.1/thumb/v7e-m+dp/hard/crtbegin.o
LOAD C:/ST/STM32CubeIDE_1.16.1/STM32CubeIDE/plugins/com.st.stm32cube.ide.mcu.externaltools.gnu-tools-for-stm32.12.3.rel1.win32_1.0.200.202406191623/tools/bin/../lib/gcc/arm-none-eabi/12.3.1/../../../../arm-none-eabi/lib/thumb/v7e-m+dp/hard/crt0.o
LOAD ./Application/User/Core/main.o
LOAD ./Application/User/Core/stm32h7xx_hal_msp.o
LOAD ./Application/User/Core/stm32h7xx_it.o
LOAD ./Application/User/Core/syscalls.o
LOAD ./Application/User/Core/sysmem.o
LOAD ./Application/User/Startup/startup_stm32h753zitx.o
LOAD ./Drivers/CMSIS/system_stm32h7xx.o
LOAD ./Drivers/STM32H7xx_HAL_Driver/stm32h7xx_hal.o
LOAD ./Drivers/STM32H7xx_HAL_Driver/stm32h7xx_hal_cortex.o
LOAD ./Drivers/STM32H7xx_HAL_Driver/stm32h7xx_hal_dma.o
LOAD ./Drivers/STM32H7xx_HAL_Driver/stm32h7xx_hal_dma_ex.o
LOAD ./Drivers/STM32H7xx_HAL_Driver/stm32h7xx_hal_eth.o
LOAD ./Drivers/STM32H7xx_HAL_Driver/stm32h7xx_hal_eth_ex.o
LOAD ./Drivers/STM32H7xx_HAL_Driver/stm32h7xx_hal_exti.o
LOAD ./Drivers/STM32H7xx_HAL_Driver/stm32h7xx_hal_flash.o
LOAD ./Drivers/STM32H7xx_HAL_Driver/stm32h7xx_hal_flash_ex.o
LOAD ./Drivers/STM32H7xx_HAL_Driver/stm32h7xx_hal_gpio.o
LOAD ./Drivers/STM32H7xx_HAL_Driver/stm32h7xx_hal_hsem.o
LOAD ./Drivers/STM32H7xx_HAL_Driver/stm32h7xx_hal_i2c.o
LOAD ./Drivers/STM32H7xx_HAL_Driver/stm32h7xx_hal_i2c_ex.o
LOAD ./Drivers/STM32H7xx_HAL_Driver/stm32h7xx_hal_mdma.o
LOAD ./Drivers/STM32H7xx_HAL_Driver/stm32h7xx_hal_pcd.o
LOAD ./Drivers/STM32H7xx_HAL_Driver/stm32h7xx_hal_pcd_ex.o
LOAD ./Drivers/STM32H7xx_HAL_Driver/stm32h7xx_hal_pwr.o
LOAD ./Drivers/STM32H7xx_HAL_Driver/stm32h7xx_hal_pwr_ex.o
LOAD ./Drivers/STM32H7xx_HAL_Driver/stm32h7xx_hal_rcc.o
LOAD ./Drivers/STM32H7xx_HAL_Driver/stm32h7xx_hal_rcc_ex.o
LOAD ./Drivers/STM32H7xx_HAL_Driver/stm32h7xx_hal_spi.o
LOAD ./Drivers/STM32H7xx_HAL_Driver/stm32h7xx_hal_spi_ex.o
LOAD ./Drivers/STM32H7xx_HAL_Driver/stm32h7xx_hal_tim.o
LOAD ./Drivers/STM32H7xx_HAL_Driver/stm32h7xx_hal_tim_ex.o
LOAD ./Drivers/STM32H7xx_HAL_Driver/stm32h7xx_hal_uart.o
LOAD ./Drivers/STM32H7xx_HAL_Driver/stm32h7xx_hal_uart_ex.o
LOAD ./Drivers/STM32H7xx_HAL_Driver/stm32h7xx_ll_usb.o
START GROUP
LOAD C:/ST/STM32CubeIDE_1.16.1/STM32CubeIDE/plugins/com.st.stm32cube.ide.mcu.externaltools.gnu-tools-for-stm32.12.3.rel1.win32_1.0.200.202406191623/tools/bin/../lib/gcc/arm-none-eabi/12.3.1/../../../../arm-none-eabi/lib/thumb/v7e-m+dp/hard\libc_nano.a
LOAD C:/ST/STM32CubeIDE_1.16.1/STM32CubeIDE/plugins/com.st.stm32cube.ide.mcu.externaltools.gnu-tools-for-stm32.12.3.rel1.win32_1.0.200.202406191623/tools/bin/../lib/gcc/arm-none-eabi/12.3.1/../../../../arm-none-eabi/lib/thumb/v7e-m+dp/hard\libm.a
END GROUP
START GROUP
LOAD C:/ST/STM32CubeIDE_1.16.1/STM32CubeIDE/plugins/com.st.stm32cube.ide.mcu.externaltools.gnu-tools-for-stm32.12.3.rel1.win32_1.0.200.202406191623/tools/bin/../lib/gcc/arm-none-eabi/12.3.1/thumb/v7e-m+dp/hard\libgcc.a
LOAD C:/ST/STM32CubeIDE_1.16.1/STM32CubeIDE/plugins/com.st.stm32cube.ide.mcu.externaltools.gnu-tools-for-stm32.12.3.rel1.win32_1.0.200.202406191623/tools/bin/../lib/gcc/arm-none-eabi/12.3.1/../../../../arm-none-eabi/lib/thumb/v7e-m+dp/hard\libc_nano.a
END GROUP
START GROUP
LOAD C:/ST/STM32CubeIDE_1.16.1/STM32CubeIDE/plugins/com.st.stm32cube.ide.mcu.externaltools.gnu-tools-for-stm32.12.3.rel1.win32_1.0.200.202406191623/tools/bin/../lib/gcc/arm-none-eabi/12.3.1/thumb/v7e-m+dp/hard\libgcc.a
LOAD C:/ST/STM32CubeIDE_1.16.1/STM32CubeIDE/plugins/com.st.stm32cube.ide.mcu.externaltools.gnu-tools-for-stm32.12.3.rel1.win32_1.0.200.202406191623/tools/bin/../lib/gcc/arm-none-eabi/12.3.1/../../../../arm-none-eabi/lib/thumb/v7e-m+dp/hard\libc_nano.a
LOAD C:/ST/STM32CubeIDE_1.16.1/STM32CubeIDE/plugins/com.st.stm32cube.ide.mcu.externaltools.gnu-tools-for-stm32.12.3.rel1.win32_1.0.200.202406191623/tools/bin/../lib/gcc/arm-none-eabi/12.3.1/../../../../arm-none-eabi/lib/thumb/v7e-m+dp/hard\libnosys.a
END GROUP
START GROUP
LOAD C:/ST/STM32CubeIDE_1.16.1/STM32CubeIDE/plugins/com.st.stm32cube.ide.mcu.externaltools.gnu-tools-for-stm32.12.3.rel1.win32_1.0.200.202406191623/tools/bin/../lib/gcc/arm-none-eabi/12.3.1/thumb/v7e-m+dp/hard\libgcc.a
LOAD C:/ST/STM32CubeIDE_1.16.1/STM32CubeIDE/plugins/com.st.stm32cube.ide.mcu.externaltools.gnu-tools-for-stm32.12.3.rel1.win32_1.0.200.202406191623/tools/bin/../lib/gcc/arm-none-eabi/12.3.1/../../../../arm-none-eabi/lib/thumb/v7e-m+dp/hard\libc_nano.a
LOAD C:/ST/STM32CubeIDE_1.16.1/STM32CubeIDE/plugins/com.st.stm32cube.ide.mcu.externaltools.gnu-tools-for-stm32.12.3.rel1.win32_1.0.200.202406191623/tools/bin/../lib/gcc/arm-none-eabi/12.3.1/../../../../arm-none-eabi/lib/thumb/v7e-m+dp/hard\libnosys.a
END GROUP
LOAD C:/ST/STM32CubeIDE_1.16.1/STM32CubeIDE/plugins/com.st.stm32cube.ide.mcu.externaltools.gnu-tools-for-stm32.12.3.rel1.win32_1.0.200.202406191623/tools/bin/../lib/gcc/arm-none-eabi/12.3.1/thumb/v7e-m+dp/hard/crtend.o
LOAD C:/ST/STM32CubeIDE_1.16.1/STM32CubeIDE/plugins/com.st.stm32cube.ide.mcu.externaltools.gnu-tools-for-stm32.12.3.rel1.win32_1.0.200.202406191623/tools/bin/../lib/gcc/arm-none-eabi/12.3.1/thumb/v7e-m+dp/hard/crtn.o
                0x24080000                        _estack = (ORIGIN (RAM_D1) + LENGTH (RAM_D1))
                0x00000200                        _Min_Heap_Size = 0x200
                0x00000400                        _Min_Stack_Size = 0x400

.isr_vector     0x08000000      0x298
                0x08000000                        . = ALIGN (0x4)
 *(.isr_vector)
 .isr_vector    0x08000000      0x298 ./Application/User/Startup/startup_stm32h753zitx.o
                0x08000000                g_pfnVectors
                0x08000298                        . = ALIGN (0x4)

.text           0x08000298     0x9050
                0x08000298                        . = ALIGN (0x4)
 *(.text)
 .text          0x08000298       0x40 C:/ST/STM32CubeIDE_1.16.1/STM32CubeIDE/plugins/com.st.stm32cube.ide.mcu.externaltools.gnu-tools-for-stm32.12.3.rel1.win32_1.0.200.202406191623/tools/bin/../lib/gcc/arm-none-eabi/12.3.1/thumb/v7e-m+dp/hard/crtbegin.o
 .text          0x080002d8       0x30 C:/ST/STM32CubeIDE_1.16.1/STM32CubeIDE/plugins/com.st.stm32cube.ide.mcu.externaltools.gnu-tools-for-stm32.12.3.rel1.win32_1.0.200.202406191623/tools/bin/../lib/gcc/arm-none-eabi/12.3.1/thumb/v7e-m+dp/hard\libgcc.a(_aeabi_uldivmod.o)
                0x080002d8                __aeabi_uldivmod
 .text          0x08000308      0x2bc C:/ST/STM32CubeIDE_1.16.1/STM32CubeIDE/plugins/com.st.stm32cube.ide.mcu.externaltools.gnu-tools-for-stm32.12.3.rel1.win32_1.0.200.202406191623/tools/bin/../lib/gcc/arm-none-eabi/12.3.1/thumb/v7e-m+dp/hard\libgcc.a(_udivmoddi4.o)
                0x08000308                __udivmoddi4
 .text          0x080005c4        0x4 C:/ST/STM32CubeIDE_1.16.1/STM32CubeIDE/plugins/com.st.stm32cube.ide.mcu.externaltools.gnu-tools-for-stm32.12.3.rel1.win32_1.0.200.202406191623/tools/bin/../lib/gcc/arm-none-eabi/12.3.1/thumb/v7e-m+dp/hard\libgcc.a(_dvmd_tls.o)
                0x080005c4                __aeabi_idiv0
                0x080005c4                __aeabi_ldiv0
 *(.text*)
 .text.main     0x080005c8       0x4e ./Application/User/Core/main.o
                0x080005c8                main
 *fill*         0x08000616        0x2 
 .text.SystemClock_Config
                0x08000618      0x100 ./Application/User/Core/main.o
                0x08000618                SystemClock_Config
 .text.MX_ETH_Init
                0x08000718       0x98 ./Application/User/Core/main.o
 .text.MX_I2C1_Init
                0x080007b0       0x80 ./Application/User/Core/main.o
 .text.MX_SPI1_Init
                0x08000830       0xb0 ./Application/User/Core/main.o
 .text.MX_USART3_UART_Init
                0x080008e0       0x98 ./Application/User/Core/main.o
 .text.MX_USB_OTG_FS_PCD_Init
                0x08000978       0x64 ./Application/User/Core/main.o
 .text.MX_GPIO_Init
                0x080009dc      0x1f4 ./Application/User/Core/main.o
 .text.HAL_GPIO_EXTI_Callback
                0x08000bd0       0x2c ./Application/User/Core/main.o
                0x08000bd0                HAL_GPIO_EXTI_Callback
 .text.MAX7219_SendData
                0x08000bfc       0x4c ./Application/User/Core/main.o
                0x08000bfc                MAX7219_SendData
 .text.DisplayCharacter
                0x08000c48       0x4c ./Application/User/Core/main.o
                0x08000c48                DisplayCharacter
 .text.PCF8591_ReadAnalog
                0x08000c94       0x54 ./Application/User/Core/main.o
                0x08000c94                PCF8591_ReadAnalog
 .text.Error_Handler
                0x08000ce8        0xc ./Application/User/Core/main.o
                0x08000ce8                Error_Handler
 .text.HAL_MspInit
                0x08000cf4       0x34 ./Application/User/Core/stm32h7xx_hal_msp.o
                0x08000cf4                HAL_MspInit
 .text.HAL_ETH_MspInit
                0x08000d28      0x19c ./Application/User/Core/stm32h7xx_hal_msp.o
                0x08000d28                HAL_ETH_MspInit
 .text.HAL_I2C_MspInit
                0x08000ec4       0xd4 ./Application/User/Core/stm32h7xx_hal_msp.o
                0x08000ec4                HAL_I2C_MspInit
 .text.HAL_SPI_MspInit
                0x08000f98      0x140 ./Application/User/Core/stm32h7xx_hal_msp.o
                0x08000f98                HAL_SPI_MspInit
 .text.HAL_UART_MspInit
                0x080010d8       0xe4 ./Application/User/Core/stm32h7xx_hal_msp.o
                0x080010d8                HAL_UART_MspInit
 .text.HAL_PCD_MspInit
                0x080011bc       0xf8 ./Application/User/Core/stm32h7xx_hal_msp.o
                0x080011bc                HAL_PCD_MspInit
 .text.NMI_Handler
                0x080012b4        0x8 ./Application/User/Core/stm32h7xx_it.o
                0x080012b4                NMI_Handler
 .text.HardFault_Handler
                0x080012bc        0x8 ./Application/User/Core/stm32h7xx_it.o
                0x080012bc                HardFault_Handler
 .text.MemManage_Handler
                0x080012c4        0x8 ./Application/User/Core/stm32h7xx_it.o
                0x080012c4                MemManage_Handler
 .text.BusFault_Handler
                0x080012cc        0x8 ./Application/User/Core/stm32h7xx_it.o
                0x080012cc                BusFault_Handler
 .text.UsageFault_Handler
                0x080012d4        0x8 ./Application/User/Core/stm32h7xx_it.o
                0x080012d4                UsageFault_Handler
 .text.SVC_Handler
                0x080012dc        0xe ./Application/User/Core/stm32h7xx_it.o
                0x080012dc                SVC_Handler
 .text.DebugMon_Handler
                0x080012ea        0xe ./Application/User/Core/stm32h7xx_it.o
                0x080012ea                DebugMon_Handler
 .text.PendSV_Handler
                0x080012f8        0xe ./Application/User/Core/stm32h7xx_it.o
                0x080012f8                PendSV_Handler
 .text.SysTick_Handler
                0x08001306        0xc ./Application/User/Core/stm32h7xx_it.o
                0x08001306                SysTick_Handler
 *fill*         0x08001312        0x2 
 .text.USART3_IRQHandler
                0x08001314       0x14 ./Application/User/Core/stm32h7xx_it.o
                0x08001314                USART3_IRQHandler
 .text.EXTI15_10_IRQHandler
                0x08001328       0x10 ./Application/User/Core/stm32h7xx_it.o
                0x08001328                EXTI15_10_IRQHandler
 .text.Reset_Handler
                0x08001338       0x50 ./Application/User/Startup/startup_stm32h753zitx.o
                0x08001338                Reset_Handler
 .text.Default_Handler
                0x08001388        0x2 ./Application/User/Startup/startup_stm32h753zitx.o
                0x08001388                RTC_Alarm_IRQHandler
                0x08001388                HASH_RNG_IRQHandler
                0x08001388                EXTI2_IRQHandler
                0x08001388                TIM8_CC_IRQHandler
                0x08001388                HRTIM1_Master_IRQHandler
                0x08001388                UART8_IRQHandler
                0x08001388                SPI4_IRQHandler
                0x08001388                TIM1_CC_IRQHandler
                0x08001388                BDMA_Channel6_IRQHandler
                0x08001388                DMA2_Stream5_IRQHandler
                0x08001388                HRTIM1_FLT_IRQHandler
                0x08001388                JPEG_IRQHandler
                0x08001388                DMA1_Stream5_IRQHandler
                0x08001388                BDMA_Channel1_IRQHandler
                0x08001388                HRTIM1_TIMD_IRQHandler
                0x08001388                TAMP_STAMP_IRQHandler
                0x08001388                EXTI3_IRQHandler
                0x08001388                LPTIM4_IRQHandler
                0x08001388                TIM8_TRG_COM_TIM14_IRQHandler
                0x08001388                LPTIM2_IRQHandler
                0x08001388                DFSDM1_FLT1_IRQHandler
                0x08001388                DMAMUX2_OVR_IRQHandler
                0x08001388                TIM8_UP_TIM13_IRQHandler
                0x08001388                I2C3_ER_IRQHandler
                0x08001388                DFSDM1_FLT2_IRQHandler
                0x08001388                MDMA_IRQHandler
                0x08001388                LPTIM3_IRQHandler
                0x08001388                HSEM1_IRQHandler
                0x08001388                EXTI0_IRQHandler
                0x08001388                I2C2_EV_IRQHandler
                0x08001388                DMA1_Stream2_IRQHandler
                0x08001388                FPU_IRQHandler
                0x08001388                OTG_HS_WKUP_IRQHandler
                0x08001388                FDCAN1_IT1_IRQHandler
                0x08001388                LTDC_ER_IRQHandler
                0x08001388                DMA2_Stream2_IRQHandler
                0x08001388                HRTIM1_TIME_IRQHandler
                0x08001388                SPI1_IRQHandler
                0x08001388                TIM6_DAC_IRQHandler
                0x08001388                DCMI_IRQHandler
                0x08001388                HRTIM1_TIMC_IRQHandler
                0x08001388                DMA2_Stream3_IRQHandler
                0x08001388                SAI2_IRQHandler
                0x08001388                DFSDM1_FLT3_IRQHandler
                0x08001388                USART6_IRQHandler
                0x08001388                TIM17_IRQHandler
                0x08001388                BDMA_Channel7_IRQHandler
                0x08001388                CRYP_IRQHandler
                0x08001388                LPTIM5_IRQHandler
                0x08001388                UART5_IRQHandler
                0x08001388                ADC3_IRQHandler
                0x08001388                DMA2_Stream0_IRQHandler
                0x08001388                TIM4_IRQHandler
                0x08001388                BDMA_Channel2_IRQHandler
                0x08001388                QUADSPI_IRQHandler
                0x08001388                I2C1_EV_IRQHandler
                0x08001388                DMA1_Stream6_IRQHandler
                0x08001388                DMAMUX1_OVR_IRQHandler
                0x08001388                DMA1_Stream1_IRQHandler
                0x08001388                TIM16_IRQHandler
                0x08001388                UART4_IRQHandler
                0x08001388                BDMA_Channel5_IRQHandler
                0x08001388                TIM3_IRQHandler
                0x08001388                RCC_IRQHandler
                0x08001388                TIM8_BRK_TIM12_IRQHandler
                0x08001388                TIM1_TRG_COM_IRQHandler
                0x08001388                Default_Handler
                0x08001388                ECC_IRQHandler
                0x08001388                CEC_IRQHandler
                0x08001388                BDMA_Channel0_IRQHandler
                0x08001388                ADC_IRQHandler
                0x08001388                DMA1_Stream7_IRQHandler
                0x08001388                HRTIM1_TIMA_IRQHandler
                0x08001388                SPI5_IRQHandler
                0x08001388                TIM7_IRQHandler
                0x08001388                SDMMC1_IRQHandler
                0x08001388                TIM5_IRQHandler
                0x08001388                DMA2_Stream7_IRQHandler
                0x08001388                TIM15_IRQHandler
                0x08001388                PVD_AVD_IRQHandler
                0x08001388                I2C3_EV_IRQHandler
                0x08001388                EXTI9_5_IRQHandler
                0x08001388                RTC_WKUP_IRQHandler
                0x08001388                LTDC_IRQHandler
                0x08001388                SAI3_IRQHandler
                0x08001388                ETH_WKUP_IRQHandler
                0x08001388                SPDIF_RX_IRQHandler
                0x08001388                SPI2_IRQHandler
                0x08001388                OTG_HS_EP1_IN_IRQHandler
                0x08001388                DMA1_Stream0_IRQHandler
                0x08001388                CRS_IRQHandler
                0x08001388                EXTI4_IRQHandler
                0x08001388                HRTIM1_TIMB_IRQHandler
                0x08001388                FDCAN2_IT1_IRQHandler
                0x08001388                ETH_IRQHandler
                0x08001388                TIM1_UP_IRQHandler
                0x08001388                BDMA_Channel4_IRQHandler
                0x08001388                OTG_HS_EP1_OUT_IRQHandler
                0x08001388                WWDG_IRQHandler
                0x08001388                SPI6_IRQHandler
                0x08001388                MDIOS_IRQHandler
                0x08001388                I2C4_EV_IRQHandler
                0x08001388                FDCAN2_IT0_IRQHandler
                0x08001388                LPUART1_IRQHandler
                0x08001388                FDCAN1_IT0_IRQHandler
                0x08001388                TIM2_IRQHandler
                0x08001388                OTG_FS_WKUP_IRQHandler
                0x08001388                OTG_HS_IRQHandler
                0x08001388                DMA2D_IRQHandler
                0x08001388                TIM1_BRK_IRQHandler
                0x08001388                EXTI1_IRQHandler
                0x08001388                SDMMC2_IRQHandler
                0x08001388                OTG_FS_EP1_OUT_IRQHandler
                0x08001388                BDMA_Channel3_IRQHandler
                0x08001388                UART7_IRQHandler
                0x08001388                MDIOS_WKUP_IRQHandler
                0x08001388                USART2_IRQHandler
                0x08001388                DFSDM1_FLT0_IRQHandler
                0x08001388                SAI4_IRQHandler
                0x08001388                I2C2_ER_IRQHandler
                0x08001388                DMA2_Stream1_IRQHandler
                0x08001388                FLASH_IRQHandler
                0x08001388                DMA2_Stream4_IRQHandler
                0x08001388                USART1_IRQHandler
                0x08001388                OTG_FS_IRQHandler
                0x08001388                SPI3_IRQHandler
                0x08001388                WAKEUP_PIN_IRQHandler
                0x08001388                DMA1_Stream4_IRQHandler
                0x08001388                OTG_FS_EP1_IN_IRQHandler
                0x08001388                I2C1_ER_IRQHandler
                0x08001388                FMC_IRQHandler
                0x08001388                FDCAN_CAL_IRQHandler
                0x08001388                SWPMI1_IRQHandler
                0x08001388                COMP1_IRQHandler
                0x08001388                LPTIM1_IRQHandler
                0x08001388                I2C4_ER_IRQHandler
                0x08001388                DMA2_Stream6_IRQHandler
                0x08001388                SAI1_IRQHandler
                0x08001388                DMA1_Stream3_IRQHandler
 *fill*         0x0800138a        0x2 
 .text.SystemInit
                0x0800138c      0x110 ./Drivers/CMSIS/system_stm32h7xx.o
                0x0800138c                SystemInit
 .text.HAL_Init
                0x0800149c       0x78 ./Drivers/STM32H7xx_HAL_Driver/stm32h7xx_hal.o
                0x0800149c                HAL_Init
 .text.HAL_InitTick
                0x08001514       0x6c ./Drivers/STM32H7xx_HAL_Driver/stm32h7xx_hal.o
                0x08001514                HAL_InitTick
 .text.HAL_IncTick
                0x08001580       0x28 ./Drivers/STM32H7xx_HAL_Driver/stm32h7xx_hal.o
                0x08001580                HAL_IncTick
 .text.HAL_GetTick
                0x080015a8       0x18 ./Drivers/STM32H7xx_HAL_Driver/stm32h7xx_hal.o
                0x080015a8                HAL_GetTick
 .text.HAL_Delay
                0x080015c0       0x48 ./Drivers/STM32H7xx_HAL_Driver/stm32h7xx_hal.o
                0x080015c0                HAL_Delay
 .text.HAL_GetREVID
                0x08001608       0x18 ./Drivers/STM32H7xx_HAL_Driver/stm32h7xx_hal.o
                0x08001608                HAL_GetREVID
 .text.HAL_SYSCFG_ETHInterfaceSelect
                0x08001620       0x28 ./Drivers/STM32H7xx_HAL_Driver/stm32h7xx_hal.o
                0x08001620                HAL_SYSCFG_ETHInterfaceSelect
 .text.__NVIC_SetPriorityGrouping
                0x08001648       0x48 ./Drivers/STM32H7xx_HAL_Driver/stm32h7xx_hal_cortex.o
 .text.__NVIC_GetPriorityGrouping
                0x08001690       0x1c ./Drivers/STM32H7xx_HAL_Driver/stm32h7xx_hal_cortex.o
 .text.__NVIC_EnableIRQ
                0x080016ac       0x3c ./Drivers/STM32H7xx_HAL_Driver/stm32h7xx_hal_cortex.o
 .text.__NVIC_SetPriority
                0x080016e8       0x54 ./Drivers/STM32H7xx_HAL_Driver/stm32h7xx_hal_cortex.o
 .text.NVIC_EncodePriority
                0x0800173c       0x66 ./Drivers/STM32H7xx_HAL_Driver/stm32h7xx_hal_cortex.o
 *fill*         0x080017a2        0x2 
 .text.SysTick_Config
                0x080017a4       0x44 ./Drivers/STM32H7xx_HAL_Driver/stm32h7xx_hal_cortex.o
 .text.HAL_NVIC_SetPriorityGrouping
                0x080017e8       0x16 ./Drivers/STM32H7xx_HAL_Driver/stm32h7xx_hal_cortex.o
                0x080017e8                HAL_NVIC_SetPriorityGrouping
 .text.HAL_NVIC_SetPriority
                0x080017fe       0x34 ./Drivers/STM32H7xx_HAL_Driver/stm32h7xx_hal_cortex.o
                0x080017fe                HAL_NVIC_SetPriority
 .text.HAL_NVIC_EnableIRQ
                0x08001832       0x1c ./Drivers/STM32H7xx_HAL_Driver/stm32h7xx_hal_cortex.o
                0x08001832                HAL_NVIC_EnableIRQ
 .text.HAL_SYSTICK_Config
                0x0800184e       0x18 ./Drivers/STM32H7xx_HAL_Driver/stm32h7xx_hal_cortex.o
                0x0800184e                HAL_SYSTICK_Config
 *fill*         0x08001866        0x2 
 .text.HAL_DMA_Abort
                0x08001868      0x63c ./Drivers/STM32H7xx_HAL_Driver/stm32h7xx_hal_dma.o
                0x08001868                HAL_DMA_Abort
 .text.HAL_DMA_Abort_IT
                0x08001ea4      0x48c ./Drivers/STM32H7xx_HAL_Driver/stm32h7xx_hal_dma.o
                0x08001ea4                HAL_DMA_Abort_IT
 .text.HAL_ETH_Init
                0x08002330      0x1fc ./Drivers/STM32H7xx_HAL_Driver/stm32h7xx_hal_eth.o
                0x08002330                HAL_ETH_Init
 .text.HAL_ETH_SetMDIOClockRange
                0x0800252c       0xa0 ./Drivers/STM32H7xx_HAL_Driver/stm32h7xx_hal_eth.o
                0x0800252c                HAL_ETH_SetMDIOClockRange
 .text.ETH_SetMACConfig
                0x080025cc      0x238 ./Drivers/STM32H7xx_HAL_Driver/stm32h7xx_hal_eth.o
 .text.ETH_SetDMAConfig
                0x08002804      0x10c ./Drivers/STM32H7xx_HAL_Driver/stm32h7xx_hal_eth.o
 .text.ETH_MACDMAConfig
                0x08002910      0x13a ./Drivers/STM32H7xx_HAL_Driver/stm32h7xx_hal_eth.o
 .text.ETH_DMATxDescListInit
                0x08002a4a       0x92 ./Drivers/STM32H7xx_HAL_Driver/stm32h7xx_hal_eth.o
 .text.ETH_DMARxDescListInit
                0x08002adc       0xba ./Drivers/STM32H7xx_HAL_Driver/stm32h7xx_hal_eth.o
 *fill*         0x08002b96        0x2 
 .text.HAL_GPIO_Init
                0x08002b98      0x360 ./Drivers/STM32H7xx_HAL_Driver/stm32h7xx_hal_gpio.o
                0x08002b98                HAL_GPIO_Init
 .text.HAL_GPIO_WritePin
                0x08002ef8       0x32 ./Drivers/STM32H7xx_HAL_Driver/stm32h7xx_hal_gpio.o
                0x08002ef8                HAL_GPIO_WritePin
 .text.HAL_GPIO_EXTI_IRQHandler
                0x08002f2a       0x34 ./Drivers/STM32H7xx_HAL_Driver/stm32h7xx_hal_gpio.o
                0x08002f2a                HAL_GPIO_EXTI_IRQHandler
 *fill*         0x08002f5e        0x2 
 .text.HAL_I2C_Init
                0x08002f60      0x138 ./Drivers/STM32H7xx_HAL_Driver/stm32h7xx_hal_i2c.o
                0x08002f60                HAL_I2C_Init
 .text.HAL_I2C_Master_Transmit
                0x08003098      0x230 ./Drivers/STM32H7xx_HAL_Driver/stm32h7xx_hal_i2c.o
                0x08003098                HAL_I2C_Master_Transmit
 .text.HAL_I2C_Master_Receive
                0x080032c8      0x1ec ./Drivers/STM32H7xx_HAL_Driver/stm32h7xx_hal_i2c.o
                0x080032c8                HAL_I2C_Master_Receive
 .text.I2C_Flush_TXDR
                0x080034b4       0x48 ./Drivers/STM32H7xx_HAL_Driver/stm32h7xx_hal_i2c.o
 .text.I2C_WaitOnFlagUntilTimeout
                0x080034fc       0xb2 ./Drivers/STM32H7xx_HAL_Driver/stm32h7xx_hal_i2c.o
 .text.I2C_WaitOnTXISFlagUntilTimeout
                0x080035ae       0x8e ./Drivers/STM32H7xx_HAL_Driver/stm32h7xx_hal_i2c.o
 .text.I2C_WaitOnSTOPFlagUntilTimeout
                0x0800363c       0x86 ./Drivers/STM32H7xx_HAL_Driver/stm32h7xx_hal_i2c.o
 *fill*         0x080036c2        0x2 
 .text.I2C_WaitOnRXNEFlagUntilTimeout
                0x080036c4      0x118 ./Drivers/STM32H7xx_HAL_Driver/stm32h7xx_hal_i2c.o
 .text.I2C_IsErrorOccurred
                0x080037dc      0x1c0 ./Drivers/STM32H7xx_HAL_Driver/stm32h7xx_hal_i2c.o
 .text.I2C_TransferConfig
                0x0800399c       0x64 ./Drivers/STM32H7xx_HAL_Driver/stm32h7xx_hal_i2c.o
 .text.HAL_I2CEx_ConfigAnalogFilter
                0x08003a00       0x96 ./Drivers/STM32H7xx_HAL_Driver/stm32h7xx_hal_i2c_ex.o
                0x08003a00                HAL_I2CEx_ConfigAnalogFilter
 .text.HAL_I2CEx_ConfigDigitalFilter
                0x08003a96       0x98 ./Drivers/STM32H7xx_HAL_Driver/stm32h7xx_hal_i2c_ex.o
                0x08003a96                HAL_I2CEx_ConfigDigitalFilter
 .text.HAL_PCD_Init
                0x08003b2e      0x218 ./Drivers/STM32H7xx_HAL_Driver/stm32h7xx_hal_pcd.o
                0x08003b2e                HAL_PCD_Init
 *fill*         0x08003d46        0x2 
 .text.HAL_PCDEx_ActivateLPM
                0x08003d48       0x48 ./Drivers/STM32H7xx_HAL_Driver/stm32h7xx_hal_pcd_ex.o
                0x08003d48                HAL_PCDEx_ActivateLPM
 .text.HAL_PWREx_ConfigSupply
                0x08003d90       0x74 ./Drivers/STM32H7xx_HAL_Driver/stm32h7xx_hal_pwr_ex.o
                0x08003d90                HAL_PWREx_ConfigSupply
 .text.HAL_PWREx_EnableUSBVoltageDetector
                0x08003e04       0x20 ./Drivers/STM32H7xx_HAL_Driver/stm32h7xx_hal_pwr_ex.o
                0x08003e04                HAL_PWREx_EnableUSBVoltageDetector
 .text.HAL_RCC_OscConfig
                0x08003e24      0x8b4 ./Drivers/STM32H7xx_HAL_Driver/stm32h7xx_hal_rcc.o
                0x08003e24                HAL_RCC_OscConfig
 .text.HAL_RCC_ClockConfig
                0x080046d8      0x36c ./Drivers/STM32H7xx_HAL_Driver/stm32h7xx_hal_rcc.o
                0x080046d8                HAL_RCC_ClockConfig
 .text.HAL_RCC_GetSysClockFreq
                0x08004a44      0x2f4 ./Drivers/STM32H7xx_HAL_Driver/stm32h7xx_hal_rcc.o
                0x08004a44                HAL_RCC_GetSysClockFreq
 .text.HAL_RCC_GetHCLKFreq
                0x08004d38       0x60 ./Drivers/STM32H7xx_HAL_Driver/stm32h7xx_hal_rcc.o
                0x08004d38                HAL_RCC_GetHCLKFreq
 .text.HAL_RCC_GetPCLK1Freq
                0x08004d98       0x2c ./Drivers/STM32H7xx_HAL_Driver/stm32h7xx_hal_rcc.o
                0x08004d98                HAL_RCC_GetPCLK1Freq
 .text.HAL_RCC_GetPCLK2Freq
                0x08004dc4       0x2c ./Drivers/STM32H7xx_HAL_Driver/stm32h7xx_hal_rcc.o
                0x08004dc4                HAL_RCC_GetPCLK2Freq
 .text.HAL_RCCEx_PeriphCLKConfig
                0x08004df0     0x1414 ./Drivers/STM32H7xx_HAL_Driver/stm32h7xx_hal_rcc_ex.o
                0x08004df0                HAL_RCCEx_PeriphCLKConfig
 .text.HAL_RCCEx_GetD3PCLK1Freq
                0x08006204       0x2c ./Drivers/STM32H7xx_HAL_Driver/stm32h7xx_hal_rcc_ex.o
                0x08006204                HAL_RCCEx_GetD3PCLK1Freq
 .text.HAL_RCCEx_GetPLL2ClockFreq
                0x08006230      0x2a8 ./Drivers/STM32H7xx_HAL_Driver/stm32h7xx_hal_rcc_ex.o
                0x08006230                HAL_RCCEx_GetPLL2ClockFreq
 .text.HAL_RCCEx_GetPLL3ClockFreq
                0x080064d8      0x2a8 ./Drivers/STM32H7xx_HAL_Driver/stm32h7xx_hal_rcc_ex.o
                0x080064d8                HAL_RCCEx_GetPLL3ClockFreq
 .text.RCCEx_PLL2_Config
                0x08006780      0x164 ./Drivers/STM32H7xx_HAL_Driver/stm32h7xx_hal_rcc_ex.o
 .text.RCCEx_PLL3_Config
                0x080068e4      0x164 ./Drivers/STM32H7xx_HAL_Driver/stm32h7xx_hal_rcc_ex.o
 .text.HAL_SPI_Init
                0x08006a48      0x248 ./Drivers/STM32H7xx_HAL_Driver/stm32h7xx_hal_spi.o
                0x08006a48                HAL_SPI_Init
 .text.HAL_SPI_Transmit
                0x08006c90      0x3dc ./Drivers/STM32H7xx_HAL_Driver/stm32h7xx_hal_spi.o
                0x08006c90                HAL_SPI_Transmit
 .text.SPI_CloseTransfer
                0x0800706c      0x140 ./Drivers/STM32H7xx_HAL_Driver/stm32h7xx_hal_spi.o
 .text.SPI_WaitOnFlagUntilTimeout
                0x080071ac       0x5c ./Drivers/STM32H7xx_HAL_Driver/stm32h7xx_hal_spi.o
 .text.SPI_GetPacketSize
                0x08007208       0x36 ./Drivers/STM32H7xx_HAL_Driver/stm32h7xx_hal_spi.o
 .text.HAL_UART_Init
                0x0800723e       0xa0 ./Drivers/STM32H7xx_HAL_Driver/stm32h7xx_hal_uart.o
                0x0800723e                HAL_UART_Init
 *fill*         0x080072de        0x2 
 .text.HAL_UART_IRQHandler
                0x080072e0      0x774 ./Drivers/STM32H7xx_HAL_Driver/stm32h7xx_hal_uart.o
                0x080072e0                HAL_UART_IRQHandler
 .text.HAL_UART_TxCpltCallback
                0x08007a54       0x14 ./Drivers/STM32H7xx_HAL_Driver/stm32h7xx_hal_uart.o
                0x08007a54                HAL_UART_TxCpltCallback
 .text.HAL_UART_ErrorCallback
                0x08007a68       0x14 ./Drivers/STM32H7xx_HAL_Driver/stm32h7xx_hal_uart.o
                0x08007a68                HAL_UART_ErrorCallback
 .text.HAL_UARTEx_RxEventCallback
                0x08007a7c       0x18 ./Drivers/STM32H7xx_HAL_Driver/stm32h7xx_hal_uart.o
                0x08007a7c                HAL_UARTEx_RxEventCallback
 .text.UART_SetConfig
                0x08007a94      0xad0 ./Drivers/STM32H7xx_HAL_Driver/stm32h7xx_hal_uart.o
                0x08007a94                UART_SetConfig
 .text.UART_AdvFeatureConfig
                0x08008564      0x144 ./Drivers/STM32H7xx_HAL_Driver/stm32h7xx_hal_uart.o
                0x08008564                UART_AdvFeatureConfig
 .text.UART_CheckIdleState
                0x080086a8      0x154 ./Drivers/STM32H7xx_HAL_Driver/stm32h7xx_hal_uart.o
                0x080086a8                UART_CheckIdleState
 .text.UART_WaitOnFlagUntilTimeout
                0x080087fc       0xda ./Drivers/STM32H7xx_HAL_Driver/stm32h7xx_hal_uart.o
                0x080087fc                UART_WaitOnFlagUntilTimeout
 *fill*         0x080088d6        0x2 
 .text.UART_EndRxTransfer
                0x080088d8       0xcc ./Drivers/STM32H7xx_HAL_Driver/stm32h7xx_hal_uart.o
 .text.UART_DMAAbortOnError
                0x080089a4       0x2c ./Drivers/STM32H7xx_HAL_Driver/stm32h7xx_hal_uart.o
 .text.UART_EndTransmit_IT
                0x080089d0       0x56 ./Drivers/STM32H7xx_HAL_Driver/stm32h7xx_hal_uart.o
 .text.HAL_UARTEx_WakeupCallback
                0x08008a26       0x14 ./Drivers/STM32H7xx_HAL_Driver/stm32h7xx_hal_uart_ex.o
                0x08008a26                HAL_UARTEx_WakeupCallback
 .text.HAL_UARTEx_RxFifoFullCallback
                0x08008a3a       0x14 ./Drivers/STM32H7xx_HAL_Driver/stm32h7xx_hal_uart_ex.o
                0x08008a3a                HAL_UARTEx_RxFifoFullCallback
 .text.HAL_UARTEx_TxFifoEmptyCallback
                0x08008a4e       0x14 ./Drivers/STM32H7xx_HAL_Driver/stm32h7xx_hal_uart_ex.o
                0x08008a4e                HAL_UARTEx_TxFifoEmptyCallback
 .text.HAL_UARTEx_DisableFifoMode
                0x08008a62       0x72 ./Drivers/STM32H7xx_HAL_Driver/stm32h7xx_hal_uart_ex.o
                0x08008a62                HAL_UARTEx_DisableFifoMode
 .text.HAL_UARTEx_SetTxFifoThreshold
                0x08008ad4       0x7c ./Drivers/STM32H7xx_HAL_Driver/stm32h7xx_hal_uart_ex.o
                0x08008ad4                HAL_UARTEx_SetTxFifoThreshold
 .text.HAL_UARTEx_SetRxFifoThreshold
                0x08008b50       0x7c ./Drivers/STM32H7xx_HAL_Driver/stm32h7xx_hal_uart_ex.o
                0x08008b50                HAL_UARTEx_SetRxFifoThreshold
 .text.UARTEx_SetNbDataToProcess
                0x08008bcc       0x9c ./Drivers/STM32H7xx_HAL_Driver/stm32h7xx_hal_uart_ex.o
 .text.USB_CoreInit
                0x08008c68       0xe4 ./Drivers/STM32H7xx_HAL_Driver/stm32h7xx_ll_usb.o
                0x08008c68                USB_CoreInit
 .text.USB_DisableGlobalInt
                0x08008d4c       0x22 ./Drivers/STM32H7xx_HAL_Driver/stm32h7xx_ll_usb.o
                0x08008d4c                USB_DisableGlobalInt
 .text.USB_SetCurrentMode
                0x08008d6e       0x98 ./Drivers/STM32H7xx_HAL_Driver/stm32h7xx_ll_usb.o
                0x08008d6e                USB_SetCurrentMode
 *fill*         0x08008e06        0x2 
 .text.USB_DevInit
                0x08008e08      0x2bc ./Drivers/STM32H7xx_HAL_Driver/stm32h7xx_ll_usb.o
                0x08008e08                USB_DevInit
 .text.USB_FlushTxFifo
                0x080090c4       0x64 ./Drivers/STM32H7xx_HAL_Driver/stm32h7xx_ll_usb.o
                0x080090c4                USB_FlushTxFifo
 .text.USB_FlushRxFifo
                0x08009128       0x5c ./Drivers/STM32H7xx_HAL_Driver/stm32h7xx_ll_usb.o
                0x08009128                USB_FlushRxFifo
 .text.USB_SetDevSpeed
                0x08009184       0x32 ./Drivers/STM32H7xx_HAL_Driver/stm32h7xx_ll_usb.o
                0x08009184                USB_SetDevSpeed
 .text.USB_DevDisconnect
                0x080091b6       0x42 ./Drivers/STM32H7xx_HAL_Driver/stm32h7xx_ll_usb.o
                0x080091b6                USB_DevDisconnect
 .text.USB_GetMode
                0x080091f8       0x1c ./Drivers/STM32H7xx_HAL_Driver/stm32h7xx_ll_usb.o
                0x080091f8                USB_GetMode
 .text.USB_CoreReset
                0x08009214       0x62 ./Drivers/STM32H7xx_HAL_Driver/stm32h7xx_ll_usb.o
 .text.memset   0x08009276       0x10 C:/ST/STM32CubeIDE_1.16.1/STM32CubeIDE/plugins/com.st.stm32cube.ide.mcu.externaltools.gnu-tools-for-stm32.12.3.rel1.win32_1.0.200.202406191623/tools/bin/../lib/gcc/arm-none-eabi/12.3.1/../../../../arm-none-eabi/lib/thumb/v7e-m+dp/hard\libc_nano.a(libc_a-memset.o)
                0x08009276                memset
 *fill*         0x08009286        0x2 
 .text.__libc_init_array
                0x08009288       0x48 C:/ST/STM32CubeIDE_1.16.1/STM32CubeIDE/plugins/com.st.stm32cube.ide.mcu.externaltools.gnu-tools-for-stm32.12.3.rel1.win32_1.0.200.202406191623/tools/bin/../lib/gcc/arm-none-eabi/12.3.1/../../../../arm-none-eabi/lib/thumb/v7e-m+dp/hard\libc_nano.a(libc_a-init.o)
                0x08009288                __libc_init_array
 *(.glue_7)
 .glue_7        0x080092d0        0x0 linker stubs
 *(.glue_7t)
 .glue_7t       0x080092d0        0x0 linker stubs
 *(.eh_frame)
 .eh_frame      0x080092d0        0x0 C:/ST/STM32CubeIDE_1.16.1/STM32CubeIDE/plugins/com.st.stm32cube.ide.mcu.externaltools.gnu-tools-for-stm32.12.3.rel1.win32_1.0.200.202406191623/tools/bin/../lib/gcc/arm-none-eabi/12.3.1/thumb/v7e-m+dp/hard/crtbegin.o
 *(.init)
 .init          0x080092d0        0x4 C:/ST/STM32CubeIDE_1.16.1/STM32CubeIDE/plugins/com.st.stm32cube.ide.mcu.externaltools.gnu-tools-for-stm32.12.3.rel1.win32_1.0.200.202406191623/tools/bin/../lib/gcc/arm-none-eabi/12.3.1/thumb/v7e-m+dp/hard/crti.o
                0x080092d0                _init
 .init          0x080092d4        0x8 C:/ST/STM32CubeIDE_1.16.1/STM32CubeIDE/plugins/com.st.stm32cube.ide.mcu.externaltools.gnu-tools-for-stm32.12.3.rel1.win32_1.0.200.202406191623/tools/bin/../lib/gcc/arm-none-eabi/12.3.1/thumb/v7e-m+dp/hard/crtn.o
 *(.fini)
 .fini          0x080092dc        0x4 C:/ST/STM32CubeIDE_1.16.1/STM32CubeIDE/plugins/com.st.stm32cube.ide.mcu.externaltools.gnu-tools-for-stm32.12.3.rel1.win32_1.0.200.202406191623/tools/bin/../lib/gcc/arm-none-eabi/12.3.1/thumb/v7e-m+dp/hard/crti.o
                0x080092dc                _fini
 .fini          0x080092e0        0x8 C:/ST/STM32CubeIDE_1.16.1/STM32CubeIDE/plugins/com.st.stm32cube.ide.mcu.externaltools.gnu-tools-for-stm32.12.3.rel1.win32_1.0.200.202406191623/tools/bin/../lib/gcc/arm-none-eabi/12.3.1/thumb/v7e-m+dp/hard/crtn.o
                0x080092e8                        . = ALIGN (0x4)
                0x080092e8                        _etext = .

.vfp11_veneer   0x080092e8        0x0
 .vfp11_veneer  0x080092e8        0x0 linker stubs

.v4_bx          0x080092e8        0x0
 .v4_bx         0x080092e8        0x0 linker stubs

.iplt           0x080092e8        0x0
 .iplt          0x080092e8        0x0 C:/ST/STM32CubeIDE_1.16.1/STM32CubeIDE/plugins/com.st.stm32cube.ide.mcu.externaltools.gnu-tools-for-stm32.12.3.rel1.win32_1.0.200.202406191623/tools/bin/../lib/gcc/arm-none-eabi/12.3.1/thumb/v7e-m+dp/hard/crtbegin.o

.rodata         0x080092e8      0x210
                0x080092e8                        . = ALIGN (0x4)
 *(.rodata)
 *(.rodata*)
 .rodata.ascii_font
                0x080092e8      0x1d8 ./Application/User/Core/main.o
                0x080092e8                ascii_font
 .rodata.D1CorePrescTable
                0x080094c0       0x10 ./Drivers/CMSIS/system_stm32h7xx.o
                0x080094c0                D1CorePrescTable
 .rodata.UARTPrescTable
                0x080094d0       0x18 ./Drivers/STM32H7xx_HAL_Driver/stm32h7xx_hal_uart.o
                0x080094d0                UARTPrescTable
 .rodata.numerator.1
                0x080094e8        0x8 ./Drivers/STM32H7xx_HAL_Driver/stm32h7xx_hal_uart_ex.o
 .rodata.denominator.0
                0x080094f0        0x8 ./Drivers/STM32H7xx_HAL_Driver/stm32h7xx_hal_uart_ex.o
                0x080094f8                        . = ALIGN (0x4)

.ARM.extab
 *(.ARM.extab* .gnu.linkonce.armextab.*)

.ARM            0x080094f8        0x8
                0x080094f8                        __exidx_start = .
 *(.ARM.exidx*)
 .ARM.exidx     0x080094f8        0x8 C:/ST/STM32CubeIDE_1.16.1/STM32CubeIDE/plugins/com.st.stm32cube.ide.mcu.externaltools.gnu-tools-for-stm32.12.3.rel1.win32_1.0.200.202406191623/tools/bin/../lib/gcc/arm-none-eabi/12.3.1/thumb/v7e-m+dp/hard\libgcc.a(_udivmoddi4.o)
                0x08009500                        __exidx_end = .

.preinit_array  0x08009500        0x0
                0x08009500                        PROVIDE (__preinit_array_start = .)
 *(.preinit_array*)
                0x08009500                        PROVIDE (__preinit_array_end = .)

.init_array     0x08009500        0x4
                0x08009500                        PROVIDE (__init_array_start = .)
 *(SORT_BY_NAME(.init_array.*))
 *(.init_array*)
 .init_array    0x08009500        0x4 C:/ST/STM32CubeIDE_1.16.1/STM32CubeIDE/plugins/com.st.stm32cube.ide.mcu.externaltools.gnu-tools-for-stm32.12.3.rel1.win32_1.0.200.202406191623/tools/bin/../lib/gcc/arm-none-eabi/12.3.1/thumb/v7e-m+dp/hard/crtbegin.o
                0x08009504                        PROVIDE (__init_array_end = .)

.fini_array     0x08009504        0x4
                [!provide]                        PROVIDE (__fini_array_start = .)
 *(SORT_BY_NAME(.fini_array.*))
 *(.fini_array*)
 .fini_array    0x08009504        0x4 C:/ST/STM32CubeIDE_1.16.1/STM32CubeIDE/plugins/com.st.stm32cube.ide.mcu.externaltools.gnu-tools-for-stm32.12.3.rel1.win32_1.0.200.202406191623/tools/bin/../lib/gcc/arm-none-eabi/12.3.1/thumb/v7e-m+dp/hard/crtbegin.o
                [!provide]                        PROVIDE (__fini_array_end = .)
                0x08009508                        _sidata = LOADADDR (.data)

.rel.dyn        0x08009508        0x0
 .rel.iplt      0x08009508        0x0 C:/ST/STM32CubeIDE_1.16.1/STM32CubeIDE/plugins/com.st.stm32cube.ide.mcu.externaltools.gnu-tools-for-stm32.12.3.rel1.win32_1.0.200.202406191623/tools/bin/../lib/gcc/arm-none-eabi/12.3.1/thumb/v7e-m+dp/hard/crtbegin.o

.data           0x24000000       0x10 load address 0x08009508
                0x24000000                        . = ALIGN (0x4)
                0x24000000                        _sdata = .
 *(.data)
 *(.data*)
 .data.SystemCoreClock
                0x24000000        0x4 ./Drivers/CMSIS/system_stm32h7xx.o
                0x24000000                SystemCoreClock
 .data.SystemD2Clock
                0x24000004        0x4 ./Drivers/CMSIS/system_stm32h7xx.o
                0x24000004                SystemD2Clock
 .data.uwTickPrio
                0x24000008        0x4 ./Drivers/STM32H7xx_HAL_Driver/stm32h7xx_hal.o
                0x24000008                uwTickPrio
 .data.uwTickFreq
                0x2400000c        0x1 ./Drivers/STM32H7xx_HAL_Driver/stm32h7xx_hal.o
                0x2400000c                uwTickFreq
 *(.RamFunc)
 *(.RamFunc*)
                0x24000010                        . = ALIGN (0x4)
 *fill*         0x2400000d        0x3 
                0x24000010                        _edata = .

.igot.plt       0x24000010        0x0 load address 0x08009518
 .igot.plt      0x24000010        0x0 C:/ST/STM32CubeIDE_1.16.1/STM32CubeIDE/plugins/com.st.stm32cube.ide.mcu.externaltools.gnu-tools-for-stm32.12.3.rel1.win32_1.0.200.202406191623/tools/bin/../lib/gcc/arm-none-eabi/12.3.1/thumb/v7e-m+dp/hard/crtbegin.o

.RxDecripSection
                0x24000010       0x60 load address 0x08009518
 .RxDecripSection
                0x24000010       0x60 ./Application/User/Core/main.o
                0x24000010                DMARxDscrTab

.TxDecripSection
                0x24000070       0x60 load address 0x08009578
 .TxDecripSection
                0x24000070       0x60 ./Application/User/Core/main.o
                0x24000070                DMATxDscrTab
                0x240000d0                        . = ALIGN (0x4)

.bss            0x240000d0      0x768 load address 0x080095d8
                0x240000d0                        _sbss = .
                0x240000d0                        __bss_start__ = _sbss
 *(.bss)
 .bss           0x240000d0       0x1c C:/ST/STM32CubeIDE_1.16.1/STM32CubeIDE/plugins/com.st.stm32cube.ide.mcu.externaltools.gnu-tools-for-stm32.12.3.rel1.win32_1.0.200.202406191623/tools/bin/../lib/gcc/arm-none-eabi/12.3.1/thumb/v7e-m+dp/hard/crtbegin.o
 *(.bss*)
 .bss.TxConfig  0x240000ec       0x38 ./Application/User/Core/main.o
                0x240000ec                TxConfig
 .bss.heth      0x24000124       0xb0 ./Application/User/Core/main.o
                0x24000124                heth
 .bss.hi2c1     0x240001d4       0x54 ./Application/User/Core/main.o
                0x240001d4                hi2c1
 .bss.hspi1     0x24000228       0x88 ./Application/User/Core/main.o
                0x24000228                hspi1
 .bss.huart3    0x240002b0       0x94 ./Application/User/Core/main.o
                0x240002b0                huart3
 .bss.hpcd_USB_OTG_FS
                0x24000344      0x4e4 ./Application/User/Core/main.o
                0x24000344                hpcd_USB_OTG_FS
 .bss.counter   0x24000828        0x4 ./Application/User/Core/main.o
                0x24000828                counter
 .bss.MACAddr.0
                0x2400082c        0x6 ./Application/User/Core/main.o
 *fill*         0x24000832        0x2 
 .bss.uwTick    0x24000834        0x4 ./Drivers/STM32H7xx_HAL_Driver/stm32h7xx_hal.o
                0x24000834                uwTick
 *(COMMON)
                0x24000838                        . = ALIGN (0x4)
                0x24000838                        _ebss = .
                0x24000838                        __bss_end__ = _ebss

._user_heap_stack
                0x24000838      0x600 load address 0x080095d8
                0x24000838                        . = ALIGN (0x8)
                [!provide]                        PROVIDE (end = .)
                0x24000838                        PROVIDE (_end = .)
                0x24000a38                        . = (. + _Min_Heap_Size)
 *fill*         0x24000838      0x200 
                0x24000e38                        . = (. + _Min_Stack_Size)
 *fill*         0x24000a38      0x400 
                0x24000e38                        . = ALIGN (0x8)

/DISCARD/
 libc.a(*)
 libm.a(*)
 libgcc.a(*)

.ARM.attributes
                0x00000000       0x2e
 *(.ARM.attributes)
 .ARM.attributes
                0x00000000       0x20 C:/ST/STM32CubeIDE_1.16.1/STM32CubeIDE/plugins/com.st.stm32cube.ide.mcu.externaltools.gnu-tools-for-stm32.12.3.rel1.win32_1.0.200.202406191623/tools/bin/../lib/gcc/arm-none-eabi/12.3.1/thumb/v7e-m+dp/hard/crti.o
 .ARM.attributes
                0x00000020       0x32 C:/ST/STM32CubeIDE_1.16.1/STM32CubeIDE/plugins/com.st.stm32cube.ide.mcu.externaltools.gnu-tools-for-stm32.12.3.rel1.win32_1.0.200.202406191623/tools/bin/../lib/gcc/arm-none-eabi/12.3.1/thumb/v7e-m+dp/hard/crtbegin.o
 .ARM.attributes
                0x00000052       0x32 ./Application/User/Core/main.o
 .ARM.attributes
                0x00000084       0x32 ./Application/User/Core/stm32h7xx_hal_msp.o
 .ARM.attributes
                0x000000b6       0x32 ./Application/User/Core/stm32h7xx_it.o
 .ARM.attributes
                0x000000e8       0x21 ./Application/User/Startup/startup_stm32h753zitx.o
 .ARM.attributes
                0x00000109       0x32 ./Drivers/CMSIS/system_stm32h7xx.o
 .ARM.attributes
                0x0000013b       0x32 ./Drivers/STM32H7xx_HAL_Driver/stm32h7xx_hal.o
 .ARM.attributes
                0x0000016d       0x32 ./Drivers/STM32H7xx_HAL_Driver/stm32h7xx_hal_cortex.o
 .ARM.attributes
                0x0000019f       0x32 ./Drivers/STM32H7xx_HAL_Driver/stm32h7xx_hal_dma.o
 .ARM.attributes
                0x000001d1       0x32 ./Drivers/STM32H7xx_HAL_Driver/stm32h7xx_hal_eth.o
 .ARM.attributes
                0x00000203       0x32 ./Drivers/STM32H7xx_HAL_Driver/stm32h7xx_hal_gpio.o
 .ARM.attributes
                0x00000235       0x32 ./Drivers/STM32H7xx_HAL_Driver/stm32h7xx_hal_i2c.o
 .ARM.attributes
                0x00000267       0x32 ./Drivers/STM32H7xx_HAL_Driver/stm32h7xx_hal_i2c_ex.o
 .ARM.attributes
                0x00000299       0x32 ./Drivers/STM32H7xx_HAL_Driver/stm32h7xx_hal_pcd.o
 .ARM.attributes
                0x000002cb       0x32 ./Drivers/STM32H7xx_HAL_Driver/stm32h7xx_hal_pcd_ex.o
 .ARM.attributes
                0x000002fd       0x32 ./Drivers/STM32H7xx_HAL_Driver/stm32h7xx_hal_pwr_ex.o
 .ARM.attributes
                0x0000032f       0x32 ./Drivers/STM32H7xx_HAL_Driver/stm32h7xx_hal_rcc.o
 .ARM.attributes
                0x00000361       0x32 ./Drivers/STM32H7xx_HAL_Driver/stm32h7xx_hal_rcc_ex.o
 .ARM.attributes
                0x00000393       0x32 ./Drivers/STM32H7xx_HAL_Driver/stm32h7xx_hal_spi.o
 .ARM.attributes
                0x000003c5       0x32 ./Drivers/STM32H7xx_HAL_Driver/stm32h7xx_hal_uart.o
 .ARM.attributes
                0x000003f7       0x32 ./Drivers/STM32H7xx_HAL_Driver/stm32h7xx_hal_uart_ex.o
 .ARM.attributes
                0x00000429       0x32 ./Drivers/STM32H7xx_HAL_Driver/stm32h7xx_ll_usb.o
 .ARM.attributes
                0x0000045b       0x32 C:/ST/STM32CubeIDE_1.16.1/STM32CubeIDE/plugins/com.st.stm32cube.ide.mcu.externaltools.gnu-tools-for-stm32.12.3.rel1.win32_1.0.200.202406191623/tools/bin/../lib/gcc/arm-none-eabi/12.3.1/../../../../arm-none-eabi/lib/thumb/v7e-m+dp/hard\libc_nano.a(libc_a-memset.o)
 .ARM.attributes
                0x0000048d       0x32 C:/ST/STM32CubeIDE_1.16.1/STM32CubeIDE/plugins/com.st.stm32cube.ide.mcu.externaltools.gnu-tools-for-stm32.12.3.rel1.win32_1.0.200.202406191623/tools/bin/../lib/gcc/arm-none-eabi/12.3.1/../../../../arm-none-eabi/lib/thumb/v7e-m+dp/hard\libc_nano.a(libc_a-init.o)
 .ARM.attributes
                0x000004bf       0x20 C:/ST/STM32CubeIDE_1.16.1/STM32CubeIDE/plugins/com.st.stm32cube.ide.mcu.externaltools.gnu-tools-for-stm32.12.3.rel1.win32_1.0.200.202406191623/tools/bin/../lib/gcc/arm-none-eabi/12.3.1/thumb/v7e-m+dp/hard\libgcc.a(_aeabi_uldivmod.o)
 .ARM.attributes
                0x000004df       0x32 C:/ST/STM32CubeIDE_1.16.1/STM32CubeIDE/plugins/com.st.stm32cube.ide.mcu.externaltools.gnu-tools-for-stm32.12.3.rel1.win32_1.0.200.202406191623/tools/bin/../lib/gcc/arm-none-eabi/12.3.1/thumb/v7e-m+dp/hard\libgcc.a(_udivmoddi4.o)
 .ARM.attributes
                0x00000511       0x20 C:/ST/STM32CubeIDE_1.16.1/STM32CubeIDE/plugins/com.st.stm32cube.ide.mcu.externaltools.gnu-tools-for-stm32.12.3.rel1.win32_1.0.200.202406191623/tools/bin/../lib/gcc/arm-none-eabi/12.3.1/thumb/v7e-m+dp/hard\libgcc.a(_dvmd_tls.o)
 .ARM.attributes
                0x00000531       0x20 C:/ST/STM32CubeIDE_1.16.1/STM32CubeIDE/plugins/com.st.stm32cube.ide.mcu.externaltools.gnu-tools-for-stm32.12.3.rel1.win32_1.0.200.202406191623/tools/bin/../lib/gcc/arm-none-eabi/12.3.1/thumb/v7e-m+dp/hard/crtn.o
OUTPUT(FirstUart.elf elf32-littlearm)
LOAD linker stubs
LOAD C:/ST/STM32CubeIDE_1.16.1/STM32CubeIDE/plugins/com.st.stm32cube.ide.mcu.externaltools.gnu-tools-for-stm32.12.3.rel1.win32_1.0.200.202406191623/tools/bin/../lib/gcc/arm-none-eabi/12.3.1/../../../../arm-none-eabi/lib/thumb/v7e-m+dp/hard\libc.a
LOAD C:/ST/STM32CubeIDE_1.16.1/STM32CubeIDE/plugins/com.st.stm32cube.ide.mcu.externaltools.gnu-tools-for-stm32.12.3.rel1.win32_1.0.200.202406191623/tools/bin/../lib/gcc/arm-none-eabi/12.3.1/../../../../arm-none-eabi/lib/thumb/v7e-m+dp/hard\libm.a
LOAD C:/ST/STM32CubeIDE_1.16.1/STM32CubeIDE/plugins/com.st.stm32cube.ide.mcu.externaltools.gnu-tools-for-stm32.12.3.rel1.win32_1.0.200.202406191623/tools/bin/../lib/gcc/arm-none-eabi/12.3.1/thumb/v7e-m+dp/hard\libgcc.a

.debug_info     0x00000000    0x1eebb
 .debug_info    0x00000000     0x3817 ./Application/User/Core/main.o
 .debug_info    0x00003817     0x30bd ./Application/User/Core/stm32h7xx_hal_msp.o
 .debug_info    0x000068d4      0x851 ./Application/User/Core/stm32h7xx_it.o
 .debug_info    0x00007125       0x30 ./Application/User/Startup/startup_stm32h753zitx.o
 .debug_info    0x00007155      0xcef ./Drivers/CMSIS/system_stm32h7xx.o
 .debug_info    0x00007e44     0x1541 ./Drivers/STM32H7xx_HAL_Driver/stm32h7xx_hal.o
 .debug_info    0x00009385     0x10b2 ./Drivers/STM32H7xx_HAL_Driver/stm32h7xx_hal_cortex.o
 .debug_info    0x0000a437      0xc27 ./Drivers/STM32H7xx_HAL_Driver/stm32h7xx_hal_dma.o
 .debug_info    0x0000b05e     0x2a30 ./Drivers/STM32H7xx_HAL_Driver/stm32h7xx_hal_eth.o
 .debug_info    0x0000da8e      0xc4b ./Drivers/STM32H7xx_HAL_Driver/stm32h7xx_hal_gpio.o
 .debug_info    0x0000e6d9     0x22a1 ./Drivers/STM32H7xx_HAL_Driver/stm32h7xx_hal_i2c.o
 .debug_info    0x0001097a      0xd84 ./Drivers/STM32H7xx_HAL_Driver/stm32h7xx_hal_i2c_ex.o
 .debug_info    0x000116fe     0x1561 ./Drivers/STM32H7xx_HAL_Driver/stm32h7xx_hal_pcd.o
 .debug_info    0x00012c5f      0x8b3 ./Drivers/STM32H7xx_HAL_Driver/stm32h7xx_hal_pcd_ex.o
 .debug_info    0x00013512     0x1008 ./Drivers/STM32H7xx_HAL_Driver/stm32h7xx_hal_pwr_ex.o
 .debug_info    0x0001451a      0xe5b ./Drivers/STM32H7xx_HAL_Driver/stm32h7xx_hal_rcc.o
 .debug_info    0x00015375     0x1216 ./Drivers/STM32H7xx_HAL_Driver/stm32h7xx_hal_rcc_ex.o
 .debug_info    0x0001658b     0x1440 ./Drivers/STM32H7xx_HAL_Driver/stm32h7xx_hal_spi.o
 .debug_info    0x000179cb     0x4b13 ./Drivers/STM32H7xx_HAL_Driver/stm32h7xx_hal_uart.o
 .debug_info    0x0001c4de      0xfbf ./Drivers/STM32H7xx_HAL_Driver/stm32h7xx_hal_uart_ex.o
 .debug_info    0x0001d49d     0x1a1e ./Drivers/STM32H7xx_HAL_Driver/stm32h7xx_ll_usb.o

.debug_abbrev   0x00000000     0x3360
 .debug_abbrev  0x00000000      0x3b5 ./Application/User/Core/main.o
 .debug_abbrev  0x000003b5      0x2a0 ./Application/User/Core/stm32h7xx_hal_msp.o
 .debug_abbrev  0x00000655      0x171 ./Application/User/Core/stm32h7xx_it.o
 .debug_abbrev  0x000007c6       0x24 ./Application/User/Startup/startup_stm32h753zitx.o
 .debug_abbrev  0x000007ea      0x14c ./Drivers/CMSIS/system_stm32h7xx.o
 .debug_abbrev  0x00000936      0x295 ./Drivers/STM32H7xx_HAL_Driver/stm32h7xx_hal.o
 .debug_abbrev  0x00000bcb      0x339 ./Drivers/STM32H7xx_HAL_Driver/stm32h7xx_hal_cortex.o
 .debug_abbrev  0x00000f04      0x248 ./Drivers/STM32H7xx_HAL_Driver/stm32h7xx_hal_dma.o
 .debug_abbrev  0x0000114c      0x347 ./Drivers/STM32H7xx_HAL_Driver/stm32h7xx_hal_eth.o
 .debug_abbrev  0x00001493      0x1fe ./Drivers/STM32H7xx_HAL_Driver/stm32h7xx_hal_gpio.o
 .debug_abbrev  0x00001691      0x25d ./Drivers/STM32H7xx_HAL_Driver/stm32h7xx_hal_i2c.o
 .debug_abbrev  0x000018ee      0x1f5 ./Drivers/STM32H7xx_HAL_Driver/stm32h7xx_hal_i2c_ex.o
 .debug_abbrev  0x00001ae3      0x2dc ./Drivers/STM32H7xx_HAL_Driver/stm32h7xx_hal_pcd.o
 .debug_abbrev  0x00001dbf      0x256 ./Drivers/STM32H7xx_HAL_Driver/stm32h7xx_hal_pcd_ex.o
 .debug_abbrev  0x00002015      0x2a7 ./Drivers/STM32H7xx_HAL_Driver/stm32h7xx_hal_pwr_ex.o
 .debug_abbrev  0x000022bc      0x2c8 ./Drivers/STM32H7xx_HAL_Driver/stm32h7xx_hal_rcc.o
 .debug_abbrev  0x00002584      0x269 ./Drivers/STM32H7xx_HAL_Driver/stm32h7xx_hal_rcc_ex.o
 .debug_abbrev  0x000027ed      0x2b1 ./Drivers/STM32H7xx_HAL_Driver/stm32h7xx_hal_spi.o
 .debug_abbrev  0x00002a9e      0x33d ./Drivers/STM32H7xx_HAL_Driver/stm32h7xx_hal_uart.o
 .debug_abbrev  0x00002ddb      0x2d2 ./Drivers/STM32H7xx_HAL_Driver/stm32h7xx_hal_uart_ex.o
 .debug_abbrev  0x000030ad      0x2b3 ./Drivers/STM32H7xx_HAL_Driver/stm32h7xx_ll_usb.o

.debug_aranges  0x00000000     0x14f0
 .debug_aranges
                0x00000000       0x90 ./Application/User/Core/main.o
 .debug_aranges
                0x00000090       0x70 ./Application/User/Core/stm32h7xx_hal_msp.o
 .debug_aranges
                0x00000100       0x70 ./Application/User/Core/stm32h7xx_it.o
 .debug_aranges
                0x00000170       0x28 ./Application/User/Startup/startup_stm32h753zitx.o
 .debug_aranges
                0x00000198       0x28 ./Drivers/CMSIS/system_stm32h7xx.o
 .debug_aranges
                0x000001c0      0x198 ./Drivers/STM32H7xx_HAL_Driver/stm32h7xx_hal.o
 .debug_aranges
                0x00000358      0x130 ./Drivers/STM32H7xx_HAL_Driver/stm32h7xx_hal_cortex.o
 .debug_aranges
                0x00000488       0xa0 ./Drivers/STM32H7xx_HAL_Driver/stm32h7xx_hal_dma.o
 .debug_aranges
                0x00000528      0x1d8 ./Drivers/STM32H7xx_HAL_Driver/stm32h7xx_hal_eth.o
 .debug_aranges
                0x00000700       0x58 ./Drivers/STM32H7xx_HAL_Driver/stm32h7xx_hal_gpio.o
 .debug_aranges
                0x00000758      0x2a0 ./Drivers/STM32H7xx_HAL_Driver/stm32h7xx_hal_i2c.o
 .debug_aranges
                0x000009f8       0x48 ./Drivers/STM32H7xx_HAL_Driver/stm32h7xx_hal_i2c_ex.o
 .debug_aranges
                0x00000a40      0x140 ./Drivers/STM32H7xx_HAL_Driver/stm32h7xx_hal_pcd.o
 .debug_aranges
                0x00000b80       0x60 ./Drivers/STM32H7xx_HAL_Driver/stm32h7xx_hal_pcd_ex.o
 .debug_aranges
                0x00000be0      0x158 ./Drivers/STM32H7xx_HAL_Driver/stm32h7xx_hal_pwr_ex.o
 .debug_aranges
                0x00000d38       0x88 ./Drivers/STM32H7xx_HAL_Driver/stm32h7xx_hal_rcc.o
 .debug_aranges
                0x00000dc0       0xf8 ./Drivers/STM32H7xx_HAL_Driver/stm32h7xx_hal_rcc_ex.o
 .debug_aranges
                0x00000eb8      0x1a8 ./Drivers/STM32H7xx_HAL_Driver/stm32h7xx_hal_spi.o
 .debug_aranges
                0x00001060      0x248 ./Drivers/STM32H7xx_HAL_Driver/stm32h7xx_hal_uart.o
 .debug_aranges
                0x000012a8       0xa8 ./Drivers/STM32H7xx_HAL_Driver/stm32h7xx_hal_uart_ex.o
 .debug_aranges
                0x00001350      0x1a0 ./Drivers/STM32H7xx_HAL_Driver/stm32h7xx_ll_usb.o

.debug_rnglists
                0x00000000     0x1059
 .debug_rnglists
                0x00000000       0x6e ./Application/User/Core/main.o
 .debug_rnglists
                0x0000006e       0x55 ./Application/User/Core/stm32h7xx_hal_msp.o
 .debug_rnglists
                0x000000c3       0x4f ./Application/User/Core/stm32h7xx_it.o
 .debug_rnglists
                0x00000112       0x19 ./Application/User/Startup/startup_stm32h753zitx.o
 .debug_rnglists
                0x0000012b       0x1b ./Drivers/CMSIS/system_stm32h7xx.o
 .debug_rnglists
                0x00000146      0x131 ./Drivers/STM32H7xx_HAL_Driver/stm32h7xx_hal.o
 .debug_rnglists
                0x00000277       0xe0 ./Drivers/STM32H7xx_HAL_Driver/stm32h7xx_hal_cortex.o
 .debug_rnglists
                0x00000357       0x82 ./Drivers/STM32H7xx_HAL_Driver/stm32h7xx_hal_dma.o
 .debug_rnglists
                0x000003d9      0x176 ./Drivers/STM32H7xx_HAL_Driver/stm32h7xx_hal_eth.o
 .debug_rnglists
                0x0000054f       0x3f ./Drivers/STM32H7xx_HAL_Driver/stm32h7xx_hal_gpio.o
 .debug_rnglists
                0x0000058e      0x22a ./Drivers/STM32H7xx_HAL_Driver/stm32h7xx_hal_i2c.o
 .debug_rnglists
                0x000007b8       0x35 ./Drivers/STM32H7xx_HAL_Driver/stm32h7xx_hal_i2c_ex.o
 .debug_rnglists
                0x000007ed       0xf4 ./Drivers/STM32H7xx_HAL_Driver/stm32h7xx_hal_pcd.o
 .debug_rnglists
                0x000008e1       0x45 ./Drivers/STM32H7xx_HAL_Driver/stm32h7xx_hal_pcd_ex.o
 .debug_rnglists
                0x00000926      0x103 ./Drivers/STM32H7xx_HAL_Driver/stm32h7xx_hal_pwr_ex.o
 .debug_rnglists
                0x00000a29       0x68 ./Drivers/STM32H7xx_HAL_Driver/stm32h7xx_hal_rcc.o
 .debug_rnglists
                0x00000a91       0xc0 ./Drivers/STM32H7xx_HAL_Driver/stm32h7xx_hal_rcc_ex.o
 .debug_rnglists
                0x00000b51      0x148 ./Drivers/STM32H7xx_HAL_Driver/stm32h7xx_hal_spi.o
 .debug_rnglists
                0x00000c99      0x1fa ./Drivers/STM32H7xx_HAL_Driver/stm32h7xx_hal_uart.o
 .debug_rnglists
                0x00000e93       0x7f ./Drivers/STM32H7xx_HAL_Driver/stm32h7xx_hal_uart_ex.o
 .debug_rnglists
                0x00000f12      0x147 ./Drivers/STM32H7xx_HAL_Driver/stm32h7xx_ll_usb.o

.debug_macro    0x00000000    0x38e57
 .debug_macro   0x00000000      0x35a ./Application/User/Core/main.o
 .debug_macro   0x0000035a      0xacc ./Application/User/Core/main.o
 .debug_macro   0x00000e26      0x244 ./Application/User/Core/main.o
 .debug_macro   0x0000106a       0x2e ./Application/User/Core/main.o
 .debug_macro   0x00001098       0x3b ./Application/User/Core/main.o
 .debug_macro   0x000010d3       0x22 ./Application/User/Core/main.o
 .debug_macro   0x000010f5       0x8e ./Application/User/Core/main.o
 .debug_macro   0x00001183       0x51 ./Application/User/Core/main.o
 .debug_macro   0x000011d4      0x103 ./Application/User/Core/main.o
 .debug_macro   0x000012d7       0x6a ./Application/User/Core/main.o
 .debug_macro   0x00001341      0x1df ./Application/User/Core/main.o
 .debug_macro   0x00001520       0x1c ./Application/User/Core/main.o
 .debug_macro   0x0000153c       0x22 ./Application/User/Core/main.o
 .debug_macro   0x0000155e       0xfb ./Application/User/Core/main.o
 .debug_macro   0x00001659     0x1305 ./Application/User/Core/main.o
 .debug_macro   0x0000295e      0x11f ./Application/User/Core/main.o
 .debug_macro   0x00002a7d       0x27 ./Application/User/Core/main.o
 .debug_macro   0x00002aa4    0x25f24 ./Application/User/Core/main.o
 .debug_macro   0x000289c8       0x6d ./Application/User/Core/main.o
 .debug_macro   0x00028a35     0x3d79 ./Application/User/Core/main.o
 .debug_macro   0x0002c7ae      0x189 ./Application/User/Core/main.o
 .debug_macro   0x0002c937       0x61 ./Application/User/Core/main.o
 .debug_macro   0x0002c998       0x29 ./Application/User/Core/main.o
 .debug_macro   0x0002c9c1       0x43 ./Application/User/Core/main.o
 .debug_macro   0x0002ca04       0x34 ./Application/User/Core/main.o
 .debug_macro   0x0002ca38       0x16 ./Application/User/Core/main.o
 .debug_macro   0x0002ca4e       0x43 ./Application/User/Core/main.o
 .debug_macro   0x0002ca91       0x34 ./Application/User/Core/main.o
 .debug_macro   0x0002cac5       0x10 ./Application/User/Core/main.o
 .debug_macro   0x0002cad5       0x58 ./Application/User/Core/main.o
 .debug_macro   0x0002cb2d       0x8e ./Application/User/Core/main.o
 .debug_macro   0x0002cbbb       0x1c ./Application/User/Core/main.o
 .debug_macro   0x0002cbd7      0x177 ./Application/User/Core/main.o
 .debug_macro   0x0002cd4e      0x369 ./Application/User/Core/main.o
 .debug_macro   0x0002d0b7      0x19b ./Application/User/Core/main.o
 .debug_macro   0x0002d252       0x5d ./Application/User/Core/main.o
 .debug_macro   0x0002d2af     0x240e ./Application/User/Core/main.o
 .debug_macro   0x0002f6bd     0x102c ./Application/User/Core/main.o
 .debug_macro   0x000306e9      0x154 ./Application/User/Core/main.o
 .debug_macro   0x0003083d      0x114 ./Application/User/Core/main.o
 .debug_macro   0x00030951      0x3b6 ./Application/User/Core/main.o
 .debug_macro   0x00030d07       0xac ./Application/User/Core/main.o
 .debug_macro   0x00030db3      0x72d ./Application/User/Core/main.o
 .debug_macro   0x000314e0      0x228 ./Application/User/Core/main.o
 .debug_macro   0x00031708       0x66 ./Application/User/Core/main.o
 .debug_macro   0x0003176e      0x3bb ./Application/User/Core/main.o
 .debug_macro   0x00031b29      0xa80 ./Application/User/Core/main.o
 .debug_macro   0x000325a9      0x129 ./Application/User/Core/main.o
 .debug_macro   0x000326d2      0x3e4 ./Application/User/Core/main.o
 .debug_macro   0x00032ab6      0x275 ./Application/User/Core/main.o
 .debug_macro   0x00032d2b      0x3ca ./Application/User/Core/main.o
 .debug_macro   0x000330f5      0x408 ./Application/User/Core/main.o
 .debug_macro   0x000334fd       0x51 ./Application/User/Core/main.o
 .debug_macro   0x0003354e       0x4a ./Application/User/Core/main.o
 .debug_macro   0x00033598      0x22c ./Application/User/Core/main.o
 .debug_macro   0x000337c4       0x67 ./Application/User/Core/main.o
 .debug_macro   0x0003382b       0xa5 ./Application/User/Core/main.o
 .debug_macro   0x000338d0      0x1c4 ./Application/User/Core/main.o
 .debug_macro   0x00033a94      0x25e ./Application/User/Core/main.o
 .debug_macro   0x00033cf2       0x35 ./Application/User/Core/main.o
 .debug_macro   0x00033d27      0x5e4 ./Application/User/Core/main.o
 .debug_macro   0x0003430b       0xc1 ./Application/User/Core/main.o
 .debug_macro   0x000343cc      0x693 ./Application/User/Core/main.o
 .debug_macro   0x00034a5f       0xa6 ./Application/User/Core/main.o
 .debug_macro   0x00034b05      0x293 ./Application/User/Core/main.o
 .debug_macro   0x00034d98       0x90 ./Application/User/Core/main.o
 .debug_macro   0x00034e28      0x5a0 ./Application/User/Core/main.o
 .debug_macro   0x000353c8       0x52 ./Application/User/Core/main.o
 .debug_macro   0x0003541a       0x16 ./Application/User/Core/main.o
 .debug_macro   0x00035430       0x35 ./Application/User/Core/main.o
 .debug_macro   0x00035465       0x20 ./Application/User/Core/main.o
 .debug_macro   0x00035485      0x2f4 ./Application/User/Core/stm32h7xx_hal_msp.o
 .debug_macro   0x00035779      0x2fe ./Application/User/Core/stm32h7xx_it.o
 .debug_macro   0x00035a77      0x2e5 ./Drivers/CMSIS/system_stm32h7xx.o
 .debug_macro   0x00035d5c      0x30f ./Drivers/STM32H7xx_HAL_Driver/stm32h7xx_hal.o
 .debug_macro   0x0003606b      0x2e5 ./Drivers/STM32H7xx_HAL_Driver/stm32h7xx_hal_cortex.o
 .debug_macro   0x00036350      0x339 ./Drivers/STM32H7xx_HAL_Driver/stm32h7xx_hal_dma.o
 .debug_macro   0x00036689      0x379 ./Drivers/STM32H7xx_HAL_Driver/stm32h7xx_hal_eth.o
 .debug_macro   0x00036a02      0x2ec ./Drivers/STM32H7xx_HAL_Driver/stm32h7xx_hal_gpio.o
 .debug_macro   0x00036cee      0x3b1 ./Drivers/STM32H7xx_HAL_Driver/stm32h7xx_hal_i2c.o
 .debug_macro   0x0003709f      0x2e5 ./Drivers/STM32H7xx_HAL_Driver/stm32h7xx_hal_i2c_ex.o
 .debug_macro   0x00037384      0x2f1 ./Drivers/STM32H7xx_HAL_Driver/stm32h7xx_hal_pcd.o
 .debug_macro   0x00037675      0x2e5 ./Drivers/STM32H7xx_HAL_Driver/stm32h7xx_hal_pcd_ex.o
 .debug_macro   0x0003795a      0x31e ./Drivers/STM32H7xx_HAL_Driver/stm32h7xx_hal_pwr_ex.o
 .debug_macro   0x00037c78      0x309 ./Drivers/STM32H7xx_HAL_Driver/stm32h7xx_hal_rcc.o
 .debug_macro   0x00037f81      0x303 ./Drivers/STM32H7xx_HAL_Driver/stm32h7xx_hal_rcc_ex.o
 .debug_macro   0x00038284      0x2ed ./Drivers/STM32H7xx_HAL_Driver/stm32h7xx_hal_spi.o
 .debug_macro   0x00038571      0x310 ./Drivers/STM32H7xx_HAL_Driver/stm32h7xx_hal_uart.o
 .debug_macro   0x00038881      0x2f1 ./Drivers/STM32H7xx_HAL_Driver/stm32h7xx_hal_uart_ex.o
 .debug_macro   0x00038b72      0x2e5 ./Drivers/STM32H7xx_HAL_Driver/stm32h7xx_ll_usb.o

.debug_line     0x00000000    0x1e924
 .debug_line    0x00000000      0xdbf ./Application/User/Core/main.o
 .debug_line    0x00000dbf      0xbd8 ./Application/User/Core/stm32h7xx_hal_msp.o
 .debug_line    0x00001997      0xa8f ./Application/User/Core/stm32h7xx_it.o
 .debug_line    0x00002426       0x7a ./Application/User/Startup/startup_stm32h753zitx.o
 .debug_line    0x000024a0      0xb58 ./Drivers/CMSIS/system_stm32h7xx.o
 .debug_line    0x00002ff8      0xf4d ./Drivers/STM32H7xx_HAL_Driver/stm32h7xx_hal.o
 .debug_line    0x00003f45      0xf7c ./Drivers/STM32H7xx_HAL_Driver/stm32h7xx_hal_cortex.o
 .debug_line    0x00004ec1     0x28b0 ./Drivers/STM32H7xx_HAL_Driver/stm32h7xx_hal_dma.o
 .debug_line    0x00007771     0x1ce6 ./Drivers/STM32H7xx_HAL_Driver/stm32h7xx_hal_eth.o
 .debug_line    0x00009457      0xe25 ./Drivers/STM32H7xx_HAL_Driver/stm32h7xx_hal_gpio.o
 .debug_line    0x0000a27c     0x3fb9 ./Drivers/STM32H7xx_HAL_Driver/stm32h7xx_hal_i2c.o
 .debug_line    0x0000e235      0xbba ./Drivers/STM32H7xx_HAL_Driver/stm32h7xx_hal_i2c_ex.o
 .debug_line    0x0000edef     0x1768 ./Drivers/STM32H7xx_HAL_Driver/stm32h7xx_hal_pcd.o
 .debug_line    0x00010557      0xbaa ./Drivers/STM32H7xx_HAL_Driver/stm32h7xx_hal_pcd_ex.o
 .debug_line    0x00011101     0x1070 ./Drivers/STM32H7xx_HAL_Driver/stm32h7xx_hal_pwr_ex.o
 .debug_line    0x00012171     0x151d ./Drivers/STM32H7xx_HAL_Driver/stm32h7xx_hal_rcc.o
 .debug_line    0x0001368e     0x1e35 ./Drivers/STM32H7xx_HAL_Driver/stm32h7xx_hal_rcc_ex.o
 .debug_line    0x000154c3     0x246d ./Drivers/STM32H7xx_HAL_Driver/stm32h7xx_hal_spi.o
 .debug_line    0x00017930     0x3fdb ./Drivers/STM32H7xx_HAL_Driver/stm32h7xx_hal_uart.o
 .debug_line    0x0001b90b      0xfeb ./Drivers/STM32H7xx_HAL_Driver/stm32h7xx_hal_uart_ex.o
 .debug_line    0x0001c8f6     0x202e ./Drivers/STM32H7xx_HAL_Driver/stm32h7xx_ll_usb.o

.debug_str      0x00000000   0x16657b
 .debug_str     0x00000000   0x15f866 ./Application/User/Core/main.o
                             0x15ff32 (size before relaxing)
 .debug_str     0x0015f866      0x47f ./Application/User/Core/stm32h7xx_hal_msp.o
                             0x15fba7 (size before relaxing)
 .debug_str     0x0015fce5      0x14e ./Application/User/Core/stm32h7xx_it.o
                             0x15db81 (size before relaxing)
 .debug_str     0x0015fe33       0x50 ./Application/User/Startup/startup_stm32h753zitx.o
                                 0x97 (size before relaxing)
 .debug_str     0x0015fe83      0x361 ./Drivers/CMSIS/system_stm32h7xx.o
                             0x15d90b (size before relaxing)
 .debug_str     0x001601e4      0x82a ./Drivers/STM32H7xx_HAL_Driver/stm32h7xx_hal.o
                             0x15e830 (size before relaxing)
 .debug_str     0x00160a0e      0x395 ./Drivers/STM32H7xx_HAL_Driver/stm32h7xx_hal_cortex.o
                             0x15e26b (size before relaxing)
 .debug_str     0x00160da3      0x8b4 ./Drivers/STM32H7xx_HAL_Driver/stm32h7xx_hal_dma.o
                             0x15e045 (size before relaxing)
 .debug_str     0x00161657     0x1067 ./Drivers/STM32H7xx_HAL_Driver/stm32h7xx_hal_eth.o
                             0x15f190 (size before relaxing)
 .debug_str     0x001626be       0xe4 ./Drivers/STM32H7xx_HAL_Driver/stm32h7xx_hal_gpio.o
                             0x15d8c2 (size before relaxing)
 .debug_str     0x001627a2      0xdbe ./Drivers/STM32H7xx_HAL_Driver/stm32h7xx_hal_i2c.o
                             0x15e95a (size before relaxing)
 .debug_str     0x00163560       0xe9 ./Drivers/STM32H7xx_HAL_Driver/stm32h7xx_hal_i2c_ex.o
                             0x15dd07 (size before relaxing)
 .debug_str     0x00163649      0x836 ./Drivers/STM32H7xx_HAL_Driver/stm32h7xx_hal_pcd.o
                             0x15e076 (size before relaxing)
 .debug_str     0x00163e7f      0x1a0 ./Drivers/STM32H7xx_HAL_Driver/stm32h7xx_hal_pcd_ex.o
                             0x15da14 (size before relaxing)
 .debug_str     0x0016401f      0x649 ./Drivers/STM32H7xx_HAL_Driver/stm32h7xx_hal_pwr_ex.o
                             0x15dd83 (size before relaxing)
 .debug_str     0x00164668      0x24b ./Drivers/STM32H7xx_HAL_Driver/stm32h7xx_hal_rcc.o
                             0x15dca6 (size before relaxing)
 .debug_str     0x001648b3      0x66a ./Drivers/STM32H7xx_HAL_Driver/stm32h7xx_hal_rcc_ex.o
                             0x15e187 (size before relaxing)
 .debug_str     0x00164f1d      0x53e ./Drivers/STM32H7xx_HAL_Driver/stm32h7xx_hal_spi.o
                             0x15dfca (size before relaxing)
 .debug_str     0x0016545b      0x9b2 ./Drivers/STM32H7xx_HAL_Driver/stm32h7xx_hal_uart.o
                             0x15e7e7 (size before relaxing)
 .debug_str     0x00165e0d      0x292 ./Drivers/STM32H7xx_HAL_Driver/stm32h7xx_hal_uart_ex.o
                             0x15dda7 (size before relaxing)
 .debug_str     0x0016609f      0x4dc ./Drivers/STM32H7xx_HAL_Driver/stm32h7xx_ll_usb.o
                             0x15df70 (size before relaxing)

.comment        0x00000000       0x43
 .comment       0x00000000       0x43 ./Application/User/Core/main.o
                                 0x44 (size before relaxing)
 .comment       0x00000043       0x44 ./Application/User/Core/stm32h7xx_hal_msp.o
 .comment       0x00000043       0x44 ./Application/User/Core/stm32h7xx_it.o
 .comment       0x00000043       0x44 ./Drivers/CMSIS/system_stm32h7xx.o
 .comment       0x00000043       0x44 ./Drivers/STM32H7xx_HAL_Driver/stm32h7xx_hal.o
 .comment       0x00000043       0x44 ./Drivers/STM32H7xx_HAL_Driver/stm32h7xx_hal_cortex.o
 .comment       0x00000043       0x44 ./Drivers/STM32H7xx_HAL_Driver/stm32h7xx_hal_dma.o
 .comment       0x00000043       0x44 ./Drivers/STM32H7xx_HAL_Driver/stm32h7xx_hal_eth.o
 .comment       0x00000043       0x44 ./Drivers/STM32H7xx_HAL_Driver/stm32h7xx_hal_gpio.o
 .comment       0x00000043       0x44 ./Drivers/STM32H7xx_HAL_Driver/stm32h7xx_hal_i2c.o
 .comment       0x00000043       0x44 ./Drivers/STM32H7xx_HAL_Driver/stm32h7xx_hal_i2c_ex.o
 .comment       0x00000043       0x44 ./Drivers/STM32H7xx_HAL_Driver/stm32h7xx_hal_pcd.o
 .comment       0x00000043       0x44 ./Drivers/STM32H7xx_HAL_Driver/stm32h7xx_hal_pcd_ex.o
 .comment       0x00000043       0x44 ./Drivers/STM32H7xx_HAL_Driver/stm32h7xx_hal_pwr_ex.o
 .comment       0x00000043       0x44 ./Drivers/STM32H7xx_HAL_Driver/stm32h7xx_hal_rcc.o
 .comment       0x00000043       0x44 ./Drivers/STM32H7xx_HAL_Driver/stm32h7xx_hal_rcc_ex.o
 .comment       0x00000043       0x44 ./Drivers/STM32H7xx_HAL_Driver/stm32h7xx_hal_spi.o
 .comment       0x00000043       0x44 ./Drivers/STM32H7xx_HAL_Driver/stm32h7xx_hal_uart.o
 .comment       0x00000043       0x44 ./Drivers/STM32H7xx_HAL_Driver/stm32h7xx_hal_uart_ex.o
 .comment       0x00000043       0x44 ./Drivers/STM32H7xx_HAL_Driver/stm32h7xx_ll_usb.o

.debug_frame    0x00000000     0x5aa0
 .debug_frame   0x00000000      0x1f8 ./Application/User/Core/main.o
 .debug_frame   0x000001f8      0x1b0 ./Application/User/Core/stm32h7xx_hal_msp.o
 .debug_frame   0x000003a8      0x13c ./Application/User/Core/stm32h7xx_it.o
 .debug_frame   0x000004e4       0x58 ./Drivers/CMSIS/system_stm32h7xx.o
 .debug_frame   0x0000053c      0x690 ./Drivers/STM32H7xx_HAL_Driver/stm32h7xx_hal.o
 .debug_frame   0x00000bcc      0x508 ./Drivers/STM32H7xx_HAL_Driver/stm32h7xx_hal_cortex.o
 .debug_frame   0x000010d4      0x2b4 ./Drivers/STM32H7xx_HAL_Driver/stm32h7xx_hal_dma.o
 .debug_frame   0x00001388      0x894 ./Drivers/STM32H7xx_HAL_Driver/stm32h7xx_hal_eth.o
 .debug_frame   0x00001c1c      0x14c ./Drivers/STM32H7xx_HAL_Driver/stm32h7xx_hal_gpio.o
 .debug_frame   0x00001d68      0xc40 ./Drivers/STM32H7xx_HAL_Driver/stm32h7xx_hal_i2c.o
 .debug_frame   0x000029a8      0x100 ./Drivers/STM32H7xx_HAL_Driver/stm32h7xx_hal_i2c_ex.o
 .debug_frame   0x00002aa8      0x590 ./Drivers/STM32H7xx_HAL_Driver/stm32h7xx_hal_pcd.o
 .debug_frame   0x00003038      0x174 ./Drivers/STM32H7xx_HAL_Driver/stm32h7xx_hal_pcd_ex.o
 .debug_frame   0x000031ac      0x580 ./Drivers/STM32H7xx_HAL_Driver/stm32h7xx_hal_pwr_ex.o
 .debug_frame   0x0000372c      0x1f8 ./Drivers/STM32H7xx_HAL_Driver/stm32h7xx_hal_rcc.o
 .debug_frame   0x00003924      0x414 ./Drivers/STM32H7xx_HAL_Driver/stm32h7xx_hal_rcc_ex.o
 .debug_frame   0x00003d38      0x7a8 ./Drivers/STM32H7xx_HAL_Driver/stm32h7xx_hal_spi.o
 .debug_frame   0x000044e0      0xa94 ./Drivers/STM32H7xx_HAL_Driver/stm32h7xx_hal_uart.o
 .debug_frame   0x00004f74      0x2c0 ./Drivers/STM32H7xx_HAL_Driver/stm32h7xx_hal_uart_ex.o
 .debug_frame   0x00005234      0x7c0 ./Drivers/STM32H7xx_HAL_Driver/stm32h7xx_ll_usb.o
 .debug_frame   0x000059f4       0x20 C:/ST/STM32CubeIDE_1.16.1/STM32CubeIDE/plugins/com.st.stm32cube.ide.mcu.externaltools.gnu-tools-for-stm32.12.3.rel1.win32_1.0.200.202406191623/tools/bin/../lib/gcc/arm-none-eabi/12.3.1/../../../../arm-none-eabi/lib/thumb/v7e-m+dp/hard\libc_nano.a(libc_a-memset.o)
 .debug_frame   0x00005a14       0x2c C:/ST/STM32CubeIDE_1.16.1/STM32CubeIDE/plugins/com.st.stm32cube.ide.mcu.externaltools.gnu-tools-for-stm32.12.3.rel1.win32_1.0.200.202406191623/tools/bin/../lib/gcc/arm-none-eabi/12.3.1/../../../../arm-none-eabi/lib/thumb/v7e-m+dp/hard\libc_nano.a(libc_a-init.o)
 .debug_frame   0x00005a40       0x2c C:/ST/STM32CubeIDE_1.16.1/STM32CubeIDE/plugins/com.st.stm32cube.ide.mcu.externaltools.gnu-tools-for-stm32.12.3.rel1.win32_1.0.200.202406191623/tools/bin/../lib/gcc/arm-none-eabi/12.3.1/thumb/v7e-m+dp/hard\libgcc.a(_aeabi_uldivmod.o)
 .debug_frame   0x00005a6c       0x34 C:/ST/STM32CubeIDE_1.16.1/STM32CubeIDE/plugins/com.st.stm32cube.ide.mcu.externaltools.gnu-tools-for-stm32.12.3.rel1.win32_1.0.200.202406191623/tools/bin/../lib/gcc/arm-none-eabi/12.3.1/thumb/v7e-m+dp/hard\libgcc.a(_udivmoddi4.o)

.debug_line_str
                0x00000000       0x7b
 .debug_line_str
                0x00000000       0x7b ./Application/User/Startup/startup_stm32h753zitx.o
