Archive member included to satisfy reference by file (symbol)

C:/ST/STM32CubeIDE_1.16.1/STM32CubeIDE/plugins/com.st.stm32cube.ide.mcu.externaltools.gnu-tools-for-stm32.12.3.rel1.win32_1.0.200.202406191623/tools/bin/../lib/gcc/arm-none-eabi/12.3.1/../../../../arm-none-eabi/lib/thumb/v7e-m+dp/hard\libc_nano.a(libc_a-exit.o)
                              C:/ST/STM32CubeIDE_1.16.1/STM32CubeIDE/plugins/com.st.stm32cube.ide.mcu.externaltools.gnu-tools-for-stm32.12.3.rel1.win32_1.0.200.202406191623/tools/bin/../lib/gcc/arm-none-eabi/12.3.1/../../../../arm-none-eabi/lib/thumb/v7e-m+dp/hard/crt0.o (exit)
C:/ST/STM32CubeIDE_1.16.1/STM32CubeIDE/plugins/com.st.stm32cube.ide.mcu.externaltools.gnu-tools-for-stm32.12.3.rel1.win32_1.0.200.202406191623/tools/bin/../lib/gcc/arm-none-eabi/12.3.1/../../../../arm-none-eabi/lib/thumb/v7e-m+dp/hard\libc_nano.a(libc_a-findfp.o)
                              C:/ST/STM32CubeIDE_1.16.1/STM32CubeIDE/plugins/com.st.stm32cube.ide.mcu.externaltools.gnu-tools-for-stm32.12.3.rel1.win32_1.0.200.202406191623/tools/bin/../lib/gcc/arm-none-eabi/12.3.1/../../../../arm-none-eabi/lib/thumb/v7e-m+dp/hard\libc_nano.a(libc_a-exit.o) (__stdio_exit_handler)
C:/ST/STM32CubeIDE_1.16.1/STM32CubeIDE/plugins/com.st.stm32cube.ide.mcu.externaltools.gnu-tools-for-stm32.12.3.rel1.win32_1.0.200.202406191623/tools/bin/../lib/gcc/arm-none-eabi/12.3.1/../../../../arm-none-eabi/lib/thumb/v7e-m+dp/hard\libc_nano.a(libc_a-fwalk.o)
                              C:/ST/STM32CubeIDE_1.16.1/STM32CubeIDE/plugins/com.st.stm32cube.ide.mcu.externaltools.gnu-tools-for-stm32.12.3.rel1.win32_1.0.200.202406191623/tools/bin/../lib/gcc/arm-none-eabi/12.3.1/../../../../arm-none-eabi/lib/thumb/v7e-m+dp/hard\libc_nano.a(libc_a-findfp.o) (_fwalk_sglue)
C:/ST/STM32CubeIDE_1.16.1/STM32CubeIDE/plugins/com.st.stm32cube.ide.mcu.externaltools.gnu-tools-for-stm32.12.3.rel1.win32_1.0.200.202406191623/tools/bin/../lib/gcc/arm-none-eabi/12.3.1/../../../../arm-none-eabi/lib/thumb/v7e-m+dp/hard\libc_nano.a(libc_a-sprintf.o)
                              ./Application/User/Core/main.o (sprintf)
C:/ST/STM32CubeIDE_1.16.1/STM32CubeIDE/plugins/com.st.stm32cube.ide.mcu.externaltools.gnu-tools-for-stm32.12.3.rel1.win32_1.0.200.202406191623/tools/bin/../lib/gcc/arm-none-eabi/12.3.1/../../../../arm-none-eabi/lib/thumb/v7e-m+dp/hard\libc_nano.a(libc_a-stdio.o)
                              C:/ST/STM32CubeIDE_1.16.1/STM32CubeIDE/plugins/com.st.stm32cube.ide.mcu.externaltools.gnu-tools-for-stm32.12.3.rel1.win32_1.0.200.202406191623/tools/bin/../lib/gcc/arm-none-eabi/12.3.1/../../../../arm-none-eabi/lib/thumb/v7e-m+dp/hard\libc_nano.a(libc_a-findfp.o) (__sread)
C:/ST/STM32CubeIDE_1.16.1/STM32CubeIDE/plugins/com.st.stm32cube.ide.mcu.externaltools.gnu-tools-for-stm32.12.3.rel1.win32_1.0.200.202406191623/tools/bin/../lib/gcc/arm-none-eabi/12.3.1/../../../../arm-none-eabi/lib/thumb/v7e-m+dp/hard\libc_nano.a(libc_a-memset.o)
                              C:/ST/STM32CubeIDE_1.16.1/STM32CubeIDE/plugins/com.st.stm32cube.ide.mcu.externaltools.gnu-tools-for-stm32.12.3.rel1.win32_1.0.200.202406191623/tools/bin/../lib/gcc/arm-none-eabi/12.3.1/../../../../arm-none-eabi/lib/thumb/v7e-m+dp/hard/crt0.o (memset)
C:/ST/STM32CubeIDE_1.16.1/STM32CubeIDE/plugins/com.st.stm32cube.ide.mcu.externaltools.gnu-tools-for-stm32.12.3.rel1.win32_1.0.200.202406191623/tools/bin/../lib/gcc/arm-none-eabi/12.3.1/../../../../arm-none-eabi/lib/thumb/v7e-m+dp/hard\libc_nano.a(libc_a-strncmp.o)
                              ./Application/User/Core/main.o (strncmp)
C:/ST/STM32CubeIDE_1.16.1/STM32CubeIDE/plugins/com.st.stm32cube.ide.mcu.externaltools.gnu-tools-for-stm32.12.3.rel1.win32_1.0.200.202406191623/tools/bin/../lib/gcc/arm-none-eabi/12.3.1/../../../../arm-none-eabi/lib/thumb/v7e-m+dp/hard\libc_nano.a(libc_a-closer.o)
                              C:/ST/STM32CubeIDE_1.16.1/STM32CubeIDE/plugins/com.st.stm32cube.ide.mcu.externaltools.gnu-tools-for-stm32.12.3.rel1.win32_1.0.200.202406191623/tools/bin/../lib/gcc/arm-none-eabi/12.3.1/../../../../arm-none-eabi/lib/thumb/v7e-m+dp/hard\libc_nano.a(libc_a-stdio.o) (_close_r)
C:/ST/STM32CubeIDE_1.16.1/STM32CubeIDE/plugins/com.st.stm32cube.ide.mcu.externaltools.gnu-tools-for-stm32.12.3.rel1.win32_1.0.200.202406191623/tools/bin/../lib/gcc/arm-none-eabi/12.3.1/../../../../arm-none-eabi/lib/thumb/v7e-m+dp/hard\libc_nano.a(libc_a-reent.o)
                              C:/ST/STM32CubeIDE_1.16.1/STM32CubeIDE/plugins/com.st.stm32cube.ide.mcu.externaltools.gnu-tools-for-stm32.12.3.rel1.win32_1.0.200.202406191623/tools/bin/../lib/gcc/arm-none-eabi/12.3.1/../../../../arm-none-eabi/lib/thumb/v7e-m+dp/hard\libc_nano.a(libc_a-closer.o) (errno)
C:/ST/STM32CubeIDE_1.16.1/STM32CubeIDE/plugins/com.st.stm32cube.ide.mcu.externaltools.gnu-tools-for-stm32.12.3.rel1.win32_1.0.200.202406191623/tools/bin/../lib/gcc/arm-none-eabi/12.3.1/../../../../arm-none-eabi/lib/thumb/v7e-m+dp/hard\libc_nano.a(libc_a-impure.o)
[...]
Memory Configuration

Name             Origin             Length             Attributes
FLASH            0x08000000         0x00200000         xr
DTCMRAM          0x20000000         0x00020000         xrw
RAM_D1           0x24000000         0x00080000         xrw
RAM_D2           0x30000000         0x00048000         xrw
RAM_D3           0x38000000         0x00010000         xrw
ITCMRAM          0x00000000         0x00010000         xrw
*default*        0x00000000         0xffffffff

Linker script and memory map

LOAD C:/ST/STM32CubeIDE_1.16.1/STM32CubeIDE/plugins/com.st.stm32cube.ide.mcu.externaltools.gnu-tools-for-stm32.12.3.rel1.win32_1.0.200.202406191623/tools/bin/../lib/gcc/arm-none-eabi/12.3.1/thumb/v7e-m+dp/hard/crti.o
LOAD C:/ST/STM32CubeIDE_1.16.1/STM32CubeIDE/plugins/com.st.stm32cube.ide.mcu.externaltools.gnu-tools-for-stm32.12.3.rel1.win32_1.0.200.202406191623/tools/bin/../lib/gcc/arm-none-eabi/12.3.1/thumb/v7e-m+dp/hard/crtbegin.o
LOAD C:/ST/STM32CubeIDE_1.16.1/STM32CubeIDE/plugins/com.st.stm32cube.ide.mcu.externaltools.gnu-tools-for-stm32.12.3.rel1.win32_1.0.200.202406191623/tools/bin/../lib/gcc/arm-none-eabi/12.3.1/../../../../arm-none-eabi/lib/thumb/v7e-m+dp/hard/crt0.o
LOAD ./Application/User/Core/main.o
LOAD ./Application/User/Core/stm32h7xx_hal_msp.o
LOAD ./Application/User/Core/stm32h7xx_it.o
LOAD ./Application/User/Core/syscalls.o
LOAD ./Application/User/Core/sysmem.o
LOAD ./Application/User/Startup/startup_stm32h753zitx.o
LOAD ./Drivers/CMSIS/system_stm32h7xx.o
LOAD ./Drivers/STM32H7xx_HAL_Driver/stm32h7xx_hal.o
LOAD ./Drivers/STM32H7xx_HAL_Driver/stm32h7xx_hal_cortex.o
LOAD ./Drivers/STM32H7xx_HAL_Driver/stm32h7xx_hal_dma.o
LOAD ./Drivers/STM32H7xx_HAL_Driver/stm32h7xx_hal_dma_ex.o
LOAD ./Drivers/STM32H7xx_HAL_Driver/stm32h7xx_hal_eth.o
LOAD ./Drivers/STM32H7xx_HAL_Driver/stm32h7xx_hal_eth_ex.o
LOAD ./Drivers/STM32H7xx_HAL_Driver/stm32h7xx_hal_exti.o
LOAD ./Drivers/STM32H7xx_HAL_Driver/stm32h7xx_hal_flash.o
LOAD ./Drivers/STM32H7xx_HAL_Driver/stm32h7xx_hal_flash_ex.o
LOAD ./Drivers/STM32H7xx_HAL_Driver/stm32h7xx_hal_gpio.o
LOAD ./Drivers/STM32H7xx_HAL_Driver/stm32h7xx_hal_hsem.o
LOAD ./Drivers/STM32H7xx_HAL_Driver/stm32h7xx_hal_i2c.o
LOAD ./Drivers/STM32H7xx_HAL_Driver/stm32h7xx_hal_i2c_ex.o
LOAD ./Drivers/STM32H7xx_HAL_Driver/stm32h7xx_hal_mdma.o
LOAD ./Drivers/STM32H7xx_HAL_Driver/stm32h7xx_hal_pcd.o
LOAD ./Drivers/STM32H7xx_HAL_Driver/stm32h7xx_hal_pcd_ex.o
LOAD ./Drivers/STM32H7xx_HAL_Driver/stm32h7xx_hal_pwr.o
LOAD ./Drivers/STM32H7xx_HAL_Driver/stm32h7xx_hal_pwr_ex.o
LOAD ./Drivers/STM32H7xx_HAL_Driver/stm32h7xx_hal_rcc.o
LOAD ./Drivers/STM32H7xx_HAL_Driver/stm32h7xx_hal_rcc_ex.o
LOAD ./Drivers/STM32H7xx_HAL_Driver/stm32h7xx_hal_spi.o
LOAD ./Drivers/STM32H7xx_HAL_Driver/stm32h7xx_hal_spi_ex.o
LOAD ./Drivers/STM32H7xx_HAL_Driver/stm32h7xx_hal_tim.o
LOAD ./Drivers/STM32H7xx_HAL_Driver/stm32h7xx_hal_tim_ex.o
LOAD ./Drivers/STM32H7xx_HAL_Driver/stm32h7xx_hal_uart.o
LOAD ./Drivers/STM32H7xx_HAL_Driver/stm32h7xx_hal_uart_ex.o
LOAD ./Drivers/STM32H7xx_HAL_Driver/stm32h7xx_ll_usb.o
START GROUP
LOAD C:/ST/STM32CubeIDE_1.16.1/STM32CubeIDE/plugins/com.st.stm32cube.ide.mcu.externaltools.gnu-tools-for-stm32.12.3.rel1.win32_1.0.200.202406191623/tools/bin/../lib/gcc/arm-none-eabi/12.3.1/../../../../arm-none-eabi/lib/thumb/v7e-m+dp/hard\libc_nano.a
LOAD C:/ST/STM32CubeIDE_1.16.1/STM32CubeIDE/plugins/com.st.stm32cube.ide.mcu.externaltools.gnu-tools-for-stm32.12.3.rel1.win32_1.0.200.202406191623/tools/bin/../lib/gcc/arm-none-eabi/12.3.1/../../../../arm-none-eabi/lib/thumb/v7e-m+dp/hard\libm.a
END GROUP
START GROUP
LOAD C:/ST/STM32CubeIDE_1.16.1/STM32CubeIDE/plugins/com.st.stm32cube.ide.mcu.externaltools.gnu-tools-for-stm32.12.3.rel1.win32_1.0.200.202406191623/tools/bin/../lib/gcc/arm-none-eabi/12.3.1/thumb/v7e-m+dp/hard\libgcc.a
LOAD C:/ST/STM32CubeIDE_1.16.1/STM32CubeIDE/plugins/com.st.stm32cube.ide.mcu.externaltools.gnu-tools-for-stm32.12.3.rel1.win32_1.0.200.202406191623/tools/bin/../lib/gcc/arm-none-eabi/12.3.1/../../../../arm-none-eabi/lib/thumb/v7e-m+dp/hard\libc_nano.a
END GROUP
START GROUP
LOAD C:/ST/STM32CubeIDE_1.16.1/STM32CubeIDE/plugins/com.st.stm32cube.ide.mcu.externaltools.gnu-tools-for-stm32.12.3.rel1.win32_1.0.200.202406191623/tools/bin/../lib/gcc/arm-none-eabi/12.3.1/thumb/v7e-m+dp/hard\libgcc.a
LOAD C:/ST/STM32CubeIDE_1.16.1/STM32CubeIDE/plugins/com.st.stm32cube.ide.mcu.externaltools.gnu-tools-for-stm32.12.3.rel1.win32_1.0.200.202406191623/tools/bin/../lib/gcc/arm-none-eabi/12.3.1/../../../../arm-none-eabi/lib/thumb/v7e-m+dp/hard\libc_nano.a
LOAD C:/ST/STM32CubeIDE_1.16.1/STM32CubeIDE/plugins/com.st.stm32cube.ide.mcu.externaltools.gnu-tools-for-stm32.12.3.rel1.win32_1.0.200.202406191623/tools/bin/../lib/gcc/arm-none-eabi/12.3.1/../../../../arm-none-eabi/lib/thumb/v7e-m+dp/hard\libnosys.a
END GROUP
START GROUP
LOAD C:/ST/STM32CubeIDE_1.16.1/STM32CubeIDE/plugins/com.st.stm32cube.ide.mcu.externaltools.gnu-tools-for-stm32.12.3.rel1.win32_1.0.200.202406191623/tools/bin/../lib/gcc/arm-none-eabi/12.3.1/thumb/v7e-m+dp/hard\libgcc.a
LOAD C:/ST/STM32CubeIDE_1.16.1/STM32CubeIDE/plugins/com.st.stm32cube.ide.mcu.externaltools.gnu-tools-for-stm32.12.3.rel1.win32_1.0.200.202406191623/tools/bin/../lib/gcc/arm-none-eabi/12.3.1/../../../../arm-none-eabi/lib/thumb/v7e-m+dp/hard\libc_nano.a
LOAD C:/ST/STM32CubeIDE_1.16.1/STM32CubeIDE/plugins/com.st.stm32cube.ide.mcu.externaltools.gnu-tools-for-stm32.12.3.rel1.win32_1.0.200.202406191623/tools/bin/../lib/gcc/arm-none-eabi/12.3.1/../../../../arm-none-eabi/lib/thumb/v7e-m+dp/hard\libnosys.a
END GROUP
LOAD C:/ST/STM32CubeIDE_1.16.1/STM32CubeIDE/plugins/com.st.stm32cube.ide.mcu.externaltools.gnu-tools-for-stm32.12.3.rel1.win32_1.0.200.202406191623/tools/bin/../lib/gcc/arm-none-eabi/12.3.1/thumb/v7e-m+dp/hard/crtend.o
LOAD C:/ST/STM32CubeIDE_1.16.1/STM32CubeIDE/plugins/com.st.stm32cube.ide.mcu.externaltools.gnu-tools-for-stm32.12.3.rel1.win32_1.0.200.202406191623/tools/bin/../lib/gcc/arm-none-eabi/12.3.1/thumb/v7e-m+dp/hard/crtn.o
                0x24080000                        _estack = (ORIGIN (RAM_D1) + LENGTH (RAM_D1))
                0x00000200                        _Min_Heap_Size = 0x200
                0x00000400                        _Min_Stack_Size = 0x400

.isr_vector     0x08000000      0x298
                0x08000000                        . = ALIGN (0x4)
 *(.isr_vector)
 .isr_vector    0x08000000      0x298 ./Application/User/Startup/startup_stm32h753zitx.o
                0x08000000                g_pfnVectors
                0x08000298                        . = ALIGN (0x4)

.text           0x080002a0     0xade8
                0x080002a0                        . = ALIGN (0x4)
 *(.text)
 .text          0x080002a0       0x40 C:/ST/STM32CubeIDE_1.16.1/STM32CubeIDE/plugins/com.st.stm32cube.ide.mcu.externaltools.gnu-tools-for-stm32.12.3.rel1.win32_1.0.200.202406191623/tools/bin/../lib/gcc/arm-none-eabi/12.3.1/thumb/v7e-m+dp/hard/crtbegin.o
 .text          0x080002e0       0x14 C:/ST/STM32CubeIDE_1.16.1/STM32CubeIDE/plugins/com.st.stm32cube.ide.mcu.externaltools.gnu-tools-for-stm32.12.3.rel1.win32_1.0.200.202406191623/tools/bin/../lib/gcc/arm-none-eabi/12.3.1/../../../../arm-none-eabi/lib/thumb/v7e-m+dp/hard\libc_nano.a(libc_a-strcmp.o)
                0x080002e0                strcmp
 .text          0x080002f4       0x10 C:/ST/STM32CubeIDE_1.16.1/STM32CubeIDE/plugins/com.st.stm32cube.ide.mcu.externaltools.gnu-tools-for-stm32.12.3.rel1.win32_1.0.200.202406191623/tools/bin/../lib/gcc/arm-none-eabi/12.3.1/../../../../arm-none-eabi/lib/thumb/v7e-m+dp/hard\libc_nano.a(libc_a-strlen.o)
                0x080002f4                strlen
 *fill*         0x08000304        0xc 
 .text          0x08000310       0xa0 C:/ST/STM32CubeIDE_1.16.1/STM32CubeIDE/plugins/com.st.stm32cube.ide.mcu.externaltools.gnu-tools-for-stm32.12.3.rel1.win32_1.0.200.202406191623/tools/bin/../lib/gcc/arm-none-eabi/12.3.1/../../../../arm-none-eabi/lib/thumb/v7e-m+dp/hard\libc_nano.a(libc_a-memchr.o)
                0x08000310                memchr
 .text          0x080003b0       0x30 C:/ST/STM32CubeIDE_1.16.1/STM32CubeIDE/plugins/com.st.stm32cube.ide.mcu.externaltools.gnu-tools-for-stm32.12.3.rel1.win32_1.0.200.202406191623/tools/bin/../lib/gcc/arm-none-eabi/12.3.1/thumb/v7e-m+dp/hard\libgcc.a(_aeabi_uldivmod.o)
                0x080003b0                __aeabi_uldivmod
 .text          0x080003e0      0x2bc C:/ST/STM32CubeIDE_1.16.1/STM32CubeIDE/plugins/com.st.stm32cube.ide.mcu.externaltools.gnu-tools-for-stm32.12.3.rel1.win32_1.0.200.202406191623/tools/bin/../lib/gcc/arm-none-eabi/12.3.1/thumb/v7e-m+dp/hard\libgcc.a(_udivmoddi4.o)
                0x080003e0                __udivmoddi4
 .text          0x0800069c        0x4 C:/ST/STM32CubeIDE_1.16.1/STM32CubeIDE/plugins/com.st.stm32cube.ide.mcu.externaltools.gnu-tools-for-stm32.12.3.rel1.win32_1.0.200.202406191623/tools/bin/../lib/gcc/arm-none-eabi/12.3.1/thumb/v7e-m+dp/hard\libgcc.a(_dvmd_tls.o)
                0x0800069c                __aeabi_idiv0
                0x0800069c                __aeabi_ldiv0
 *(.text*)
 .text.main     0x080006a0       0x40 ./Application/User/Core/main.o
                0x080006a0                main
 .text.SystemClock_Config
                0x080006e0      0x100 ./Application/User/Core/main.o
                0x080006e0                SystemClock_Config
 .text.MX_ETH_Init
                0x080007e0       0x98 ./Application/User/Core/main.o
 .text.MX_I2C1_Init
                0x08000878       0x80 ./Application/User/Core/main.o
 .text.MX_SPI1_Init
                0x080008f8       0xb0 ./Application/User/Core/main.o
 .text.MX_USART3_UART_Init
                0x080009a8       0x98 ./Application/User/Core/main.o
 .text.MX_USB_OTG_FS_PCD_Init
                0x08000a40       0x64 ./Application/User/Core/main.o
 .text.MX_GPIO_Init
                0x08000aa4      0x1f4 ./Application/User/Core/main.o
 .text.HAL_GPIO_EXTI_Callback
                0x08000c98       0x2c ./Application/User/Core/main.o
                0x08000c98                HAL_GPIO_EXTI_Callback
 .text.HAL_UART_RxCpltCallback
                0x08000cc4      0x164 ./Application/User/Core/main.o
                0x08000cc4                HAL_UART_RxCpltCallback
 .text.SendMessage
                0x08000e28       0x48 ./Application/User/Core/main.o
                0x08000e28                SendMessage
 .text.MAX7219_SendData
                0x08000e70       0x4c ./Application/User/Core/main.o
                0x08000e70                MAX7219_SendData
 .text.DisplayCharacter
                0x08000ebc       0x4c ./Application/User/Core/main.o
                0x08000ebc                DisplayCharacter
 .text.PCF8591_ReadAnalog
                0x08000f08       0x54 ./Application/User/Core/main.o
                0x08000f08                PCF8591_ReadAnalog
 .text.MAX7219_Init
                0x08000f5c       0x30 ./Application/User/Core/main.o
                0x08000f5c                MAX7219_Init
 .text.Error_Handler
                0x08000f8c        0xc ./Application/User/Core/main.o
                0x08000f8c                Error_Handler
 .text.HAL_MspInit
                0x08000f98       0x34 ./Application/User/Core/stm32h7xx_hal_msp.o
                0x08000f98                HAL_MspInit
 .text.HAL_ETH_MspInit
                0x08000fcc      0x19c ./Application/User/Core/stm32h7xx_hal_msp.o
                0x08000fcc                HAL_ETH_MspInit
 .text.HAL_I2C_MspInit
                0x08001168       0xd4 ./Application/User/Core/stm32h7xx_hal_msp.o
                0x08001168                HAL_I2C_MspInit
 .text.HAL_SPI_MspInit
                0x0800123c      0x140 ./Application/User/Core/stm32h7xx_hal_msp.o
                0x0800123c                HAL_SPI_MspInit
 .text.HAL_UART_MspInit
                0x0800137c       0xe4 ./Application/User/Core/stm32h7xx_hal_msp.o
                0x0800137c                HAL_UART_MspInit
 .text.HAL_PCD_MspInit
                0x08001460       0xf8 ./Application/User/Core/stm32h7xx_hal_msp.o
                0x08001460                HAL_PCD_MspInit
 .text.NMI_Handler
                0x08001558        0x8 ./Application/User/Core/stm32h7xx_it.o
                0x08001558                NMI_Handler
 .text.HardFault_Handler
                0x08001560        0x8 ./Application/User/Core/stm32h7xx_it.o
                0x08001560                HardFault_Handler
 .text.MemManage_Handler
                0x08001568        0x8 ./Application/User/Core/stm32h7xx_it.o
                0x08001568                MemManage_Handler
 .text.BusFault_Handler
                0x08001570        0x8 ./Application/User/Core/stm32h7xx_it.o
                0x08001570                BusFault_Handler
 .text.UsageFault_Handler
                0x08001578        0x8 ./Application/User/Core/stm32h7xx_it.o
                0x08001578                UsageFault_Handler
 .text.SVC_Handler
                0x08001580        0xe ./Application/User/Core/stm32h7xx_it.o
                0x08001580                SVC_Handler
 .text.DebugMon_Handler
                0x0800158e        0xe ./Application/User/Core/stm32h7xx_it.o
                0x0800158e                DebugMon_Handler
 .text.PendSV_Handler
                0x0800159c        0xe ./Application/User/Core/stm32h7xx_it.o
                0x0800159c                PendSV_Handler
 .text.SysTick_Handler
                0x080015aa        0xc ./Application/User/Core/stm32h7xx_it.o
                0x080015aa                SysTick_Handler
 *fill*         0x080015b6        0x2 
 .text.USART3_IRQHandler
                0x080015b8       0x14 ./Application/User/Core/stm32h7xx_it.o
                0x080015b8                USART3_IRQHandler
 .text.EXTI15_10_IRQHandler
                0x080015cc       0x10 ./Application/User/Core/stm32h7xx_it.o
                0x080015cc                EXTI15_10_IRQHandler
 .text._sbrk    0x080015dc       0x6c ./Application/User/Core/sysmem.o
                0x080015dc                _sbrk
 .text.Reset_Handler
                0x08001648       0x50 ./Application/User/Startup/startup_stm32h753zitx.o
                0x08001648                Reset_Handler
 .text.Default_Handler
                0x08001698        0x2 ./Application/User/Startup/startup_stm32h753zitx.o
                0x08001698                RTC_Alarm_IRQHandler
                0x08001698                HASH_RNG_IRQHandler
                0x08001698                EXTI2_IRQHandler
                0x08001698                TIM8_CC_IRQHandler
                0x08001698                HRTIM1_Master_IRQHandler
                0x08001698                UART8_IRQHandler
                0x08001698                SPI4_IRQHandler
                0x08001698                TIM1_CC_IRQHandler
                0x08001698                BDMA_Channel6_IRQHandler
                0x08001698                DMA2_Stream5_IRQHandler
                0x08001698                HRTIM1_FLT_IRQHandler
                0x08001698                JPEG_IRQHandler
                0x08001698                DMA1_Stream5_IRQHandler
                0x08001698                BDMA_Channel1_IRQHandler
                0x08001698                HRTIM1_TIMD_IRQHandler
                0x08001698                TAMP_STAMP_IRQHandler
                0x08001698                EXTI3_IRQHandler
                0x08001698                LPTIM4_IRQHandler
                0x08001698                TIM8_TRG_COM_TIM14_IRQHandler
                0x08001698                LPTIM2_IRQHandler
                0x08001698                DFSDM1_FLT1_IRQHandler
                0x08001698                DMAMUX2_OVR_IRQHandler
                0x08001698                TIM8_UP_TIM13_IRQHandler
                0x08001698                I2C3_ER_IRQHandler
                0x08001698                DFSDM1_FLT2_IRQHandler
                0x08001698                MDMA_IRQHandler
                0x08001698                LPTIM3_IRQHandler
                0x08001698                HSEM1_IRQHandler
                0x08001698                EXTI0_IRQHandler
                0x08001698                I2C2_EV_IRQHandler
                0x08001698                DMA1_Stream2_IRQHandler
                0x08001698                FPU_IRQHandler
                0x08001698                OTG_HS_WKUP_IRQHandler
                0x08001698                FDCAN1_IT1_IRQHandler
                0x08001698                LTDC_ER_IRQHandler
                0x08001698                DMA2_Stream2_IRQHandler
                0x08001698                HRTIM1_TIME_IRQHandler
                0x08001698                SPI1_IRQHandler
                0x08001698                TIM6_DAC_IRQHandler
                0x08001698                DCMI_IRQHandler
                0x08001698                HRTIM1_TIMC_IRQHandler
                0x08001698                DMA2_Stream3_IRQHandler
                0x08001698                SAI2_IRQHandler
                0x08001698                DFSDM1_FLT3_IRQHandler
                0x08001698                USART6_IRQHandler
                0x08001698                TIM17_IRQHandler
                0x08001698                BDMA_Channel7_IRQHandler
                0x08001698                CRYP_IRQHandler
                0x08001698                LPTIM5_IRQHandler
                0x08001698                UART5_IRQHandler
                0x08001698                ADC3_IRQHandler
                0x08001698                DMA2_Stream0_IRQHandler
                0x08001698                TIM4_IRQHandler
                0x08001698                BDMA_Channel2_IRQHandler
                0x08001698                QUADSPI_IRQHandler
                0x08001698                I2C1_EV_IRQHandler
                0x08001698                DMA1_Stream6_IRQHandler
                0x08001698                DMAMUX1_OVR_IRQHandler
                0x08001698                DMA1_Stream1_IRQHandler
                0x08001698                TIM16_IRQHandler
                0x08001698                UART4_IRQHandler
                0x08001698                BDMA_Channel5_IRQHandler
                0x08001698                TIM3_IRQHandler
                0x08001698                RCC_IRQHandler
                0x08001698                TIM8_BRK_TIM12_IRQHandler
                0x08001698                TIM1_TRG_COM_IRQHandler
                0x08001698                Default_Handler
                0x08001698                ECC_IRQHandler
                0x08001698                CEC_IRQHandler
                0x08001698                BDMA_Channel0_IRQHandler
                0x08001698                ADC_IRQHandler
                0x08001698                DMA1_Stream7_IRQHandler
                0x08001698                HRTIM1_TIMA_IRQHandler
                0x08001698                SPI5_IRQHandler
                0x08001698                TIM7_IRQHandler
                0x08001698                SDMMC1_IRQHandler
                0x08001698                TIM5_IRQHandler
                0x08001698                DMA2_Stream7_IRQHandler
                0x08001698                TIM15_IRQHandler
                0x08001698                PVD_AVD_IRQHandler
                0x08001698                I2C3_EV_IRQHandler
                0x08001698                EXTI9_5_IRQHandler
                0x08001698                RTC_WKUP_IRQHandler
                0x08001698                LTDC_IRQHandler
                0x08001698                SAI3_IRQHandler
                0x08001698                ETH_WKUP_IRQHandler
                0x08001698                SPDIF_RX_IRQHandler
                0x08001698                SPI2_IRQHandler
                0x08001698                OTG_HS_EP1_IN_IRQHandler
                0x08001698                DMA1_Stream0_IRQHandler
                0x08001698                CRS_IRQHandler
                0x08001698                EXTI4_IRQHandler
                0x08001698                HRTIM1_TIMB_IRQHandler
                0x08001698                FDCAN2_IT1_IRQHandler
                0x08001698                ETH_IRQHandler
                0x08001698                TIM1_UP_IRQHandler
                0x08001698                BDMA_Channel4_IRQHandler
                0x08001698                OTG_HS_EP1_OUT_IRQHandler
                0x08001698                WWDG_IRQHandler
                0x08001698                SPI6_IRQHandler
                0x08001698                MDIOS_IRQHandler
                0x08001698                I2C4_EV_IRQHandler
                0x08001698                FDCAN2_IT0_IRQHandler
                0x08001698                LPUART1_IRQHandler
                0x08001698                FDCAN1_IT0_IRQHandler
                0x08001698                TIM2_IRQHandler
                0x08001698                OTG_FS_WKUP_IRQHandler
                0x08001698                OTG_HS_IRQHandler
                0x08001698                DMA2D_IRQHandler
                0x08001698                TIM1_BRK_IRQHandler
                0x08001698                EXTI1_IRQHandler
                0x08001698                SDMMC2_IRQHandler
                0x08001698                OTG_FS_EP1_OUT_IRQHandler
                0x08001698                BDMA_Channel3_IRQHandler
                0x08001698                UART7_IRQHandler
                0x08001698                MDIOS_WKUP_IRQHandler
                0x08001698                USART2_IRQHandler
                0x08001698                DFSDM1_FLT0_IRQHandler
                0x08001698                SAI4_IRQHandler
                0x08001698                I2C2_ER_IRQHandler
                0x08001698                DMA2_Stream1_IRQHandler
                0x08001698                FLASH_IRQHandler
                0x08001698                DMA2_Stream4_IRQHandler
                0x08001698                USART1_IRQHandler
                0x08001698                OTG_FS_IRQHandler
                0x08001698                SPI3_IRQHandler
                0x08001698                WAKEUP_PIN_IRQHandler
                0x08001698                DMA1_Stream4_IRQHandler
                0x08001698                OTG_FS_EP1_IN_IRQHandler
                0x08001698                I2C1_ER_IRQHandler
                0x08001698                FMC_IRQHandler
                0x08001698                FDCAN_CAL_IRQHandler
                0x08001698                SWPMI1_IRQHandler
                0x08001698                COMP1_IRQHandler
                0x08001698                LPTIM1_IRQHandler
                0x08001698                I2C4_ER_IRQHandler
                0x08001698                DMA2_Stream6_IRQHandler
                0x08001698                SAI1_IRQHandler
                0x08001698                DMA1_Stream3_IRQHandler
 *fill*         0x0800169a        0x2 
 .text.SystemInit
                0x0800169c      0x110 ./Drivers/CMSIS/system_stm32h7xx.o
                0x0800169c                SystemInit
 .text.HAL_Init
                0x080017ac       0x78 ./Drivers/STM32H7xx_HAL_Driver/stm32h7xx_hal.o
                0x080017ac                HAL_Init
 .text.HAL_InitTick
                0x08001824       0x6c ./Drivers/STM32H7xx_HAL_Driver/stm32h7xx_hal.o
                0x08001824                HAL_InitTick
 .text.HAL_IncTick
                0x08001890       0x28 ./Drivers/STM32H7xx_HAL_Driver/stm32h7xx_hal.o
                0x08001890                HAL_IncTick
 .text.HAL_GetTick
                0x080018b8       0x18 ./Drivers/STM32H7xx_HAL_Driver/stm32h7xx_hal.o
                0x080018b8                HAL_GetTick
 .text.HAL_Delay
                0x080018d0       0x48 ./Drivers/STM32H7xx_HAL_Driver/stm32h7xx_hal.o
                0x080018d0                HAL_Delay
 .text.HAL_GetREVID
                0x08001918       0x18 ./Drivers/STM32H7xx_HAL_Driver/stm32h7xx_hal.o
                0x08001918                HAL_GetREVID
 .text.HAL_SYSCFG_ETHInterfaceSelect
                0x08001930       0x28 ./Drivers/STM32H7xx_HAL_Driver/stm32h7xx_hal.o
                0x08001930                HAL_SYSCFG_ETHInterfaceSelect
 .text.__NVIC_SetPriorityGrouping
                0x08001958       0x48 ./Drivers/STM32H7xx_HAL_Driver/stm32h7xx_hal_cortex.o
 .text.__NVIC_GetPriorityGrouping
                0x080019a0       0x1c ./Drivers/STM32H7xx_HAL_Driver/stm32h7xx_hal_cortex.o
 .text.__NVIC_EnableIRQ
                0x080019bc       0x3c ./Drivers/STM32H7xx_HAL_Driver/stm32h7xx_hal_cortex.o
 .text.__NVIC_SetPriority
                0x080019f8       0x54 ./Drivers/STM32H7xx_HAL_Driver/stm32h7xx_hal_cortex.o
 .text.NVIC_EncodePriority
                0x08001a4c       0x66 ./Drivers/STM32H7xx_HAL_Driver/stm32h7xx_hal_cortex.o
 *fill*         0x08001ab2        0x2 
 .text.SysTick_Config
                0x08001ab4       0x44 ./Drivers/STM32H7xx_HAL_Driver/stm32h7xx_hal_cortex.o
 .text.HAL_NVIC_SetPriorityGrouping
                0x08001af8       0x16 ./Drivers/STM32H7xx_HAL_Driver/stm32h7xx_hal_cortex.o
                0x08001af8                HAL_NVIC_SetPriorityGrouping
 .text.HAL_NVIC_SetPriority
                0x08001b0e       0x34 ./Drivers/STM32H7xx_HAL_Driver/stm32h7xx_hal_cortex.o
                0x08001b0e                HAL_NVIC_SetPriority
 .text.HAL_NVIC_EnableIRQ
                0x08001b42       0x1c ./Drivers/STM32H7xx_HAL_Driver/stm32h7xx_hal_cortex.o
                0x08001b42                HAL_NVIC_EnableIRQ
 .text.HAL_SYSTICK_Config
                0x08001b5e       0x18 ./Drivers/STM32H7xx_HAL_Driver/stm32h7xx_hal_cortex.o
                0x08001b5e                HAL_SYSTICK_Config
 *fill*         0x08001b76        0x2 
 .text.HAL_DMA_Abort
                0x08001b78      0x63c ./Drivers/STM32H7xx_HAL_Driver/stm32h7xx_hal_dma.o
                0x08001b78                HAL_DMA_Abort
 .text.HAL_DMA_Abort_IT
                0x080021b4      0x48c ./Drivers/STM32H7xx_HAL_Driver/stm32h7xx_hal_dma.o
                0x080021b4                HAL_DMA_Abort_IT
 .text.HAL_ETH_Init
                0x08002640      0x1fc ./Drivers/STM32H7xx_HAL_Driver/stm32h7xx_hal_eth.o
                0x08002640                HAL_ETH_Init
 .text.HAL_ETH_SetMDIOClockRange
                0x0800283c       0xa0 ./Drivers/STM32H7xx_HAL_Driver/stm32h7xx_hal_eth.o
                0x0800283c                HAL_ETH_SetMDIOClockRange
 .text.ETH_SetMACConfig
                0x080028dc      0x238 ./Drivers/STM32H7xx_HAL_Driver/stm32h7xx_hal_eth.o
 .text.ETH_SetDMAConfig
                0x08002b14      0x10c ./Drivers/STM32H7xx_HAL_Driver/stm32h7xx_hal_eth.o
 .text.ETH_MACDMAConfig
                0x08002c20      0x13a ./Drivers/STM32H7xx_HAL_Driver/stm32h7xx_hal_eth.o
 .text.ETH_DMATxDescListInit
                0x08002d5a       0x92 ./Drivers/STM32H7xx_HAL_Driver/stm32h7xx_hal_eth.o
 .text.ETH_DMARxDescListInit
                0x08002dec       0xba ./Drivers/STM32H7xx_HAL_Driver/stm32h7xx_hal_eth.o
 *fill*         0x08002ea6        0x2 
 .text.HAL_GPIO_Init
                0x08002ea8      0x360 ./Drivers/STM32H7xx_HAL_Driver/stm32h7xx_hal_gpio.o
                0x08002ea8                HAL_GPIO_Init
 .text.HAL_GPIO_WritePin
                0x08003208       0x32 ./Drivers/STM32H7xx_HAL_Driver/stm32h7xx_hal_gpio.o
                0x08003208                HAL_GPIO_WritePin
 .text.HAL_GPIO_EXTI_IRQHandler
                0x0800323a       0x34 ./Drivers/STM32H7xx_HAL_Driver/stm32h7xx_hal_gpio.o
                0x0800323a                HAL_GPIO_EXTI_IRQHandler
 *fill*         0x0800326e        0x2 
 .text.HAL_I2C_Init
                0x08003270      0x138 ./Drivers/STM32H7xx_HAL_Driver/stm32h7xx_hal_i2c.o
                0x08003270                HAL_I2C_Init
 .text.HAL_I2C_Master_Transmit
                0x080033a8      0x230 ./Drivers/STM32H7xx_HAL_Driver/stm32h7xx_hal_i2c.o
                0x080033a8                HAL_I2C_Master_Transmit
 .text.HAL_I2C_Master_Receive
                0x080035d8      0x1ec ./Drivers/STM32H7xx_HAL_Driver/stm32h7xx_hal_i2c.o
                0x080035d8                HAL_I2C_Master_Receive
 .text.I2C_Flush_TXDR
                0x080037c4       0x48 ./Drivers/STM32H7xx_HAL_Driver/stm32h7xx_hal_i2c.o
 .text.I2C_WaitOnFlagUntilTimeout
                0x0800380c       0xb2 ./Drivers/STM32H7xx_HAL_Driver/stm32h7xx_hal_i2c.o
 .text.I2C_WaitOnTXISFlagUntilTimeout
                0x080038be       0x8e ./Drivers/STM32H7xx_HAL_Driver/stm32h7xx_hal_i2c.o
 .text.I2C_WaitOnSTOPFlagUntilTimeout
                0x0800394c       0x86 ./Drivers/STM32H7xx_HAL_Driver/stm32h7xx_hal_i2c.o
 *fill*         0x080039d2        0x2 
 .text.I2C_WaitOnRXNEFlagUntilTimeout
                0x080039d4      0x118 ./Drivers/STM32H7xx_HAL_Driver/stm32h7xx_hal_i2c.o
 .text.I2C_IsErrorOccurred
                0x08003aec      0x1c0 ./Drivers/STM32H7xx_HAL_Driver/stm32h7xx_hal_i2c.o
 .text.I2C_TransferConfig
                0x08003cac       0x64 ./Drivers/STM32H7xx_HAL_Driver/stm32h7xx_hal_i2c.o
 .text.HAL_I2CEx_ConfigAnalogFilter
                0x08003d10       0x96 ./Drivers/STM32H7xx_HAL_Driver/stm32h7xx_hal_i2c_ex.o
                0x08003d10                HAL_I2CEx_ConfigAnalogFilter
 .text.HAL_I2CEx_ConfigDigitalFilter
                0x08003da6       0x98 ./Drivers/STM32H7xx_HAL_Driver/stm32h7xx_hal_i2c_ex.o
                0x08003da6                HAL_I2CEx_ConfigDigitalFilter
 .text.HAL_PCD_Init
                0x08003e3e      0x218 ./Drivers/STM32H7xx_HAL_Driver/stm32h7xx_hal_pcd.o
                0x08003e3e                HAL_PCD_Init
 *fill*         0x08004056        0x2 
 .text.HAL_PCDEx_ActivateLPM
                0x08004058       0x48 ./Drivers/STM32H7xx_HAL_Driver/stm32h7xx_hal_pcd_ex.o
                0x08004058                HAL_PCDEx_ActivateLPM
 .text.HAL_PWREx_ConfigSupply
                0x080040a0       0x74 ./Drivers/STM32H7xx_HAL_Driver/stm32h7xx_hal_pwr_ex.o
                0x080040a0                HAL_PWREx_ConfigSupply
 .text.HAL_PWREx_EnableUSBVoltageDetector
                0x08004114       0x20 ./Drivers/STM32H7xx_HAL_Driver/stm32h7xx_hal_pwr_ex.o
                0x08004114                HAL_PWREx_EnableUSBVoltageDetector
 .text.HAL_RCC_OscConfig
                0x08004134      0x8b4 ./Drivers/STM32H7xx_HAL_Driver/stm32h7xx_hal_rcc.o
                0x08004134                HAL_RCC_OscConfig
 .text.HAL_RCC_ClockConfig
                0x080049e8      0x36c ./Drivers/STM32H7xx_HAL_Driver/stm32h7xx_hal_rcc.o
                0x080049e8                HAL_RCC_ClockConfig
 .text.HAL_RCC_GetSysClockFreq
                0x08004d54      0x2f4 ./Drivers/STM32H7xx_HAL_Driver/stm32h7xx_hal_rcc.o
                0x08004d54                HAL_RCC_GetSysClockFreq
 .text.HAL_RCC_GetHCLKFreq
                0x08005048       0x60 ./Drivers/STM32H7xx_HAL_Driver/stm32h7xx_hal_rcc.o
                0x08005048                HAL_RCC_GetHCLKFreq
 .text.HAL_RCC_GetPCLK1Freq
                0x080050a8       0x2c ./Drivers/STM32H7xx_HAL_Driver/stm32h7xx_hal_rcc.o
                0x080050a8                HAL_RCC_GetPCLK1Freq
 .text.HAL_RCC_GetPCLK2Freq
                0x080050d4       0x2c ./Drivers/STM32H7xx_HAL_Driver/stm32h7xx_hal_rcc.o
                0x080050d4                HAL_RCC_GetPCLK2Freq
 .text.HAL_RCCEx_PeriphCLKConfig
                0x08005100     0x1414 ./Drivers/STM32H7xx_HAL_Driver/stm32h7xx_hal_rcc_ex.o
                0x08005100                HAL_RCCEx_PeriphCLKConfig
 .text.HAL_RCCEx_GetD3PCLK1Freq
                0x08006514       0x2c ./Drivers/STM32H7xx_HAL_Driver/stm32h7xx_hal_rcc_ex.o
                0x08006514                HAL_RCCEx_GetD3PCLK1Freq
 .text.HAL_RCCEx_GetPLL2ClockFreq
                0x08006540      0x2a8 ./Drivers/STM32H7xx_HAL_Driver/stm32h7xx_hal_rcc_ex.o
                0x08006540                HAL_RCCEx_GetPLL2ClockFreq
 .text.HAL_RCCEx_GetPLL3ClockFreq
                0x080067e8      0x2a8 ./Drivers/STM32H7xx_HAL_Driver/stm32h7xx_hal_rcc_ex.o
                0x080067e8                HAL_RCCEx_GetPLL3ClockFreq
 .text.RCCEx_PLL2_Config
                0x08006a90      0x164 ./Drivers/STM32H7xx_HAL_Driver/stm32h7xx_hal_rcc_ex.o
 .text.RCCEx_PLL3_Config
                0x08006bf4      0x164 ./Drivers/STM32H7xx_HAL_Driver/stm32h7xx_hal_rcc_ex.o
 .text.HAL_SPI_Init
                0x08006d58      0x248 ./Drivers/STM32H7xx_HAL_Driver/stm32h7xx_hal_spi.o
                0x08006d58                HAL_SPI_Init
 .text.HAL_SPI_Transmit
                0x08006fa0      0x3dc ./Drivers/STM32H7xx_HAL_Driver/stm32h7xx_hal_spi.o
                0x08006fa0                HAL_SPI_Transmit
 .text.SPI_CloseTransfer
                0x0800737c      0x140 ./Drivers/STM32H7xx_HAL_Driver/stm32h7xx_hal_spi.o
 .text.SPI_WaitOnFlagUntilTimeout
                0x080074bc       0x5c ./Drivers/STM32H7xx_HAL_Driver/stm32h7xx_hal_spi.o
 .text.SPI_GetPacketSize
                0x08007518       0x36 ./Drivers/STM32H7xx_HAL_Driver/stm32h7xx_hal_spi.o
 .text.HAL_UART_Init
                0x0800754e       0xa0 ./Drivers/STM32H7xx_HAL_Driver/stm32h7xx_hal_uart.o
                0x0800754e                HAL_UART_Init
 *fill*         0x080075ee        0x2 
 .text.HAL_UART_Transmit_IT
                0x080075f0      0x128 ./Drivers/STM32H7xx_HAL_Driver/stm32h7xx_hal_uart.o
                0x080075f0                HAL_UART_Transmit_IT
 .text.HAL_UART_Receive_IT
                0x08007718       0x98 ./Drivers/STM32H7xx_HAL_Driver/stm32h7xx_hal_uart.o
                0x08007718                HAL_UART_Receive_IT
 .text.HAL_UART_IRQHandler
                0x080077b0      0x774 ./Drivers/STM32H7xx_HAL_Driver/stm32h7xx_hal_uart.o
                0x080077b0                HAL_UART_IRQHandler
 .text.HAL_UART_TxCpltCallback
                0x08007f24       0x14 ./Drivers/STM32H7xx_HAL_Driver/stm32h7xx_hal_uart.o
                0x08007f24                HAL_UART_TxCpltCallback
 .text.HAL_UART_ErrorCallback
                0x08007f38       0x14 ./Drivers/STM32H7xx_HAL_Driver/stm32h7xx_hal_uart.o
                0x08007f38                HAL_UART_ErrorCallback
 .text.HAL_UARTEx_RxEventCallback
                0x08007f4c       0x18 ./Drivers/STM32H7xx_HAL_Driver/stm32h7xx_hal_uart.o
                0x08007f4c                HAL_UARTEx_RxEventCallback
 .text.UART_SetConfig
                0x08007f64      0xad0 ./Drivers/STM32H7xx_HAL_Driver/stm32h7xx_hal_uart.o
                0x08007f64                UART_SetConfig
 .text.UART_AdvFeatureConfig
                0x08008a34      0x144 ./Drivers/STM32H7xx_HAL_Driver/stm32h7xx_hal_uart.o
                0x08008a34                UART_AdvFeatureConfig
 .text.UART_CheckIdleState
                0x08008b78      0x154 ./Drivers/STM32H7xx_HAL_Driver/stm32h7xx_hal_uart.o
                0x08008b78                UART_CheckIdleState
 .text.UART_WaitOnFlagUntilTimeout
                0x08008ccc       0xda ./Drivers/STM32H7xx_HAL_Driver/stm32h7xx_hal_uart.o
                0x08008ccc                UART_WaitOnFlagUntilTimeout
 *fill*         0x08008da6        0x2 
 .text.UART_Start_Receive_IT
                0x08008da8      0x244 ./Drivers/STM32H7xx_HAL_Driver/stm32h7xx_hal_uart.o
                0x08008da8                UART_Start_Receive_IT
 .text.UART_EndRxTransfer
                0x08008fec       0xcc ./Drivers/STM32H7xx_HAL_Driver/stm32h7xx_hal_uart.o
 .text.UART_DMAAbortOnError
                0x080090b8       0x2c ./Drivers/STM32H7xx_HAL_Driver/stm32h7xx_hal_uart.o
 .text.UART_TxISR_8BIT
                0x080090e4       0xb8 ./Drivers/STM32H7xx_HAL_Driver/stm32h7xx_hal_uart.o
 .text.UART_TxISR_16BIT
                0x0800919c       0xc2 ./Drivers/STM32H7xx_HAL_Driver/stm32h7xx_hal_uart.o
 .text.UART_TxISR_8BIT_FIFOEN
                0x0800925e       0xe0 ./Drivers/STM32H7xx_HAL_Driver/stm32h7xx_hal_uart.o
 .text.UART_TxISR_16BIT_FIFOEN
                0x0800933e       0xea ./Drivers/STM32H7xx_HAL_Driver/stm32h7xx_hal_uart.o
 .text.UART_EndTransmit_IT
                0x08009428       0x56 ./Drivers/STM32H7xx_HAL_Driver/stm32h7xx_hal_uart.o
 *fill*         0x0800947e        0x2 
 .text.UART_RxISR_8BIT
                0x08009480      0x1b8 ./Drivers/STM32H7xx_HAL_Driver/stm32h7xx_hal_uart.o
 .text.UART_RxISR_16BIT
                0x08009638      0x1b8 ./Drivers/STM32H7xx_HAL_Driver/stm32h7xx_hal_uart.o
 .text.UART_RxISR_8BIT_FIFOEN
                0x080097f0      0x360 ./Drivers/STM32H7xx_HAL_Driver/stm32h7xx_hal_uart.o
 .text.UART_RxISR_16BIT_FIFOEN
                0x08009b50      0x368 ./Drivers/STM32H7xx_HAL_Driver/stm32h7xx_hal_uart.o
 .text.HAL_UARTEx_WakeupCallback
                0x08009eb8       0x14 ./Drivers/STM32H7xx_HAL_Driver/stm32h7xx_hal_uart_ex.o
                0x08009eb8                HAL_UARTEx_WakeupCallback
 .text.HAL_UARTEx_RxFifoFullCallback
                0x08009ecc       0x14 ./Drivers/STM32H7xx_HAL_Driver/stm32h7xx_hal_uart_ex.o
                0x08009ecc                HAL_UARTEx_RxFifoFullCallback
 .text.HAL_UARTEx_TxFifoEmptyCallback
                0x08009ee0       0x14 ./Drivers/STM32H7xx_HAL_Driver/stm32h7xx_hal_uart_ex.o
                0x08009ee0                HAL_UARTEx_TxFifoEmptyCallback
 .text.HAL_UARTEx_DisableFifoMode
                0x08009ef4       0x72 ./Drivers/STM32H7xx_HAL_Driver/stm32h7xx_hal_uart_ex.o
                0x08009ef4                HAL_UARTEx_DisableFifoMode
 .text.HAL_UARTEx_SetTxFifoThreshold
                0x08009f66       0x7c ./Drivers/STM32H7xx_HAL_Driver/stm32h7xx_hal_uart_ex.o
                0x08009f66                HAL_UARTEx_SetTxFifoThreshold
 .text.HAL_UARTEx_SetRxFifoThreshold
                0x08009fe2       0x7c ./Drivers/STM32H7xx_HAL_Driver/stm32h7xx_hal_uart_ex.o
                0x08009fe2                HAL_UARTEx_SetRxFifoThreshold
 *fill*         0x0800a05e        0x2 
 .text.UARTEx_SetNbDataToProcess
                0x0800a060       0x9c ./Drivers/STM32H7xx_HAL_Driver/stm32h7xx_hal_uart_ex.o
 .text.USB_CoreInit
                0x0800a0fc       0xe4 ./Drivers/STM32H7xx_HAL_Driver/stm32h7xx_ll_usb.o
                0x0800a0fc                USB_CoreInit
 .text.USB_DisableGlobalInt
                0x0800a1e0       0x22 ./Drivers/STM32H7xx_HAL_Driver/stm32h7xx_ll_usb.o
                0x0800a1e0                USB_DisableGlobalInt
 .text.USB_SetCurrentMode
                0x0800a202       0x98 ./Drivers/STM32H7xx_HAL_Driver/stm32h7xx_ll_usb.o
                0x0800a202                USB_SetCurrentMode
 *fill*         0x0800a29a        0x2 
 .text.USB_DevInit
                0x0800a29c      0x2bc ./Drivers/STM32H7xx_HAL_Driver/stm32h7xx_ll_usb.o
                0x0800a29c                USB_DevInit
 .text.USB_FlushTxFifo
                0x0800a558       0x64 ./Drivers/STM32H7xx_HAL_Driver/stm32h7xx_ll_usb.o
                0x0800a558                USB_FlushTxFifo
 .text.USB_FlushRxFifo
                0x0800a5bc       0x5c ./Drivers/STM32H7xx_HAL_Driver/stm32h7xx_ll_usb.o
                0x0800a5bc                USB_FlushRxFifo
 .text.USB_SetDevSpeed
                0x0800a618       0x32 ./Drivers/STM32H7xx_HAL_Driver/stm32h7xx_ll_usb.o
                0x0800a618                USB_SetDevSpeed
 .text.USB_DevDisconnect
                0x0800a64a       0x42 ./Drivers/STM32H7xx_HAL_Driver/stm32h7xx_ll_usb.o
                0x0800a64a                USB_DevDisconnect
 .text.USB_GetMode
                0x0800a68c       0x1c ./Drivers/STM32H7xx_HAL_Driver/stm32h7xx_ll_usb.o
                0x0800a68c                USB_GetMode
 .text.USB_CoreReset
                0x0800a6a8       0x62 ./Drivers/STM32H7xx_HAL_Driver/stm32h7xx_ll_usb.o
 *fill*         0x0800a70a        0x2 
 .text.sprintf  0x0800a70c       0x40 C:/ST/STM32CubeIDE_1.16.1/STM32CubeIDE/plugins/com.st.stm32cube.ide.mcu.externaltools.gnu-tools-for-stm32.12.3.rel1.win32_1.0.200.202406191623/tools/bin/../lib/gcc/arm-none-eabi/12.3.1/../../../../arm-none-eabi/lib/thumb/v7e-m+dp/hard\libc_nano.a(libc_a-sprintf.o)
                0x0800a70c                siprintf
                0x0800a70c                sprintf
 .text.memset   0x0800a74c       0x10 C:/ST/STM32CubeIDE_1.16.1/STM32CubeIDE/plugins/com.st.stm32cube.ide.mcu.externaltools.gnu-tools-for-stm32.12.3.rel1.win32_1.0.200.202406191623/tools/bin/../lib/gcc/arm-none-eabi/12.3.1/../../../../arm-none-eabi/lib/thumb/v7e-m+dp/hard\libc_nano.a(libc_a-memset.o)
                0x0800a74c                memset
 .text.strncmp  0x0800a75c       0x24 C:/ST/STM32CubeIDE_1.16.1/STM32CubeIDE/plugins/com.st.stm32cube.ide.mcu.externaltools.gnu-tools-for-stm32.12.3.rel1.win32_1.0.200.202406191623/tools/bin/../lib/gcc/arm-none-eabi/12.3.1/../../../../arm-none-eabi/lib/thumb/v7e-m+dp/hard\libc_nano.a(libc_a-strncmp.o)
                0x0800a75c                strncmp
 .text.__errno  0x0800a780        0xc C:/ST/STM32CubeIDE_1.16.1/STM32CubeIDE/plugins/com.st.stm32cube.ide.mcu.externaltools.gnu-tools-for-stm32.12.3.rel1.win32_1.0.200.202406191623/tools/bin/../lib/gcc/arm-none-eabi/12.3.1/../../../../arm-none-eabi/lib/thumb/v7e-m+dp/hard\libc_nano.a(libc_a-errno.o)
                0x0800a780                __errno
 .text.__libc_init_array
                0x0800a78c       0x48 C:/ST/STM32CubeIDE_1.16.1/STM32CubeIDE/plugins/com.st.stm32cube.ide.mcu.externaltools.gnu-tools-for-stm32.12.3.rel1.win32_1.0.200.202406191623/tools/bin/../lib/gcc/arm-none-eabi/12.3.1/../../../../arm-none-eabi/lib/thumb/v7e-m+dp/hard\libc_nano.a(libc_a-init.o)
                0x0800a78c                __libc_init_array
 .text.__retarget_lock_acquire_recursive
                0x0800a7d4        0x2 C:/ST/STM32CubeIDE_1.16.1/STM32CubeIDE/plugins/com.st.stm32cube.ide.mcu.externaltools.gnu-tools-for-stm32.12.3.rel1.win32_1.0.200.202406191623/tools/bin/../lib/gcc/arm-none-eabi/12.3.1/../../../../arm-none-eabi/lib/thumb/v7e-m+dp/hard\libc_nano.a(libc_a-lock.o)
                0x0800a7d4                __retarget_lock_acquire_recursive
 .text.__retarget_lock_release_recursive
                0x0800a7d6        0x2 C:/ST/STM32CubeIDE_1.16.1/STM32CubeIDE/plugins/com.st.stm32cube.ide.mcu.externaltools.gnu-tools-for-stm32.12.3.rel1.win32_1.0.200.202406191623/tools/bin/../lib/gcc/arm-none-eabi/12.3.1/../../../../arm-none-eabi/lib/thumb/v7e-m+dp/hard\libc_nano.a(libc_a-lock.o)
                0x0800a7d6                __retarget_lock_release_recursive
 .text._free_r  0x0800a7d8       0x94 C:/ST/STM32CubeIDE_1.16.1/STM32CubeIDE/plugins/com.st.stm32cube.ide.mcu.externaltools.gnu-tools-for-stm32.12.3.rel1.win32_1.0.200.202406191623/tools/bin/../lib/gcc/arm-none-eabi/12.3.1/../../../../arm-none-eabi/lib/thumb/v7e-m+dp/hard\libc_nano.a(libc_a-freer.o)
                0x0800a7d8                _free_r
 .text.sbrk_aligned
                0x0800a86c       0x44 C:/ST/STM32CubeIDE_1.16.1/STM32CubeIDE/plugins/com.st.stm32cube.ide.mcu.externaltools.gnu-tools-for-stm32.12.3.rel1.win32_1.0.200.202406191623/tools/bin/../lib/gcc/arm-none-eabi/12.3.1/../../../../arm-none-eabi/lib/thumb/v7e-m+dp/hard\libc_nano.a(libc_a-mallocr.o)
 .text._malloc_r
                0x0800a8b0      0x100 C:/ST/STM32CubeIDE_1.16.1/STM32CubeIDE/plugins/com.st.stm32cube.ide.mcu.externaltools.gnu-tools-for-stm32.12.3.rel1.win32_1.0.200.202406191623/tools/bin/../lib/gcc/arm-none-eabi/12.3.1/../../../../arm-none-eabi/lib/thumb/v7e-m+dp/hard\libc_nano.a(libc_a-mallocr.o)
                0x0800a8b0                _malloc_r
 .text.__malloc_lock
                0x0800a9b0        0xc C:/ST/STM32CubeIDE_1.16.1/STM32CubeIDE/plugins/com.st.stm32cube.ide.mcu.externaltools.gnu-tools-for-stm32.12.3.rel1.win32_1.0.200.202406191623/tools/bin/../lib/gcc/arm-none-eabi/12.3.1/../../../../arm-none-eabi/lib/thumb/v7e-m+dp/hard\libc_nano.a(libc_a-mlock.o)
                0x0800a9b0                __malloc_lock
 .text.__malloc_unlock
                0x0800a9bc        0xc C:/ST/STM32CubeIDE_1.16.1/STM32CubeIDE/plugins/com.st.stm32cube.ide.mcu.externaltools.gnu-tools-for-stm32.12.3.rel1.win32_1.0.200.202406191623/tools/bin/../lib/gcc/arm-none-eabi/12.3.1/../../../../arm-none-eabi/lib/thumb/v7e-m+dp/hard\libc_nano.a(libc_a-mlock.o)
                0x0800a9bc                __malloc_unlock
 .text.__ssputs_r
                0x0800a9c8       0xb6 C:/ST/STM32CubeIDE_1.16.1/STM32CubeIDE/plugins/com.st.stm32cube.ide.mcu.externaltools.gnu-tools-for-stm32.12.3.rel1.win32_1.0.200.202406191623/tools/bin/../lib/gcc/arm-none-eabi/12.3.1/../../../../arm-none-eabi/lib/thumb/v7e-m+dp/hard\libc_nano.a(libc_a-nano-svfprintf.o)
                0x0800a9c8                __ssputs_r
 *fill*         0x0800aa7e        0x2 
 .text._svfprintf_r
                0x0800aa80      0x1f8 C:/ST/STM32CubeIDE_1.16.1/STM32CubeIDE/plugins/com.st.stm32cube.ide.mcu.externaltools.gnu-tools-for-stm32.12.3.rel1.win32_1.0.200.202406191623/tools/bin/../lib/gcc/arm-none-eabi/12.3.1/../../../../arm-none-eabi/lib/thumb/v7e-m+dp/hard\libc_nano.a(libc_a-nano-svfprintf.o)
                0x0800aa80                _svfiprintf_r
                0x0800aa80                _svfprintf_r
 .text._printf_common
                0x0800ac78       0xda C:/ST/STM32CubeIDE_1.16.1/STM32CubeIDE/plugins/com.st.stm32cube.ide.mcu.externaltools.gnu-tools-for-stm32.12.3.rel1.win32_1.0.200.202406191623/tools/bin/../lib/gcc/arm-none-eabi/12.3.1/../../../../arm-none-eabi/lib/thumb/v7e-m+dp/hard\libc_nano.a(libc_a-nano-vfprintf_i.o)
                0x0800ac78                _printf_common
 *fill*         0x0800ad52        0x2 
 .text._printf_i
                0x0800ad54      0x240 C:/ST/STM32CubeIDE_1.16.1/STM32CubeIDE/plugins/com.st.stm32cube.ide.mcu.externaltools.gnu-tools-for-stm32.12.3.rel1.win32_1.0.200.202406191623/tools/bin/../lib/gcc/arm-none-eabi/12.3.1/../../../../arm-none-eabi/lib/thumb/v7e-m+dp/hard\libc_nano.a(libc_a-nano-vfprintf_i.o)
                0x0800ad54                _printf_i
 .text.memmove  0x0800af94       0x34 C:/ST/STM32CubeIDE_1.16.1/STM32CubeIDE/plugins/com.st.stm32cube.ide.mcu.externaltools.gnu-tools-for-stm32.12.3.rel1.win32_1.0.200.202406191623/tools/bin/../lib/gcc/arm-none-eabi/12.3.1/../../../../arm-none-eabi/lib/thumb/v7e-m+dp/hard\libc_nano.a(libc_a-memmove.o)
                0x0800af94                memmove
 .text._sbrk_r  0x0800afc8       0x20 C:/ST/STM32CubeIDE_1.16.1/STM32CubeIDE/plugins/com.st.stm32cube.ide.mcu.externaltools.gnu-tools-for-stm32.12.3.rel1.win32_1.0.200.202406191623/tools/bin/../lib/gcc/arm-none-eabi/12.3.1/../../../../arm-none-eabi/lib/thumb/v7e-m+dp/hard\libc_nano.a(libc_a-sbrkr.o)
                0x0800afc8                _sbrk_r
 .text.memcpy   0x0800afe8       0x1c C:/ST/STM32CubeIDE_1.16.1/STM32CubeIDE/plugins/com.st.stm32cube.ide.mcu.externaltools.gnu-tools-for-stm32.12.3.rel1.win32_1.0.200.202406191623/tools/bin/../lib/gcc/arm-none-eabi/12.3.1/../../../../arm-none-eabi/lib/thumb/v7e-m+dp/hard\libc_nano.a(libc_a-memcpy-stub.o)
                0x0800afe8                memcpy
 .text._realloc_r
                0x0800b004       0x5c C:/ST/STM32CubeIDE_1.16.1/STM32CubeIDE/plugins/com.st.stm32cube.ide.mcu.externaltools.gnu-tools-for-stm32.12.3.rel1.win32_1.0.200.202406191623/tools/bin/../lib/gcc/arm-none-eabi/12.3.1/../../../../arm-none-eabi/lib/thumb/v7e-m+dp/hard\libc_nano.a(libc_a-reallocr.o)
                0x0800b004                _realloc_r
 .text._malloc_usable_size_r
                0x0800b060       0x10 C:/ST/STM32CubeIDE_1.16.1/STM32CubeIDE/plugins/com.st.stm32cube.ide.mcu.externaltools.gnu-tools-for-stm32.12.3.rel1.win32_1.0.200.202406191623/tools/bin/../lib/gcc/arm-none-eabi/12.3.1/../../../../arm-none-eabi/lib/thumb/v7e-m+dp/hard\libc_nano.a(libc_a-msizer.o)
                0x0800b060                _malloc_usable_size_r
 *(.glue_7)
 .glue_7        0x0800b070        0x0 linker stubs
 *(.glue_7t)
 .glue_7t       0x0800b070        0x0 linker stubs
 *(.eh_frame)
 .eh_frame      0x0800b070        0x0 C:/ST/STM32CubeIDE_1.16.1/STM32CubeIDE/plugins/com.st.stm32cube.ide.mcu.externaltools.gnu-tools-for-stm32.12.3.rel1.win32_1.0.200.202406191623/tools/bin/../lib/gcc/arm-none-eabi/12.3.1/thumb/v7e-m+dp/hard/crtbegin.o
 *(.init)
 .init          0x0800b070        0x4 C:/ST/STM32CubeIDE_1.16.1/STM32CubeIDE/plugins/com.st.stm32cube.ide.mcu.externaltools.gnu-tools-for-stm32.12.3.rel1.win32_1.0.200.202406191623/tools/bin/../lib/gcc/arm-none-eabi/12.3.1/thumb/v7e-m+dp/hard/crti.o
                0x0800b070                _init
 .init          0x0800b074        0x8 C:/ST/STM32CubeIDE_1.16.1/STM32CubeIDE/plugins/com.st.stm32cube.ide.mcu.externaltools.gnu-tools-for-stm32.12.3.rel1.win32_1.0.200.202406191623/tools/bin/../lib/gcc/arm-none-eabi/12.3.1/thumb/v7e-m+dp/hard/crtn.o
 *(.fini)
 .fini          0x0800b07c        0x4 C:/ST/STM32CubeIDE_1.16.1/STM32CubeIDE/plugins/com.st.stm32cube.ide.mcu.externaltools.gnu-tools-for-stm32.12.3.rel1.win32_1.0.200.202406191623/tools/bin/../lib/gcc/arm-none-eabi/12.3.1/thumb/v7e-m+dp/hard/crti.o
                0x0800b07c                _fini
 .fini          0x0800b080        0x8 C:/ST/STM32CubeIDE_1.16.1/STM32CubeIDE/plugins/com.st.stm32cube.ide.mcu.externaltools.gnu-tools-for-stm32.12.3.rel1.win32_1.0.200.202406191623/tools/bin/../lib/gcc/arm-none-eabi/12.3.1/thumb/v7e-m+dp/hard/crtn.o
                0x0800b088                        . = ALIGN (0x4)
                0x0800b088                        _etext = .

.vfp11_veneer   0x0800b088        0x0
 .vfp11_veneer  0x0800b088        0x0 linker stubs

.v4_bx          0x0800b088        0x0
 .v4_bx         0x0800b088        0x0 linker stubs

.iplt           0x0800b088        0x0
 .iplt          0x0800b088        0x0 C:/ST/STM32CubeIDE_1.16.1/STM32CubeIDE/plugins/com.st.stm32cube.ide.mcu.externaltools.gnu-tools-for-stm32.12.3.rel1.win32_1.0.200.202406191623/tools/bin/../lib/gcc/arm-none-eabi/12.3.1/thumb/v7e-m+dp/hard/crtbegin.o

.rodata         0x0800b088      0x288
                0x0800b088                        . = ALIGN (0x4)
 *(.rodata)
 .rodata        0x0800b088       0x44 ./Application/User/Core/main.o
 *(.rodata*)
 .rodata.ascii_font
                0x0800b0cc      0x1d8 ./Application/User/Core/main.o
                0x0800b0cc                ascii_font
 .rodata.D1CorePrescTable
                0x0800b2a4       0x10 ./Drivers/CMSIS/system_stm32h7xx.o
                0x0800b2a4                D1CorePrescTable
 .rodata.UARTPrescTable
                0x0800b2b4       0x18 ./Drivers/STM32H7xx_HAL_Driver/stm32h7xx_hal_uart.o
                0x0800b2b4                UARTPrescTable
 .rodata.numerator.1
                0x0800b2cc        0x8 ./Drivers/STM32H7xx_HAL_Driver/stm32h7xx_hal_uart_ex.o
 .rodata.denominator.0
                0x0800b2d4        0x8 ./Drivers/STM32H7xx_HAL_Driver/stm32h7xx_hal_uart_ex.o
 .rodata._svfprintf_r.str1.1
                0x0800b2dc       0x11 C:/ST/STM32CubeIDE_1.16.1/STM32CubeIDE/plugins/com.st.stm32cube.ide.mcu.externaltools.gnu-tools-for-stm32.12.3.rel1.win32_1.0.200.202406191623/tools/bin/../lib/gcc/arm-none-eabi/12.3.1/../../../../arm-none-eabi/lib/thumb/v7e-m+dp/hard\libc_nano.a(libc_a-nano-svfprintf.o)
 .rodata._printf_i.str1.1
                0x0800b2ed       0x22 C:/ST/STM32CubeIDE_1.16.1/STM32CubeIDE/plugins/com.st.stm32cube.ide.mcu.externaltools.gnu-tools-for-stm32.12.3.rel1.win32_1.0.200.202406191623/tools/bin/../lib/gcc/arm-none-eabi/12.3.1/../../../../arm-none-eabi/lib/thumb/v7e-m+dp/hard\libc_nano.a(libc_a-nano-vfprintf_i.o)
                0x0800b310                        . = ALIGN (0x4)
 *fill*         0x0800b30f        0x1 

.ARM.extab
 *(.ARM.extab* .gnu.linkonce.armextab.*)

.ARM            0x0800b310        0x8
                0x0800b310                        __exidx_start = .
 *(.ARM.exidx*)
 .ARM.exidx     0x0800b310        0x8 C:/ST/STM32CubeIDE_1.16.1/STM32CubeIDE/plugins/com.st.stm32cube.ide.mcu.externaltools.gnu-tools-for-stm32.12.3.rel1.win32_1.0.200.202406191623/tools/bin/../lib/gcc/arm-none-eabi/12.3.1/../../../../arm-none-eabi/lib/thumb/v7e-m+dp/hard\libc_nano.a(libc_a-strcmp.o)
 .ARM.exidx     0x0800b318        0x0 C:/ST/STM32CubeIDE_1.16.1/STM32CubeIDE/plugins/com.st.stm32cube.ide.mcu.externaltools.gnu-tools-for-stm32.12.3.rel1.win32_1.0.200.202406191623/tools/bin/../lib/gcc/arm-none-eabi/12.3.1/../../../../arm-none-eabi/lib/thumb/v7e-m+dp/hard\libc_nano.a(libc_a-strlen.o)
                                  0x8 (size before relaxing)
 .ARM.exidx     0x0800b318        0x0 C:/ST/STM32CubeIDE_1.16.1/STM32CubeIDE/plugins/com.st.stm32cube.ide.mcu.externaltools.gnu-tools-for-stm32.12.3.rel1.win32_1.0.200.202406191623/tools/bin/../lib/gcc/arm-none-eabi/12.3.1/../../../../arm-none-eabi/lib/thumb/v7e-m+dp/hard\libc_nano.a(libc_a-memchr.o)
                                  0x8 (size before relaxing)
 .ARM.exidx     0x0800b318        0x0 C:/ST/STM32CubeIDE_1.16.1/STM32CubeIDE/plugins/com.st.stm32cube.ide.mcu.externaltools.gnu-tools-for-stm32.12.3.rel1.win32_1.0.200.202406191623/tools/bin/../lib/gcc/arm-none-eabi/12.3.1/thumb/v7e-m+dp/hard\libgcc.a(_udivmoddi4.o)
                                  0x8 (size before relaxing)
                0x0800b318                        __exidx_end = .

.preinit_array  0x0800b318        0x0
                0x0800b318                        PROVIDE (__preinit_array_start = .)
 *(.preinit_array*)
                0x0800b318                        PROVIDE (__preinit_array_end = .)

.init_array     0x0800b318        0x4
                0x0800b318                        PROVIDE (__init_array_start = .)
 *(SORT_BY_NAME(.init_array.*))
 *(.init_array*)
 .init_array    0x0800b318        0x4 C:/ST/STM32CubeIDE_1.16.1/STM32CubeIDE/plugins/com.st.stm32cube.ide.mcu.externaltools.gnu-tools-for-stm32.12.3.rel1.win32_1.0.200.202406191623/tools/bin/../lib/gcc/arm-none-eabi/12.3.1/thumb/v7e-m+dp/hard/crtbegin.o
                0x0800b31c                        PROVIDE (__init_array_end = .)

.fini_array     0x0800b31c        0x4
                [!provide]                        PROVIDE (__fini_array_start = .)
 *(SORT_BY_NAME(.fini_array.*))
 *(.fini_array*)
 .fini_array    0x0800b31c        0x4 C:/ST/STM32CubeIDE_1.16.1/STM32CubeIDE/plugins/com.st.stm32cube.ide.mcu.externaltools.gnu-tools-for-stm32.12.3.rel1.win32_1.0.200.202406191623/tools/bin/../lib/gcc/arm-none-eabi/12.3.1/thumb/v7e-m+dp/hard/crtbegin.o
                [!provide]                        PROVIDE (__fini_array_end = .)
                0x0800b320                        _sidata = LOADADDR (.data)

.rel.dyn        0x0800b320        0x0
 .rel.iplt      0x0800b320        0x0 C:/ST/STM32CubeIDE_1.16.1/STM32CubeIDE/plugins/com.st.stm32cube.ide.mcu.externaltools.gnu-tools-for-stm32.12.3.rel1.win32_1.0.200.202406191623/tools/bin/../lib/gcc/arm-none-eabi/12.3.1/thumb/v7e-m+dp/hard/crtbegin.o

.data           0x24000000       0x60 load address 0x0800b320
                0x24000000                        . = ALIGN (0x4)
                0x24000000                        _sdata = .
 *(.data)
 *(.data*)
 .data.SystemCoreClock
                0x24000000        0x4 ./Drivers/CMSIS/system_stm32h7xx.o
                0x24000000                SystemCoreClock
 .data.SystemD2Clock
                0x24000004        0x4 ./Drivers/CMSIS/system_stm32h7xx.o
                0x24000004                SystemD2Clock
 .data.uwTickPrio
                0x24000008        0x4 ./Drivers/STM32H7xx_HAL_Driver/stm32h7xx_hal.o
                0x24000008                uwTickPrio
 .data.uwTickFreq
                0x2400000c        0x1 ./Drivers/STM32H7xx_HAL_Driver/stm32h7xx_hal.o
                0x2400000c                uwTickFreq
 *fill*         0x2400000d        0x3 
 .data._impure_ptr
                0x24000010        0x4 C:/ST/STM32CubeIDE_1.16.1/STM32CubeIDE/plugins/com.st.stm32cube.ide.mcu.externaltools.gnu-tools-for-stm32.12.3.rel1.win32_1.0.200.202406191623/tools/bin/../lib/gcc/arm-none-eabi/12.3.1/../../../../arm-none-eabi/lib/thumb/v7e-m+dp/hard\libc_nano.a(libc_a-impure.o)
                0x24000010                _impure_ptr
 .data._impure_data
                0x24000014       0x4c C:/ST/STM32CubeIDE_1.16.1/STM32CubeIDE/plugins/com.st.stm32cube.ide.mcu.externaltools.gnu-tools-for-stm32.12.3.rel1.win32_1.0.200.202406191623/tools/bin/../lib/gcc/arm-none-eabi/12.3.1/../../../../arm-none-eabi/lib/thumb/v7e-m+dp/hard\libc_nano.a(libc_a-impure.o)
                0x24000014                _impure_data
 *(.RamFunc)
 *(.RamFunc*)
                0x24000060                        . = ALIGN (0x4)
                0x24000060                        _edata = .

.igot.plt       0x24000060        0x0 load address 0x0800b380
 .igot.plt      0x24000060        0x0 C:/ST/STM32CubeIDE_1.16.1/STM32CubeIDE/plugins/com.st.stm32cube.ide.mcu.externaltools.gnu-tools-for-stm32.12.3.rel1.win32_1.0.200.202406191623/tools/bin/../lib/gcc/arm-none-eabi/12.3.1/thumb/v7e-m+dp/hard/crtbegin.o

.RxDecripSection
                0x24000060       0x60 load address 0x0800b380
 .RxDecripSection
                0x24000060       0x60 ./Application/User/Core/main.o
                0x24000060                DMARxDscrTab

.TxDecripSection
                0x240000c0       0x60 load address 0x0800b3e0
 .TxDecripSection
                0x240000c0       0x60 ./Application/User/Core/main.o
                0x240000c0                DMATxDscrTab
                0x24000120                        . = ALIGN (0x4)

.bss            0x24000120      0x8c0 load address 0x0800b440
                0x24000120                        _sbss = .
                0x24000120                        __bss_start__ = _sbss
 *(.bss)
 .bss           0x24000120       0x1c C:/ST/STM32CubeIDE_1.16.1/STM32CubeIDE/plugins/com.st.stm32cube.ide.mcu.externaltools.gnu-tools-for-stm32.12.3.rel1.win32_1.0.200.202406191623/tools/bin/../lib/gcc/arm-none-eabi/12.3.1/thumb/v7e-m+dp/hard/crtbegin.o
 *(.bss*)
 .bss.TxConfig  0x2400013c       0x38 ./Application/User/Core/main.o
                0x2400013c                TxConfig
 .bss.heth      0x24000174       0xb0 ./Application/User/Core/main.o
                0x24000174                heth
 .bss.hi2c1     0x24000224       0x54 ./Application/User/Core/main.o
                0x24000224                hi2c1
 .bss.hspi1     0x24000278       0x88 ./Application/User/Core/main.o
                0x24000278                hspi1
 .bss.huart3    0x24000300       0x94 ./Application/User/Core/main.o
                0x24000300                huart3
 .bss.hpcd_USB_OTG_FS
                0x24000394      0x4e4 ./Application/User/Core/main.o
                0x24000394                hpcd_USB_OTG_FS
 .bss.counter   0x24000878        0x4 ./Application/User/Core/main.o
                0x24000878                counter
 .bss.rx_buffer
                0x2400087c        0x9 ./Application/User/Core/main.o
                0x2400087c                rx_buffer
 *fill*         0x24000885        0x3 
 .bss.MACAddr.0
                0x24000888        0x6 ./Application/User/Core/main.o
 *fill*         0x2400088e        0x2 
 .bss.__sbrk_heap_end
                0x24000890        0x4 ./Application/User/Core/sysmem.o
 .bss.uwTick    0x24000894        0x4 ./Drivers/STM32H7xx_HAL_Driver/stm32h7xx_hal.o
                0x24000894                uwTick
 .bss.__sf      0x24000898      0x138 C:/ST/STM32CubeIDE_1.16.1/STM32CubeIDE/plugins/com.st.stm32cube.ide.mcu.externaltools.gnu-tools-for-stm32.12.3.rel1.win32_1.0.200.202406191623/tools/bin/../lib/gcc/arm-none-eabi/12.3.1/../../../../arm-none-eabi/lib/thumb/v7e-m+dp/hard\libc_nano.a(libc_a-findfp.o)
                0x24000898                __sf
 .bss.errno     0x240009d0        0x4 C:/ST/STM32CubeIDE_1.16.1/STM32CubeIDE/plugins/com.st.stm32cube.ide.mcu.externaltools.gnu-tools-for-stm32.12.3.rel1.win32_1.0.200.202406191623/tools/bin/../lib/gcc/arm-none-eabi/12.3.1/../../../../arm-none-eabi/lib/thumb/v7e-m+dp/hard\libc_nano.a(libc_a-reent.o)
                0x240009d0                errno
 .bss.__lock___malloc_recursive_mutex
                0x240009d4        0x1 C:/ST/STM32CubeIDE_1.16.1/STM32CubeIDE/plugins/com.st.stm32cube.ide.mcu.externaltools.gnu-tools-for-stm32.12.3.rel1.win32_1.0.200.202406191623/tools/bin/../lib/gcc/arm-none-eabi/12.3.1/../../../../arm-none-eabi/lib/thumb/v7e-m+dp/hard\libc_nano.a(libc_a-lock.o)
                0x240009d4                __lock___malloc_recursive_mutex
 *fill*         0x240009d5        0x3 
 .bss.__malloc_sbrk_start
                0x240009d8        0x4 C:/ST/STM32CubeIDE_1.16.1/STM32CubeIDE/plugins/com.st.stm32cube.ide.mcu.externaltools.gnu-tools-for-stm32.12.3.rel1.win32_1.0.200.202406191623/tools/bin/../lib/gcc/arm-none-eabi/12.3.1/../../../../arm-none-eabi/lib/thumb/v7e-m+dp/hard\libc_nano.a(libc_a-mallocr.o)
                0x240009d8                __malloc_sbrk_start
 .bss.__malloc_free_list
                0x240009dc        0x4 C:/ST/STM32CubeIDE_1.16.1/STM32CubeIDE/plugins/com.st.stm32cube.ide.mcu.externaltools.gnu-tools-for-stm32.12.3.rel1.win32_1.0.200.202406191623/tools/bin/../lib/gcc/arm-none-eabi/12.3.1/../../../../arm-none-eabi/lib/thumb/v7e-m+dp/hard\libc_nano.a(libc_a-mallocr.o)
                0x240009dc                __malloc_free_list
 *(COMMON)
                0x240009e0                        . = ALIGN (0x4)
                0x240009e0                        _ebss = .
                0x240009e0                        __bss_end__ = _ebss

._user_heap_stack
                0x240009e0      0x600 load address 0x0800b440
                0x240009e0                        . = ALIGN (0x8)
                [!provide]                        PROVIDE (end = .)
                0x240009e0                        PROVIDE (_end = .)
                0x24000be0                        . = (. + _Min_Heap_Size)
 *fill*         0x240009e0      0x200 
                0x24000fe0                        . = (. + _Min_Stack_Size)
 *fill*         0x24000be0      0x400 
                0x24000fe0                        . = ALIGN (0x8)

/DISCARD/
 libc.a(*)
 libm.a(*)
 libgcc.a(*)

.ARM.attributes
                0x00000000       0x2e
 *(.ARM.attributes)
 .ARM.attributes
                0x00000000       0x20 C:/ST/STM32CubeIDE_1.16.1/STM32CubeIDE/plugins/com.st.stm32cube.ide.mcu.externaltools.gnu-tools-for-stm32.12.3.rel1.win32_1.0.200.202406191623/tools/bin/../lib/gcc/arm-none-eabi/12.3.1/thumb/v7e-m+dp/hard/crti.o
 .ARM.attributes
                0x00000020       0x32 C:/ST/STM32CubeIDE_1.16.1/STM32CubeIDE/plugins/com.st.stm32cube.ide.mcu.externaltools.gnu-tools-for-stm32.12.3.rel1.win32_1.0.200.202406191623/tools/bin/../lib/gcc/arm-none-eabi/12.3.1/thumb/v7e-m+dp/hard/crtbegin.o
 .ARM.attributes
                0x00000052       0x32 ./Application/User/Core/main.o
 .ARM.attributes
                0x00000084       0x32 ./Application/User/Core/stm32h7xx_hal_msp.o
 .ARM.attributes
                0x000000b6       0x32 ./Application/User/Core/stm32h7xx_it.o
 .ARM.attributes
                0x000000e8       0x32 ./Application/User/Core/sysmem.o
 .ARM.attributes
                0x0000011a       0x21 ./Application/User/Startup/startup_stm32h753zitx.o
 .ARM.attributes
                0x0000013b       0x32 ./Drivers/CMSIS/system_stm32h7xx.o
 .ARM.attributes
                0x0000016d       0x32 ./Drivers/STM32H7xx_HAL_Driver/stm32h7xx_hal.o
 .ARM.attributes
                0x0000019f       0x32 ./Drivers/STM32H7xx_HAL_Driver/stm32h7xx_hal_cortex.o
 .ARM.attributes
                0x000001d1       0x32 ./Drivers/STM32H7xx_HAL_Driver/stm32h7xx_hal_dma.o
 .ARM.attributes
                0x00000203       0x32 ./Drivers/STM32H7xx_HAL_Driver/stm32h7xx_hal_eth.o
 .ARM.attributes
                0x00000235       0x32 ./Drivers/STM32H7xx_HAL_Driver/stm32h7xx_hal_gpio.o
 .ARM.attributes
                0x00000267       0x32 ./Drivers/STM32H7xx_HAL_Driver/stm32h7xx_hal_i2c.o
 .ARM.attributes
                0x00000299       0x32 ./Drivers/STM32H7xx_HAL_Driver/stm32h7xx_hal_i2c_ex.o
 .ARM.attributes
                0x000002cb       0x32 ./Drivers/STM32H7xx_HAL_Driver/stm32h7xx_hal_pcd.o
 .ARM.attributes
                0x000002fd       0x32 ./Drivers/STM32H7xx_HAL_Driver/stm32h7xx_hal_pcd_ex.o
 .ARM.attributes
                0x0000032f       0x32 ./Drivers/STM32H7xx_HAL_Driver/stm32h7xx_hal_pwr_ex.o
 .ARM.attributes
                0x00000361       0x32 ./Drivers/STM32H7xx_HAL_Driver/stm32h7xx_hal_rcc.o
 .ARM.attributes
                0x00000393       0x32 ./Drivers/STM32H7xx_HAL_Driver/stm32h7xx_hal_rcc_ex.o
 .ARM.attributes
                0x000003c5       0x32 ./Drivers/STM32H7xx_HAL_Driver/stm32h7xx_hal_spi.o
 .ARM.attributes
                0x000003f7       0x32 ./Drivers/STM32H7xx_HAL_Driver/stm32h7xx_hal_uart.o
 .ARM.attributes
                0x00000429       0x32 ./Drivers/STM32H7xx_HAL_Driver/stm32h7xx_hal_uart_ex.o
 .ARM.attributes
                0x0000045b       0x32 ./Drivers/STM32H7xx_HAL_Driver/stm32h7xx_ll_usb.o
 .ARM.attributes
                0x0000048d       0x32 C:/ST/STM32CubeIDE_1.16.1/STM32CubeIDE/plugins/com.st.stm32cube.ide.mcu.externaltools.gnu-tools-for-stm32.12.3.rel1.win32_1.0.200.202406191623/tools/bin/../lib/gcc/arm-none-eabi/12.3.1/../../../../arm-none-eabi/lib/thumb/v7e-m+dp/hard\libc_nano.a(libc_a-findfp.o)
 .ARM.attributes
                0x000004bf       0x32 C:/ST/STM32CubeIDE_1.16.1/STM32CubeIDE/plugins/com.st.stm32cube.ide.mcu.externaltools.gnu-tools-for-stm32.12.3.rel1.win32_1.0.200.202406191623/tools/bin/../lib/gcc/arm-none-eabi/12.3.1/../../../../arm-none-eabi/lib/thumb/v7e-m+dp/hard\libc_nano.a(libc_a-sprintf.o)
 .ARM.attributes
                0x000004f1       0x32 C:/ST/STM32CubeIDE_1.16.1/STM32CubeIDE/plugins/com.st.stm32cube.ide.mcu.externaltools.gnu-tools-for-stm32.12.3.rel1.win32_1.0.200.202406191623/tools/bin/../lib/gcc/arm-none-eabi/12.3.1/../../../../arm-none-eabi/lib/thumb/v7e-m+dp/hard\libc_nano.a(libc_a-memset.o)
 .ARM.attributes
                0x00000523       0x32 C:/ST/STM32CubeIDE_1.16.1/STM32CubeIDE/plugins/com.st.stm32cube.ide.mcu.externaltools.gnu-tools-for-stm32.12.3.rel1.win32_1.0.200.202406191623/tools/bin/../lib/gcc/arm-none-eabi/12.3.1/../../../../arm-none-eabi/lib/thumb/v7e-m+dp/hard\libc_nano.a(libc_a-strncmp.o)
 .ARM.attributes
                0x00000555       0x32 C:/ST/STM32CubeIDE_1.16.1/STM32CubeIDE/plugins/com.st.stm32cube.ide.mcu.externaltools.gnu-tools-for-stm32.12.3.rel1.win32_1.0.200.202406191623/tools/bin/../lib/gcc/arm-none-eabi/12.3.1/../../../../arm-none-eabi/lib/thumb/v7e-m+dp/hard\libc_nano.a(libc_a-reent.o)
 .ARM.attributes
                0x00000587       0x32 C:/ST/STM32CubeIDE_1.16.1/STM32CubeIDE/plugins/com.st.stm32cube.ide.mcu.externaltools.gnu-tools-for-stm32.12.3.rel1.win32_1.0.200.202406191623/tools/bin/../lib/gcc/arm-none-eabi/12.3.1/../../../../arm-none-eabi/lib/thumb/v7e-m+dp/hard\libc_nano.a(libc_a-impure.o)
 .ARM.attributes
                0x000005b9       0x32 C:/ST/STM32CubeIDE_1.16.1/STM32CubeIDE/plugins/com.st.stm32cube.ide.mcu.externaltools.gnu-tools-for-stm32.12.3.rel1.win32_1.0.200.202406191623/tools/bin/../lib/gcc/arm-none-eabi/12.3.1/../../../../arm-none-eabi/lib/thumb/v7e-m+dp/hard\libc_nano.a(libc_a-errno.o)
 .ARM.attributes
                0x000005eb       0x32 C:/ST/STM32CubeIDE_1.16.1/STM32CubeIDE/plugins/com.st.stm32cube.ide.mcu.externaltools.gnu-tools-for-stm32.12.3.rel1.win32_1.0.200.202406191623/tools/bin/../lib/gcc/arm-none-eabi/12.3.1/../../../../arm-none-eabi/lib/thumb/v7e-m+dp/hard\libc_nano.a(libc_a-init.o)
 .ARM.attributes
                0x0000061d       0x32 C:/ST/STM32CubeIDE_1.16.1/STM32CubeIDE/plugins/com.st.stm32cube.ide.mcu.externaltools.gnu-tools-for-stm32.12.3.rel1.win32_1.0.200.202406191623/tools/bin/../lib/gcc/arm-none-eabi/12.3.1/../../../../arm-none-eabi/lib/thumb/v7e-m+dp/hard\libc_nano.a(libc_a-lock.o)
 .ARM.attributes
                0x0000064f       0x1e C:/ST/STM32CubeIDE_1.16.1/STM32CubeIDE/plugins/com.st.stm32cube.ide.mcu.externaltools.gnu-tools-for-stm32.12.3.rel1.win32_1.0.200.202406191623/tools/bin/../lib/gcc/arm-none-eabi/12.3.1/../../../../arm-none-eabi/lib/thumb/v7e-m+dp/hard\libc_nano.a(libc_a-strcmp.o)
 .ARM.attributes
                0x0000066d       0x17 C:/ST/STM32CubeIDE_1.16.1/STM32CubeIDE/plugins/com.st.stm32cube.ide.mcu.externaltools.gnu-tools-for-stm32.12.3.rel1.win32_1.0.200.202406191623/tools/bin/../lib/gcc/arm-none-eabi/12.3.1/../../../../arm-none-eabi/lib/thumb/v7e-m+dp/hard\libc_nano.a(libc_a-strlen.o)
 .ARM.attributes
                0x00000684       0x32 C:/ST/STM32CubeIDE_1.16.1/STM32CubeIDE/plugins/com.st.stm32cube.ide.mcu.externaltools.gnu-tools-for-stm32.12.3.rel1.win32_1.0.200.202406191623/tools/bin/../lib/gcc/arm-none-eabi/12.3.1/../../../../arm-none-eabi/lib/thumb/v7e-m+dp/hard\libc_nano.a(libc_a-freer.o)
 .ARM.attributes
                0x000006b6       0x32 C:/ST/STM32CubeIDE_1.16.1/STM32CubeIDE/plugins/com.st.stm32cube.ide.mcu.externaltools.gnu-tools-for-stm32.12.3.rel1.win32_1.0.200.202406191623/tools/bin/../lib/gcc/arm-none-eabi/12.3.1/../../../../arm-none-eabi/lib/thumb/v7e-m+dp/hard\libc_nano.a(libc_a-mallocr.o)
 .ARM.attributes
                0x000006e8       0x32 C:/ST/STM32CubeIDE_1.16.1/STM32CubeIDE/plugins/com.st.stm32cube.ide.mcu.externaltools.gnu-tools-for-stm32.12.3.rel1.win32_1.0.200.202406191623/tools/bin/../lib/gcc/arm-none-eabi/12.3.1/../../../../arm-none-eabi/lib/thumb/v7e-m+dp/hard\libc_nano.a(libc_a-mlock.o)
 .ARM.attributes
                0x0000071a       0x32 C:/ST/STM32CubeIDE_1.16.1/STM32CubeIDE/plugins/com.st.stm32cube.ide.mcu.externaltools.gnu-tools-for-stm32.12.3.rel1.win32_1.0.200.202406191623/tools/bin/../lib/gcc/arm-none-eabi/12.3.1/../../../../arm-none-eabi/lib/thumb/v7e-m+dp/hard\libc_nano.a(libc_a-nano-svfprintf.o)
 .ARM.attributes
                0x0000074c       0x32 C:/ST/STM32CubeIDE_1.16.1/STM32CubeIDE/plugins/com.st.stm32cube.ide.mcu.externaltools.gnu-tools-for-stm32.12.3.rel1.win32_1.0.200.202406191623/tools/bin/../lib/gcc/arm-none-eabi/12.3.1/../../../../arm-none-eabi/lib/thumb/v7e-m+dp/hard\libc_nano.a(libc_a-nano-vfprintf_i.o)
 .ARM.attributes
                0x0000077e       0x32 C:/ST/STM32CubeIDE_1.16.1/STM32CubeIDE/plugins/com.st.stm32cube.ide.mcu.externaltools.gnu-tools-for-stm32.12.3.rel1.win32_1.0.200.202406191623/tools/bin/../lib/gcc/arm-none-eabi/12.3.1/../../../../arm-none-eabi/lib/thumb/v7e-m+dp/hard\libc_nano.a(libc_a-memmove.o)
 .ARM.attributes
                0x000007b0       0x32 C:/ST/STM32CubeIDE_1.16.1/STM32CubeIDE/plugins/com.st.stm32cube.ide.mcu.externaltools.gnu-tools-for-stm32.12.3.rel1.win32_1.0.200.202406191623/tools/bin/../lib/gcc/arm-none-eabi/12.3.1/../../../../arm-none-eabi/lib/thumb/v7e-m+dp/hard\libc_nano.a(libc_a-sbrkr.o)
 .ARM.attributes
                0x000007e2       0x1c C:/ST/STM32CubeIDE_1.16.1/STM32CubeIDE/plugins/com.st.stm32cube.ide.mcu.externaltools.gnu-tools-for-stm32.12.3.rel1.win32_1.0.200.202406191623/tools/bin/../lib/gcc/arm-none-eabi/12.3.1/../../../../arm-none-eabi/lib/thumb/v7e-m+dp/hard\libc_nano.a(libc_a-memchr.o)
 .ARM.attributes
                0x000007fe       0x32 C:/ST/STM32CubeIDE_1.16.1/STM32CubeIDE/plugins/com.st.stm32cube.ide.mcu.externaltools.gnu-tools-for-stm32.12.3.rel1.win32_1.0.200.202406191623/tools/bin/../lib/gcc/arm-none-eabi/12.3.1/../../../../arm-none-eabi/lib/thumb/v7e-m+dp/hard\libc_nano.a(libc_a-memcpy-stub.o)
 .ARM.attributes
                0x00000830       0x32 C:/ST/STM32CubeIDE_1.16.1/STM32CubeIDE/plugins/com.st.stm32cube.ide.mcu.externaltools.gnu-tools-for-stm32.12.3.rel1.win32_1.0.200.202406191623/tools/bin/../lib/gcc/arm-none-eabi/12.3.1/../../../../arm-none-eabi/lib/thumb/v7e-m+dp/hard\libc_nano.a(libc_a-reallocr.o)
 .ARM.attributes
                0x00000862       0x32 C:/ST/STM32CubeIDE_1.16.1/STM32CubeIDE/plugins/com.st.stm32cube.ide.mcu.externaltools.gnu-tools-for-stm32.12.3.rel1.win32_1.0.200.202406191623/tools/bin/../lib/gcc/arm-none-eabi/12.3.1/../../../../arm-none-eabi/lib/thumb/v7e-m+dp/hard\libc_nano.a(libc_a-msizer.o)
 .ARM.attributes
                0x00000894       0x20 C:/ST/STM32CubeIDE_1.16.1/STM32CubeIDE/plugins/com.st.stm32cube.ide.mcu.externaltools.gnu-tools-for-stm32.12.3.rel1.win32_1.0.200.202406191623/tools/bin/../lib/gcc/arm-none-eabi/12.3.1/thumb/v7e-m+dp/hard\libgcc.a(_aeabi_uldivmod.o)
 .ARM.attributes
                0x000008b4       0x32 C:/ST/STM32CubeIDE_1.16.1/STM32CubeIDE/plugins/com.st.stm32cube.ide.mcu.externaltools.gnu-tools-for-stm32.12.3.rel1.win32_1.0.200.202406191623/tools/bin/../lib/gcc/arm-none-eabi/12.3.1/thumb/v7e-m+dp/hard\libgcc.a(_udivmoddi4.o)
 .ARM.attributes
                0x000008e6       0x20 C:/ST/STM32CubeIDE_1.16.1/STM32CubeIDE/plugins/com.st.stm32cube.ide.mcu.externaltools.gnu-tools-for-stm32.12.3.rel1.win32_1.0.200.202406191623/tools/bin/../lib/gcc/arm-none-eabi/12.3.1/thumb/v7e-m+dp/hard\libgcc.a(_dvmd_tls.o)
 .ARM.attributes
                0x00000906       0x20 C:/ST/STM32CubeIDE_1.16.1/STM32CubeIDE/plugins/com.st.stm32cube.ide.mcu.externaltools.gnu-tools-for-stm32.12.3.rel1.win32_1.0.200.202406191623/tools/bin/../lib/gcc/arm-none-eabi/12.3.1/thumb/v7e-m+dp/hard/crtn.o
OUTPUT(FirstUart.elf elf32-littlearm)
LOAD linker stubs
LOAD C:/ST/STM32CubeIDE_1.16.1/STM32CubeIDE/plugins/com.st.stm32cube.ide.mcu.externaltools.gnu-tools-for-stm32.12.3.rel1.win32_1.0.200.202406191623/tools/bin/../lib/gcc/arm-none-eabi/12.3.1/../../../../arm-none-eabi/lib/thumb/v7e-m+dp/hard\libc.a
LOAD C:/ST/STM32CubeIDE_1.16.1/STM32CubeIDE/plugins/com.st.stm32cube.ide.mcu.externaltools.gnu-tools-for-stm32.12.3.rel1.win32_1.0.200.202406191623/tools/bin/../lib/gcc/arm-none-eabi/12.3.1/../../../../arm-none-eabi/lib/thumb/v7e-m+dp/hard\libm.a
LOAD C:/ST/STM32CubeIDE_1.16.1/STM32CubeIDE/plugins/com.st.stm32cube.ide.mcu.externaltools.gnu-tools-for-stm32.12.3.rel1.win32_1.0.200.202406191623/tools/bin/../lib/gcc/arm-none-eabi/12.3.1/thumb/v7e-m+dp/hard\libgcc.a

.debug_info     0x00000000    0x1f01d
 .debug_info    0x00000000     0x3811 ./Application/User/Core/main.o
 .debug_info    0x00003811     0x30bd ./Application/User/Core/stm32h7xx_hal_msp.o
 .debug_info    0x000068ce      0x851 ./Application/User/Core/stm32h7xx_it.o
 .debug_info    0x0000711f      0x168 ./Application/User/Core/sysmem.o
 .debug_info    0x00007287       0x30 ./Application/User/Startup/startup_stm32h753zitx.o
 .debug_info    0x000072b7      0xcef ./Drivers/CMSIS/system_stm32h7xx.o
 .debug_info    0x00007fa6     0x1541 ./Drivers/STM32H7xx_HAL_Driver/stm32h7xx_hal.o
 .debug_info    0x000094e7     0x10b2 ./Drivers/STM32H7xx_HAL_Driver/stm32h7xx_hal_cortex.o
 .debug_info    0x0000a599      0xc27 ./Drivers/STM32H7xx_HAL_Driver/stm32h7xx_hal_dma.o
 .debug_info    0x0000b1c0     0x2a30 ./Drivers/STM32H7xx_HAL_Driver/stm32h7xx_hal_eth.o
 .debug_info    0x0000dbf0      0xc4b ./Drivers/STM32H7xx_HAL_Driver/stm32h7xx_hal_gpio.o
 .debug_info    0x0000e83b     0x22a1 ./Drivers/STM32H7xx_HAL_Driver/stm32h7xx_hal_i2c.o
 .debug_info    0x00010adc      0xd84 ./Drivers/STM32H7xx_HAL_Driver/stm32h7xx_hal_i2c_ex.o
 .debug_info    0x00011860     0x1561 ./Drivers/STM32H7xx_HAL_Driver/stm32h7xx_hal_pcd.o
 .debug_info    0x00012dc1      0x8b3 ./Drivers/STM32H7xx_HAL_Driver/stm32h7xx_hal_pcd_ex.o
 .debug_info    0x00013674     0x1008 ./Drivers/STM32H7xx_HAL_Driver/stm32h7xx_hal_pwr_ex.o
 .debug_info    0x0001467c      0xe5b ./Drivers/STM32H7xx_HAL_Driver/stm32h7xx_hal_rcc.o
 .debug_info    0x000154d7     0x1216 ./Drivers/STM32H7xx_HAL_Driver/stm32h7xx_hal_rcc_ex.o
 .debug_info    0x000166ed     0x1440 ./Drivers/STM32H7xx_HAL_Driver/stm32h7xx_hal_spi.o
 .debug_info    0x00017b2d     0x4b13 ./Drivers/STM32H7xx_HAL_Driver/stm32h7xx_hal_uart.o
 .debug_info    0x0001c640      0xfbf ./Drivers/STM32H7xx_HAL_Driver/stm32h7xx_hal_uart_ex.o
 .debug_info    0x0001d5ff     0x1a1e ./Drivers/STM32H7xx_HAL_Driver/stm32h7xx_ll_usb.o

.debug_abbrev   0x00000000     0x3436
 .debug_abbrev  0x00000000      0x3cf ./Application/User/Core/main.o
 .debug_abbrev  0x000003cf      0x2a0 ./Application/User/Core/stm32h7xx_hal_msp.o
 .debug_abbrev  0x0000066f      0x171 ./Application/User/Core/stm32h7xx_it.o
 .debug_abbrev  0x000007e0       0xbc ./Application/User/Core/sysmem.o
 .debug_abbrev  0x0000089c       0x24 ./Application/User/Startup/startup_stm32h753zitx.o
 .debug_abbrev  0x000008c0      0x14c ./Drivers/CMSIS/system_stm32h7xx.o
 .debug_abbrev  0x00000a0c      0x295 ./Drivers/STM32H7xx_HAL_Driver/stm32h7xx_hal.o
 .debug_abbrev  0x00000ca1      0x339 ./Drivers/STM32H7xx_HAL_Driver/stm32h7xx_hal_cortex.o
 .debug_abbrev  0x00000fda      0x248 ./Drivers/STM32H7xx_HAL_Driver/stm32h7xx_hal_dma.o
 .debug_abbrev  0x00001222      0x347 ./Drivers/STM32H7xx_HAL_Driver/stm32h7xx_hal_eth.o
 .debug_abbrev  0x00001569      0x1fe ./Drivers/STM32H7xx_HAL_Driver/stm32h7xx_hal_gpio.o
 .debug_abbrev  0x00001767      0x25d ./Drivers/STM32H7xx_HAL_Driver/stm32h7xx_hal_i2c.o
 .debug_abbrev  0x000019c4      0x1f5 ./Drivers/STM32H7xx_HAL_Driver/stm32h7xx_hal_i2c_ex.o
 .debug_abbrev  0x00001bb9      0x2dc ./Drivers/STM32H7xx_HAL_Driver/stm32h7xx_hal_pcd.o
 .debug_abbrev  0x00001e95      0x256 ./Drivers/STM32H7xx_HAL_Driver/stm32h7xx_hal_pcd_ex.o
 .debug_abbrev  0x000020eb      0x2a7 ./Drivers/STM32H7xx_HAL_Driver/stm32h7xx_hal_pwr_ex.o
 .debug_abbrev  0x00002392      0x2c8 ./Drivers/STM32H7xx_HAL_Driver/stm32h7xx_hal_rcc.o
 .debug_abbrev  0x0000265a      0x269 ./Drivers/STM32H7xx_HAL_Driver/stm32h7xx_hal_rcc_ex.o
 .debug_abbrev  0x000028c3      0x2b1 ./Drivers/STM32H7xx_HAL_Driver/stm32h7xx_hal_spi.o
 .debug_abbrev  0x00002b74      0x33d ./Drivers/STM32H7xx_HAL_Driver/stm32h7xx_hal_uart.o
 .debug_abbrev  0x00002eb1      0x2d2 ./Drivers/STM32H7xx_HAL_Driver/stm32h7xx_hal_uart_ex.o
 .debug_abbrev  0x00003183      0x2b3 ./Drivers/STM32H7xx_HAL_Driver/stm32h7xx_ll_usb.o

.debug_aranges  0x00000000     0x1518
 .debug_aranges
                0x00000000       0x98 ./Application/User/Core/main.o
 .debug_aranges
                0x00000098       0x70 ./Application/User/Core/stm32h7xx_hal_msp.o
 .debug_aranges
                0x00000108       0x70 ./Application/User/Core/stm32h7xx_it.o
 .debug_aranges
                0x00000178       0x20 ./Application/User/Core/sysmem.o
 .debug_aranges
                0x00000198       0x28 ./Application/User/Startup/startup_stm32h753zitx.o
 .debug_aranges
                0x000001c0       0x28 ./Drivers/CMSIS/system_stm32h7xx.o
 .debug_aranges
                0x000001e8      0x198 ./Drivers/STM32H7xx_HAL_Driver/stm32h7xx_hal.o
 .debug_aranges
                0x00000380      0x130 ./Drivers/STM32H7xx_HAL_Driver/stm32h7xx_hal_cortex.o
 .debug_aranges
                0x000004b0       0xa0 ./Drivers/STM32H7xx_HAL_Driver/stm32h7xx_hal_dma.o
 .debug_aranges
                0x00000550      0x1d8 ./Drivers/STM32H7xx_HAL_Driver/stm32h7xx_hal_eth.o
 .debug_aranges
                0x00000728       0x58 ./Drivers/STM32H7xx_HAL_Driver/stm32h7xx_hal_gpio.o
 .debug_aranges
                0x00000780      0x2a0 ./Drivers/STM32H7xx_HAL_Driver/stm32h7xx_hal_i2c.o
 .debug_aranges
                0x00000a20       0x48 ./Drivers/STM32H7xx_HAL_Driver/stm32h7xx_hal_i2c_ex.o
 .debug_aranges
                0x00000a68      0x140 ./Drivers/STM32H7xx_HAL_Driver/stm32h7xx_hal_pcd.o
 .debug_aranges
                0x00000ba8       0x60 ./Drivers/STM32H7xx_HAL_Driver/stm32h7xx_hal_pcd_ex.o
 .debug_aranges
                0x00000c08      0x158 ./Drivers/STM32H7xx_HAL_Driver/stm32h7xx_hal_pwr_ex.o
 .debug_aranges
                0x00000d60       0x88 ./Drivers/STM32H7xx_HAL_Driver/stm32h7xx_hal_rcc.o
 .debug_aranges
                0x00000de8       0xf8 ./Drivers/STM32H7xx_HAL_Driver/stm32h7xx_hal_rcc_ex.o
 .debug_aranges
                0x00000ee0      0x1a8 ./Drivers/STM32H7xx_HAL_Driver/stm32h7xx_hal_spi.o
 .debug_aranges
                0x00001088      0x248 ./Drivers/STM32H7xx_HAL_Driver/stm32h7xx_hal_uart.o
 .debug_aranges
                0x000012d0       0xa8 ./Drivers/STM32H7xx_HAL_Driver/stm32h7xx_hal_uart_ex.o
 .debug_aranges
                0x00001378      0x1a0 ./Drivers/STM32H7xx_HAL_Driver/stm32h7xx_ll_usb.o

.debug_rnglists
                0x00000000     0x1072
 .debug_rnglists
                0x00000000       0x74 ./Application/User/Core/main.o
 .debug_rnglists
                0x00000074       0x55 ./Application/User/Core/stm32h7xx_hal_msp.o
 .debug_rnglists
                0x000000c9       0x4f ./Application/User/Core/stm32h7xx_it.o
 .debug_rnglists
                0x00000118       0x13 ./Application/User/Core/sysmem.o
 .debug_rnglists
                0x0000012b       0x19 ./Application/User/Startup/startup_stm32h753zitx.o
 .debug_rnglists
                0x00000144       0x1b ./Drivers/CMSIS/system_stm32h7xx.o
 .debug_rnglists
                0x0000015f      0x131 ./Drivers/STM32H7xx_HAL_Driver/stm32h7xx_hal.o
 .debug_rnglists
                0x00000290       0xe0 ./Drivers/STM32H7xx_HAL_Driver/stm32h7xx_hal_cortex.o
 .debug_rnglists
                0x00000370       0x82 ./Drivers/STM32H7xx_HAL_Driver/stm32h7xx_hal_dma.o
 .debug_rnglists
                0x000003f2      0x176 ./Drivers/STM32H7xx_HAL_Driver/stm32h7xx_hal_eth.o
 .debug_rnglists
                0x00000568       0x3f ./Drivers/STM32H7xx_HAL_Driver/stm32h7xx_hal_gpio.o
 .debug_rnglists
                0x000005a7      0x22a ./Drivers/STM32H7xx_HAL_Driver/stm32h7xx_hal_i2c.o
 .debug_rnglists
                0x000007d1       0x35 ./Drivers/STM32H7xx_HAL_Driver/stm32h7xx_hal_i2c_ex.o
 .debug_rnglists
                0x00000806       0xf4 ./Drivers/STM32H7xx_HAL_Driver/stm32h7xx_hal_pcd.o
 .debug_rnglists
                0x000008fa       0x45 ./Drivers/STM32H7xx_HAL_Driver/stm32h7xx_hal_pcd_ex.o
 .debug_rnglists
                0x0000093f      0x103 ./Drivers/STM32H7xx_HAL_Driver/stm32h7xx_hal_pwr_ex.o
 .debug_rnglists
                0x00000a42       0x68 ./Drivers/STM32H7xx_HAL_Driver/stm32h7xx_hal_rcc.o
 .debug_rnglists
                0x00000aaa       0xc0 ./Drivers/STM32H7xx_HAL_Driver/stm32h7xx_hal_rcc_ex.o
 .debug_rnglists
                0x00000b6a      0x148 ./Drivers/STM32H7xx_HAL_Driver/stm32h7xx_hal_spi.o
 .debug_rnglists
                0x00000cb2      0x1fa ./Drivers/STM32H7xx_HAL_Driver/stm32h7xx_hal_uart.o
 .debug_rnglists
                0x00000eac       0x7f ./Drivers/STM32H7xx_HAL_Driver/stm32h7xx_hal_uart_ex.o
 .debug_rnglists
                0x00000f2b      0x147 ./Drivers/STM32H7xx_HAL_Driver/stm32h7xx_ll_usb.o

.debug_macro    0x00000000    0x3918c
 .debug_macro   0x00000000      0x354 ./Application/User/Core/main.o
 .debug_macro   0x00000354      0xacc ./Application/User/Core/main.o
 .debug_macro   0x00000e20      0x244 ./Application/User/Core/main.o
 .debug_macro   0x00001064       0x2e ./Application/User/Core/main.o
 .debug_macro   0x00001092       0x3b ./Application/User/Core/main.o
 .debug_macro   0x000010cd       0x22 ./Application/User/Core/main.o
 .debug_macro   0x000010ef       0x8e ./Application/User/Core/main.o
 .debug_macro   0x0000117d       0x51 ./Application/User/Core/main.o
 .debug_macro   0x000011ce      0x103 ./Application/User/Core/main.o
 .debug_macro   0x000012d1       0x6a ./Application/User/Core/main.o
 .debug_macro   0x0000133b      0x1df ./Application/User/Core/main.o
 .debug_macro   0x0000151a       0x1c ./Application/User/Core/main.o
 .debug_macro   0x00001536       0x22 ./Application/User/Core/main.o
 .debug_macro   0x00001558       0xfb ./Application/User/Core/main.o
 .debug_macro   0x00001653     0x1305 ./Application/User/Core/main.o
 .debug_macro   0x00002958      0x11f ./Application/User/Core/main.o
 .debug_macro   0x00002a77       0x27 ./Application/User/Core/main.o
 .debug_macro   0x00002a9e    0x25f24 ./Application/User/Core/main.o
 .debug_macro   0x000289c2       0x6d ./Application/User/Core/main.o
 .debug_macro   0x00028a2f     0x3d79 ./Application/User/Core/main.o
 .debug_macro   0x0002c7a8      0x189 ./Application/User/Core/main.o
 .debug_macro   0x0002c931       0x61 ./Application/User/Core/main.o
 .debug_macro   0x0002c992       0x29 ./Application/User/Core/main.o
 .debug_macro   0x0002c9bb       0x43 ./Application/User/Core/main.o
 .debug_macro   0x0002c9fe       0x34 ./Application/User/Core/main.o
 .debug_macro   0x0002ca32       0x16 ./Application/User/Core/main.o
 .debug_macro   0x0002ca48       0x43 ./Application/User/Core/main.o
 .debug_macro   0x0002ca8b       0x34 ./Application/User/Core/main.o
 .debug_macro   0x0002cabf       0x10 ./Application/User/Core/main.o
 .debug_macro   0x0002cacf       0x58 ./Application/User/Core/main.o
 .debug_macro   0x0002cb27       0x8e ./Application/User/Core/main.o
 .debug_macro   0x0002cbb5       0x1c ./Application/User/Core/main.o
 .debug_macro   0x0002cbd1      0x177 ./Application/User/Core/main.o
 .debug_macro   0x0002cd48      0x369 ./Application/User/Core/main.o
 .debug_macro   0x0002d0b1      0x19b ./Application/User/Core/main.o
 .debug_macro   0x0002d24c       0x5d ./Application/User/Core/main.o
 .debug_macro   0x0002d2a9     0x240e ./Application/User/Core/main.o
 .debug_macro   0x0002f6b7     0x102c ./Application/User/Core/main.o
 .debug_macro   0x000306e3      0x154 ./Application/User/Core/main.o
 .debug_macro   0x00030837      0x114 ./Application/User/Core/main.o
 .debug_macro   0x0003094b      0x3b6 ./Application/User/Core/main.o
 .debug_macro   0x00030d01       0xac ./Application/User/Core/main.o
 .debug_macro   0x00030dad      0x72d ./Application/User/Core/main.o
 .debug_macro   0x000314da      0x228 ./Application/User/Core/main.o
 .debug_macro   0x00031702       0x66 ./Application/User/Core/main.o
 .debug_macro   0x00031768      0x3bb ./Application/User/Core/main.o
 .debug_macro   0x00031b23      0xa80 ./Application/User/Core/main.o
 .debug_macro   0x000325a3      0x129 ./Application/User/Core/main.o
 .debug_macro   0x000326cc      0x3e4 ./Application/User/Core/main.o
 .debug_macro   0x00032ab0      0x275 ./Application/User/Core/main.o
 .debug_macro   0x00032d25      0x3ca ./Application/User/Core/main.o
 .debug_macro   0x000330ef      0x408 ./Application/User/Core/main.o
 .debug_macro   0x000334f7       0x51 ./Application/User/Core/main.o
 .debug_macro   0x00033548       0x4a ./Application/User/Core/main.o
 .debug_macro   0x00033592      0x22c ./Application/User/Core/main.o
 .debug_macro   0x000337be       0x67 ./Application/User/Core/main.o
 .debug_macro   0x00033825       0xa5 ./Application/User/Core/main.o
 .debug_macro   0x000338ca      0x1c4 ./Application/User/Core/main.o
 .debug_macro   0x00033a8e      0x25e ./Application/User/Core/main.o
 .debug_macro   0x00033cec       0x35 ./Application/User/Core/main.o
 .debug_macro   0x00033d21      0x5e4 ./Application/User/Core/main.o
 .debug_macro   0x00034305       0xc1 ./Application/User/Core/main.o
 .debug_macro   0x000343c6      0x693 ./Application/User/Core/main.o
 .debug_macro   0x00034a59       0xa6 ./Application/User/Core/main.o
 .debug_macro   0x00034aff      0x293 ./Application/User/Core/main.o
 .debug_macro   0x00034d92       0x90 ./Application/User/Core/main.o
 .debug_macro   0x00034e22      0x5a0 ./Application/User/Core/main.o
 .debug_macro   0x000353c2       0x52 ./Application/User/Core/main.o
 .debug_macro   0x00035414       0x16 ./Application/User/Core/main.o
 .debug_macro   0x0003542a       0x35 ./Application/User/Core/main.o
 .debug_macro   0x0003545f       0x20 ./Application/User/Core/main.o
 .debug_macro   0x0003547f      0x2f4 ./Application/User/Core/stm32h7xx_hal_msp.o
 .debug_macro   0x00035773      0x2fe ./Application/User/Core/stm32h7xx_it.o
 .debug_macro   0x00035a71       0xff ./Application/User/Core/sysmem.o
 .debug_macro   0x00035b70      0x23c ./Application/User/Core/sysmem.o
 .debug_macro   0x00035dac      0x2e5 ./Drivers/CMSIS/system_stm32h7xx.o
 .debug_macro   0x00036091      0x30f ./Drivers/STM32H7xx_HAL_Driver/stm32h7xx_hal.o
 .debug_macro   0x000363a0      0x2e5 ./Drivers/STM32H7xx_HAL_Driver/stm32h7xx_hal_cortex.o
 .debug_macro   0x00036685      0x339 ./Drivers/STM32H7xx_HAL_Driver/stm32h7xx_hal_dma.o
 .debug_macro   0x000369be      0x379 ./Drivers/STM32H7xx_HAL_Driver/stm32h7xx_hal_eth.o
 .debug_macro   0x00036d37      0x2ec ./Drivers/STM32H7xx_HAL_Driver/stm32h7xx_hal_gpio.o
 .debug_macro   0x00037023      0x3b1 ./Drivers/STM32H7xx_HAL_Driver/stm32h7xx_hal_i2c.o
 .debug_macro   0x000373d4      0x2e5 ./Drivers/STM32H7xx_HAL_Driver/stm32h7xx_hal_i2c_ex.o
 .debug_macro   0x000376b9      0x2f1 ./Drivers/STM32H7xx_HAL_Driver/stm32h7xx_hal_pcd.o
 .debug_macro   0x000379aa      0x2e5 ./Drivers/STM32H7xx_HAL_Driver/stm32h7xx_hal_pcd_ex.o
 .debug_macro   0x00037c8f      0x31e ./Drivers/STM32H7xx_HAL_Driver/stm32h7xx_hal_pwr_ex.o
 .debug_macro   0x00037fad      0x309 ./Drivers/STM32H7xx_HAL_Driver/stm32h7xx_hal_rcc.o
 .debug_macro   0x000382b6      0x303 ./Drivers/STM32H7xx_HAL_Driver/stm32h7xx_hal_rcc_ex.o
 .debug_macro   0x000385b9      0x2ed ./Drivers/STM32H7xx_HAL_Driver/stm32h7xx_hal_spi.o
 .debug_macro   0x000388a6      0x310 ./Drivers/STM32H7xx_HAL_Driver/stm32h7xx_hal_uart.o
 .debug_macro   0x00038bb6      0x2f1 ./Drivers/STM32H7xx_HAL_Driver/stm32h7xx_hal_uart_ex.o
 .debug_macro   0x00038ea7      0x2e5 ./Drivers/STM32H7xx_HAL_Driver/stm32h7xx_ll_usb.o

.debug_line     0x00000000    0x1edec
 .debug_line    0x00000000      0xdb5 ./Application/User/Core/main.o
 .debug_line    0x00000db5      0xbce ./Application/User/Core/stm32h7xx_hal_msp.o
 .debug_line    0x00001983      0xa85 ./Application/User/Core/stm32h7xx_it.o
 .debug_line    0x00002408      0x590 ./Application/User/Core/sysmem.o
 .debug_line    0x00002998       0x7a ./Application/User/Startup/startup_stm32h753zitx.o
 .debug_line    0x00002a12      0xb4e ./Drivers/CMSIS/system_stm32h7xx.o
 .debug_line    0x00003560      0xf43 ./Drivers/STM32H7xx_HAL_Driver/stm32h7xx_hal.o
 .debug_line    0x000044a3      0xf72 ./Drivers/STM32H7xx_HAL_Driver/stm32h7xx_hal_cortex.o
 .debug_line    0x00005415     0x28a6 ./Drivers/STM32H7xx_HAL_Driver/stm32h7xx_hal_dma.o
 .debug_line    0x00007cbb     0x1cdc ./Drivers/STM32H7xx_HAL_Driver/stm32h7xx_hal_eth.o
 .debug_line    0x00009997      0xe1b ./Drivers/STM32H7xx_HAL_Driver/stm32h7xx_hal_gpio.o
 .debug_line    0x0000a7b2     0x3faf ./Drivers/STM32H7xx_HAL_Driver/stm32h7xx_hal_i2c.o
 .debug_line    0x0000e761      0xbb0 ./Drivers/STM32H7xx_HAL_Driver/stm32h7xx_hal_i2c_ex.o
 .debug_line    0x0000f311     0x175e ./Drivers/STM32H7xx_HAL_Driver/stm32h7xx_hal_pcd.o
 .debug_line    0x00010a6f      0xba0 ./Drivers/STM32H7xx_HAL_Driver/stm32h7xx_hal_pcd_ex.o
 .debug_line    0x0001160f     0x1066 ./Drivers/STM32H7xx_HAL_Driver/stm32h7xx_hal_pwr_ex.o
 .debug_line    0x00012675     0x1513 ./Drivers/STM32H7xx_HAL_Driver/stm32h7xx_hal_rcc.o
 .debug_line    0x00013b88     0x1e2b ./Drivers/STM32H7xx_HAL_Driver/stm32h7xx_hal_rcc_ex.o
 .debug_line    0x000159b3     0x2463 ./Drivers/STM32H7xx_HAL_Driver/stm32h7xx_hal_spi.o
 .debug_line    0x00017e16     0x3fd1 ./Drivers/STM32H7xx_HAL_Driver/stm32h7xx_hal_uart.o
 .debug_line    0x0001bde7      0xfe1 ./Drivers/STM32H7xx_HAL_Driver/stm32h7xx_hal_uart_ex.o
 .debug_line    0x0001cdc8     0x2024 ./Drivers/STM32H7xx_HAL_Driver/stm32h7xx_ll_usb.o

.debug_str      0x00000000   0x1669a3
 .debug_str     0x00000000   0x15f863 ./Application/User/Core/main.o
                             0x15ff2f (size before relaxing)
 .debug_str     0x0015f863      0x475 ./Application/User/Core/stm32h7xx_hal_msp.o
                             0x15fb93 (size before relaxing)
 .debug_str     0x0015fcd8      0x144 ./Application/User/Core/stm32h7xx_it.o
                             0x15db6d (size before relaxing)
 .debug_str     0x0015fe1c      0x4e9 ./Application/User/Core/sysmem.o
                               0x6124 (size before relaxing)
 .debug_str     0x00160305       0x50 ./Application/User/Startup/startup_stm32h753zitx.o
                                 0x8d (size before relaxing)
 .debug_str     0x00160355      0x357 ./Drivers/CMSIS/system_stm32h7xx.o
                             0x15d8f7 (size before relaxing)
 .debug_str     0x001606ac      0x820 ./Drivers/STM32H7xx_HAL_Driver/stm32h7xx_hal.o
                             0x15e81c (size before relaxing)
 .debug_str     0x00160ecc      0x38b ./Drivers/STM32H7xx_HAL_Driver/stm32h7xx_hal_cortex.o
                             0x15e257 (size before relaxing)
 .debug_str     0x00161257      0x8aa ./Drivers/STM32H7xx_HAL_Driver/stm32h7xx_hal_dma.o
                             0x15e031 (size before relaxing)
 .debug_str     0x00161b01     0x105d ./Drivers/STM32H7xx_HAL_Driver/stm32h7xx_hal_eth.o
                             0x15f17c (size before relaxing)
 .debug_str     0x00162b5e       0xda ./Drivers/STM32H7xx_HAL_Driver/stm32h7xx_hal_gpio.o
                             0x15d8ae (size before relaxing)
 .debug_str     0x00162c38      0xdb4 ./Drivers/STM32H7xx_HAL_Driver/stm32h7xx_hal_i2c.o
                             0x15e946 (size before relaxing)
 .debug_str     0x001639ec       0xdf ./Drivers/STM32H7xx_HAL_Driver/stm32h7xx_hal_i2c_ex.o
                             0x15dcf3 (size before relaxing)
 .debug_str     0x00163acb      0x82c ./Drivers/STM32H7xx_HAL_Driver/stm32h7xx_hal_pcd.o
                             0x15e062 (size before relaxing)
 .debug_str     0x001642f7      0x196 ./Drivers/STM32H7xx_HAL_Driver/stm32h7xx_hal_pcd_ex.o
                             0x15da00 (size before relaxing)
 .debug_str     0x0016448d      0x63f ./Drivers/STM32H7xx_HAL_Driver/stm32h7xx_hal_pwr_ex.o
                             0x15dd6f (size before relaxing)
 .debug_str     0x00164acc      0x241 ./Drivers/STM32H7xx_HAL_Driver/stm32h7xx_hal_rcc.o
                             0x15dc92 (size before relaxing)
 .debug_str     0x00164d0d      0x660 ./Drivers/STM32H7xx_HAL_Driver/stm32h7xx_hal_rcc_ex.o
                             0x15e173 (size before relaxing)
 .debug_str     0x0016536d      0x534 ./Drivers/STM32H7xx_HAL_Driver/stm32h7xx_hal_spi.o
                             0x15dfb6 (size before relaxing)
 .debug_str     0x001658a1      0x9a8 ./Drivers/STM32H7xx_HAL_Driver/stm32h7xx_hal_uart.o
                             0x15e7d3 (size before relaxing)
 .debug_str     0x00166249      0x288 ./Drivers/STM32H7xx_HAL_Driver/stm32h7xx_hal_uart_ex.o
                             0x15dd93 (size before relaxing)
 .debug_str     0x001664d1      0x4d2 ./Drivers/STM32H7xx_HAL_Driver/stm32h7xx_ll_usb.o
                             0x15df5c (size before relaxing)

.comment        0x00000000       0x43
 .comment       0x00000000       0x43 ./Application/User/Core/main.o
                                 0x44 (size before relaxing)
 .comment       0x00000043       0x44 ./Application/User/Core/stm32h7xx_hal_msp.o
 .comment       0x00000043       0x44 ./Application/User/Core/stm32h7xx_it.o
 .comment       0x00000043       0x44 ./Application/User/Core/sysmem.o
 .comment       0x00000043       0x44 ./Drivers/CMSIS/system_stm32h7xx.o
 .comment       0x00000043       0x44 ./Drivers/STM32H7xx_HAL_Driver/stm32h7xx_hal.o
 .comment       0x00000043       0x44 ./Drivers/STM32H7xx_HAL_Driver/stm32h7xx_hal_cortex.o
 .comment       0x00000043       0x44 ./Drivers/STM32H7xx_HAL_Driver/stm32h7xx_hal_dma.o
 .comment       0x00000043       0x44 ./Drivers/STM32H7xx_HAL_Driver/stm32h7xx_hal_eth.o