C:/Users/dougl/Downloads/SPI/SPILedMatrix/Core/Src/main.c:193:5:main	1
C:/Users/dougl/Downloads/SPI/SPILedMatrix/Core/Src/main.c:250:6:SystemClock_Config	4
C:/Users/dougl/Downloads/SPI/SPILedMatrix/Core/Src/main.c:311:13:MX_ETH_Init	2
C:/Users/dougl/Downloads/SPI/SPILedMatrix/Core/Src/main.c:360:13:MX_I2C1_Init	4
C:/Users/dougl/Downloads/SPI/SPILedMatrix/Core/Src/main.c:408:13:MX_SPI1_Init	2
C:/Users/dougl/Downloads/SPI/SPILedMatrix/Core/Src/main.c:456:13:MX_USART3_UART_Init	5
C:/Users/dougl/Downloads/SPI/SPILedMatrix/Core/Src/main.c:504:13:MX_USB_OTG_FS_PCD_Init	2
C:/Users/dougl/Downloads/SPI/SPILedMatrix/Core/Src/main.c:540:13:MX_GPIO_Init	1
C:/Users/dougl/Downloads/SPI/SPILedMatrix/Core/Src/main.c:617:6:HAL_GPIO_EXTI_Callback	2
C:/Users/dougl/Downloads/SPI/SPILedMatrix/Core/Src/main.c:625:6:HAL_UART_RxCpltCallback	7
C:/Users/dougl/Downloads/SPI/SPILedMatrix/Core/Src/main.c:694:6:SendMessage	1
C:/Users/dougl/Downloads/SPI/SPILedMatrix/Core/Src/main.c:704:6:MAX7219_SendData	1
C:/Users/dougl/Downloads/SPI/SPILedMatrix/Core/Src/main.c:713:6:DisplayCharacter	2
C:/Users/dougl/Downloads/SPI/SPILedMatrix/Core/Src/main.c:722:9:PCF8591_ReadAnalog	1
C:/Users/dougl/Downloads/SPI/SPILedMatrix/Core/Src/main.c:737:6:MAX7219_Init	1
C:/Users/dougl/Downloads/SPI/SPILedMatrix/Core/Src/main.c:775:6:Error_Handler	1
