C:/Users/dougl/Downloads/FirstUartProject/FirstUart/Core/Src/main.c:138:5:main	1
C:/Users/dougl/Downloads/FirstUartProject/FirstUart/Core/Src/main.c:195:6:SystemClock_Config	4
C:/Users/dougl/Downloads/FirstUartProject/FirstUart/Core/Src/main.c:256:13:MX_ETH_Init	2
C:/Users/dougl/Downloads/FirstUartProject/FirstUart/Core/Src/main.c:305:13:MX_I2C1_Init	4
C:/Users/dougl/Downloads/FirstUartProject/FirstUart/Core/Src/main.c:353:13:MX_SPI1_Init	2
C:/Users/dougl/Downloads/FirstUartProject/FirstUart/Core/Src/main.c:401:13:MX_USART3_UART_Init	5
C:/Users/dougl/Downloads/FirstUartProject/FirstUart/Core/Src/main.c:449:13:MX_USB_OTG_FS_PCD_Init	2
C:/Users/dougl/Downloads/FirstUartProject/FirstUart/Core/Src/main.c:485:13:MX_GPIO_Init	1
C:/Users/dougl/Downloads/FirstUartProject/FirstUart/Core/Src/main.c:562:6:HAL_GPIO_EXTI_Callback	2
C:/Users/dougl/Downloads/FirstUartProject/FirstUart/Core/Src/main.c:570:6:HAL_UART_RxCpltCallback	7
C:/Users/dougl/Downloads/FirstUartProject/FirstUart/Core/Src/main.c:635:6:SendMessage	1
C:/Users/dougl/Downloads/FirstUartProject/FirstUart/Core/Src/main.c:645:6:MAX7219_SendData	1
C:/Users/dougl/Downloads/FirstUartProject/FirstUart/Core/Src/main.c:654:6:DisplayCharacter	2
C:/Users/dougl/Downloads/FirstUartProject/FirstUart/Core/Src/main.c:663:9:PCF8591_ReadAnalog	1
C:/Users/dougl/Downloads/FirstUartProject/FirstUart/Core/Src/main.c:684:6:Error_Handler	1
