C:/Users/dougl/Downloads/SPI/SPILedMatrix/Core/Src/main.c:205:5:main	16	static
C:/Users/dougl/Downloads/SPI/SPILedMatrix/Core/Src/main.c:277:6:SystemClock_Config	120	static
C:/Users/dougl/Downloads/SPI/SPILedMatrix/Core/Src/main.c:339:13:MX_ETH_Init	8	static
C:/Users/dougl/Downloads/SPI/SPILedMatrix/Core/Src/main.c:388:13:MX_I2C1_Init	8	static
C:/Users/dougl/Downloads/SPI/SPILedMatrix/Core/Src/main.c:436:13:MX_SPI1_Init	8	static
C:/Users/dougl/Downloads/SPI/SPILedMatrix/Core/Src/main.c:485:13:MX_USART3_UART_Init	8	static
C:/Users/dougl/Downloads/SPI/SPILedMatrix/Core/Src/main.c:534:13:MX_USB_OTG_FS_PCD_Init	8	static
C:/Users/dougl/Downloads/SPI/SPILedMatrix/Core/Src/main.c:570:13:MX_GPIO_Init	56	static
C:/Users/dougl/Downloads/SPI/SPILedMatrix/Core/Src/main.c:647:6:HAL_GPIO_EXTI_Callback	16	static
C:/Users/dougl/Downloads/SPI/SPILedMatrix/Core/Src/main.c:655:6:HAL_UART_RxCpltCallback	24	static
C:/Users/dougl/Downloads/SPI/SPILedMatrix/Core/Src/main.c:701:6:SendMessage	32	static
C:/Users/dougl/Downloads/SPI/SPILedMatrix/Core/Src/main.c:710:6:MAX7219_SendData	24	static
C:/Users/dougl/Downloads/SPI/SPILedMatrix/Core/Src/main.c:719:6:DisplayCharacter	24	static
C:/Users/dougl/Downloads/SPI/SPILedMatrix/Core/Src/main.c:728:6:DisplayEspecialCharacter	24	static
C:/Users/dougl/Downloads/SPI/SPILedMatrix/Core/Src/main.c:737:6:DisplaySync	16	static
C:/Users/dougl/Downloads/SPI/SPILedMatrix/Core/Src/main.c:755:9:PCF8591_ReadAnalog	32	static
C:/Users/dougl/Downloads/SPI/SPILedMatrix/Core/Src/main.c:770:6:MAX7219_Init	8	static
C:/Users/dougl/Downloads/SPI/SPILedMatrix/Core/Src/main.c:789:6:Error_Handler	4	static,ignoring_inline_asm
